{"captured_env": {"ALLOW_NETWORK": "0", "APP_ENV": "dev", "LANG": "C", "LC_ALL": "C", "SAFE_MODE": "1", "TZ": "UTC"}, "check_id": "step-0b-doc-delta", "check_name": "Step-0B Doc Delta Capture", "claimed_tokens": [], "command": "python audit/qa/hde-epic032/00_meta/live_qa_harness.py step-0b-doc-delta", "command_provenance": "Copy/paste from plan", "evidence_artifacts": ["audit/qa/hde-epic032/checks/step-0b-doc-delta/primary.log", "audit/qa/hde-epic032/checks/step-0b-doc-delta/primary.log.path_proof.txt", "audit/qa/hde-epic032/checks/step-0b-doc-delta/result.json"], "exit_code": 0, "fail_status": "", "intended_tokens": [], "pf_refs": ["PF10 - HDE-Build Notes", "PF19 - Glow QA Guide", "PF27 - Canon Plan Templates"], "schema_version": "pf27.step_log_header.v1", "status": "PASS", "timestamp_utc": "2026-05-21T13:28:49Z"}
{
  "blockers_heading_present": true,
  "capture_exists": true,
  "capture_path": "audit/qa/hde-epic032/00_meta/doc_deltas.md",
  "caveats_heading_present": true,
  "check_id": "step-0b-doc-delta",
  "checked_at_utc": "2026-05-21T13:28:49Z",
  "draft_exists": true,
  "draft_path": "audit/docdeltas/hde-epic032_doc_deltas.md",
  "rails": {
    "ALLOW_NETWORK": "0",
    "APP_ENV": "dev",
    "LANG": "C",
    "LC_ALL": "C",
    "SAFE_MODE": "1",
    "TZ": "UTC"
  },
  "schema": "hde_epic032.step_0b_doc_delta.v1",
  "status": "PASS"
}
