generated_at_utc=2026-06-18T23:15:01Z
scope=HDE-EPIC034 PR-04 boundary check for W-001 / HDE-FERM007.4
rails=ALLOW_NETWORK=0 LANG=C LC_ALL=C SAFE_MODE=1 TZ=UTC
network_posture=closed-rails-source-cache; no live vendor calls
boundary_proof_generated_under_closed_rails=true
conservative_positive_boundary_contract_applied=true
unknown_current_categories_fail_closed=true
actual_repo_loci_were_discovered_before_classification=true
hard_coded_path_lists_were_not_used_as_proof=true
public_route_drift_did_not_disable_itself=true
presenter_provenance_was_checked=true
external_io_posture_was_checked=true
guard_provenance_was_checked_per_relevant_path=true
no_unsupported_scope_claim_was_emitted=true
evidence_index_and_path_proof_posture=validated_by_update_evidence_index_and_validate_evidence_paths_not_generator
[closed_rails_generation] status=PASS
[conservative_positive_boundary_contract_applied] status=PASS
[unknown_current_categories_fail_closed] status=PASS
[actual_repo_loci_discovered_before_classification] status=PASS
[hard_coded_path_lists_were_not_used_as_proof] status=PASS
[public_route_drift_did_not_disable_itself] status=PASS
[presenter_emitter_posture_inspected] status=PASS
[presenter_provenance_checked] status=PASS
[external_io_posture_checked] status=PASS
[guard_provenance_checked_per_relevant_path] status=PASS
[no_live_vendor_call_attempted] status=PASS
[adapter_http_home_posture_inspected] status=PASS
[vendor_seam_posture_inspected] status=PASS
[no_second_http_home_check_passed] status=PASS
[no_adapter_bypass_check_passed] status=PASS
[no_presenter_bypass_check_passed] status=PASS
[no_ad_hoc_serialization_check_passed] status=PASS
[no_pure_compute_external_io_check_passed] status=PASS
[pr01_pr02_pr03_pr04_evidence_family_binding_checked] status=PASS
[evidence_index_and_path_proof_posture_checked] status=PASS
[no_unsupported_scope_claim_emitted] status=PASS
status=PASS
