{"schema_version": "pf27.step_log_header.v1", "timestamp_utc": "2026-07-08T18:23:51Z", "check_id": "qa-13-qa-rca-doc-delta-summary", "check_name": "QA RCA and Doc Delta summary", "status": "PASS", "fail_status": "", "command": "preflight planned primary logs and doc-delta surfaces; generate QA RCA and Doc Delta summary from primary.log headers", "command_provenance": "Approved Plan and live repo validation", "exit_code": 0, "evidence_artifacts": ["audit/qa/hde-epic037/checks/qa-13-qa-rca-doc-delta-summary/primary.log", "audit/qa/hde-epic037/checks/qa-13-qa-rca-doc-delta-summary/stdout.log", "audit/qa/hde-epic037/checks/qa-13-qa-rca-doc-delta-summary/stderr.log", "audit/qa/hde-epic037/checks/qa-13-qa-rca-doc-delta-summary/exit_code.txt", "audit/qa/hde-epic037/checks/qa-13-qa-rca-doc-delta-summary/summary_exit_code.txt", "audit/qa/hde-epic037/00_meta/qa_rca_doc_delta_summary.md"], "captured_env": {"SAFE_MODE": "1", "ALLOW_NETWORK": "0", "APP_ENV": "dev", "LC_ALL": "C", "LANG": "C", "TZ": "UTC"}, "pf_refs": ["PF10 — HDE-Build Notes", "PF19 — Glow QA Guide", "PF05 — HDE CLI/API Vendor Reference", "PF02 — HDE Architecture"], "intended_tokens": [], "claimed_tokens": []}

## stdout.log
missing_primary_logs=
missing_doc_delta_surfaces=
audit/qa/hde-epic037/00_meta/qa_rca_doc_delta_summary.md

## stderr.log

## qa_rca_doc_delta_summary.md
# HDE-EPIC037 QA RCA and Doc Delta Summary

Live QA found:
- qa-00-runbook-preflight-and-discovery: PASS; evidence: audit/qa/hde-epic037/checks/qa-00-runbook-preflight-and-discovery/primary.log
- qa-00b-doc-delta-capture: PASS; evidence: audit/qa/hde-epic037/checks/qa-00b-doc-delta-capture/primary.log
- po-001: PASS; evidence: audit/qa/hde-epic037/checks/po-001/primary.log
- po-002: FAIL_BEHAVIOR; evidence: audit/qa/hde-epic037/checks/po-002/primary.log
- po-003: PASS; evidence: audit/qa/hde-epic037/checks/po-003/primary.log
- po-004: PASS; evidence: audit/qa/hde-epic037/checks/po-004/primary.log
- po-005: PASS; evidence: audit/qa/hde-epic037/checks/po-005/primary.log
- po-006: PASS; evidence: audit/qa/hde-epic037/checks/po-006/primary.log
- po-007: PASS; evidence: audit/qa/hde-epic037/checks/po-007/primary.log
- po-008: FAIL_BEHAVIOR; evidence: audit/qa/hde-epic037/checks/po-008/primary.log
- po-009: PASS; evidence: audit/qa/hde-epic037/checks/po-009/primary.log
- po-010: PASS; evidence: audit/qa/hde-epic037/checks/po-010/primary.log
- po-011: PASS; evidence: audit/qa/hde-epic037/checks/po-011/primary.log
- po-012: PASS; evidence: audit/qa/hde-epic037/checks/po-012/primary.log

Coverage vs QA Plan:
- qa-00-runbook-preflight-and-discovery: COVERED; status: PASS; evidence: audit/qa/hde-epic037/checks/qa-00-runbook-preflight-and-discovery/primary.log
- qa-00b-doc-delta-capture: COVERED; status: PASS; evidence: audit/qa/hde-epic037/checks/qa-00b-doc-delta-capture/primary.log
- po-001: COVERED; status: PASS; evidence: audit/qa/hde-epic037/checks/po-001/primary.log
- po-002: COVERED; status: FAIL_BEHAVIOR; evidence: audit/qa/hde-epic037/checks/po-002/primary.log
- po-003: COVERED; status: PASS; evidence: audit/qa/hde-epic037/checks/po-003/primary.log
- po-004: COVERED; status: PASS; evidence: audit/qa/hde-epic037/checks/po-004/primary.log
- po-005: COVERED; status: PASS; evidence: audit/qa/hde-epic037/checks/po-005/primary.log
- po-006: COVERED; status: PASS; evidence: audit/qa/hde-epic037/checks/po-006/primary.log
- po-007: COVERED; status: PASS; evidence: audit/qa/hde-epic037/checks/po-007/primary.log
- po-008: COVERED; status: FAIL_BEHAVIOR; evidence: audit/qa/hde-epic037/checks/po-008/primary.log
- po-009: COVERED; status: PASS; evidence: audit/qa/hde-epic037/checks/po-009/primary.log
- po-010: COVERED; status: PASS; evidence: audit/qa/hde-epic037/checks/po-010/primary.log
- po-011: COVERED; status: PASS; evidence: audit/qa/hde-epic037/checks/po-011/primary.log
- po-012: COVERED; status: PASS; evidence: audit/qa/hde-epic037/checks/po-012/primary.log
- qa-13-qa-rca-doc-delta-summary: COVERED BY CURRENT CHECK WHEN primary.log is assembled for this closeout step; evidence: audit/qa/hde-epic037/checks/qa-13-qa-rca-doc-delta-summary/primary.log

Doc Delta summary:
- Doc delta surfaces contain BLOCKERS or CAVEATS; use the Step-0B surfaces as the source records for PF title drain targets.
- Step-0B draft/staging surface: audit/docdeltas/hde-epic037_doc_deltas.md
- Step-0B epic-scoped capture surface: audit/qa/hde-epic037/00_meta/doc_deltas.md

Deferrals:
- PF09 status drainage: deferred as a separate documentation/status-drain action.
- PO closeout: deferred as a separate PO-owned action.
- Board update: deferred as a separate board-state action.
- Merge provenance: deferred as a separate repo/history axis.
- PF-canon drainage: deferred as a separate documentation action.
- Formal close-pack completion: deferred as a separate closeout axis.

Documentation drainage itself is not a blocker. Blockers are incomplete required QA steps, missing required deliverables, untrusted evidence, unresolved FAIL_BEHAVIOR, FAIL_TOOLING, TOOLING_BLOCKED conditions affecting acceptance, or missing required close-gate QA artifacts.

## predicate_notes
exit_code=0
summary_exit_code=0
