{"captured_env":{"ALLOW_NETWORK":"0","APP_ENV":"dev","LANG":"C","LC_ALL":"C","SAFE_MODE":"1","TZ":"UTC"},"check_id":"po-003","check_name":"PO-003","claimed_tokens":[],"command":"python audit/qa/hde-epic031/00_meta/live_qa_harness.py po-003","command_provenance":"Copy/paste from plan","evidence_artifacts":["audit/qa/hde-epic031/checks/po-003/primary.log","audit/qa/hde-epic031/checks/po-003/result.json"],"exit_code":0,"fail_status":"","intended_tokens":[],"pf_refs":["PF10 \u2014 HDE-Build Notes","PF19 \u2014 Glow QA Guide","PF27 \u2014 Canon Plan Templates","PF06 \u2014 Epic Process Guide"],"schema_version":"pf27.step_log_header.v1","status":"PASS","timestamp_utc":"2026-05-13T11:38:48Z"}
{
  "closed_evidence_contains_refusal": true,
  "pytest": {
    "cmd": [
      "/usr/local/bin/python",
      "-m",
      "pytest",
      "tests/bodygraph/test_vendor_client.py",
      "tests/bodygraph/test_resolver_vendor.py",
      "-q"
    ],
    "returncode": 0,
    "stderr": "",
    "stdout": ".................                                                        [100%]\n17 passed in 0.04s\n"
  },
  "schema": "hde_epic031.po003.refusal.v1",
  "source_contains_network_blocked": true,
  "source_contains_provider_refused": true,
  "status": "PASS"
}
