run:sanity-pipeline
pipeline_identity:HDE-EPIC038-PR06-release-sanity
env:ALLOW_NETWORK=0,LANG=C,LC_ALL=C,SAFE_MODE=1,TZ=UTC
env_pins:audit/gates/determinism/env_pins.log
ops_evidence:retained_integrity_provenance_secret_safe_only;historical_nonclaim=true;not_rerun=true
pr_a_state:nonfinal_fail_closed
final_readiness_blocked:pr_a_nonfinal_ops03_pr_b_binding_required
check 01 Environment pins:OK
check 02 Identity and release provenance:OK
check 03 Canonical JSON:OK
check 04 Reader-to-CLI, AB-to-BA, two-run, and preimage checks:OK
check 05 A7 Catalog transport:OK
check 06 CI rails:OK
check 07 Direct DB selection contract:OK
check 08 Direct DB posture artifacts:OK
check 09 BodyGraph policy:OK
check 10 Architecture snapshot:OK
check 11 Configured-v2 mapped-cache local evidence:OK
check 12 Historical bridge evidence integrity:OK
stage_result:12:HISTORICAL_INTEGRITY_OK
check 13 OPS-02 mapped-cache packet validation:OK
check 14 OPS-03 direct DB posture packet validation:FAIL
check 15 Human Index and Machine Mirror refresh:FAIL
not_executed 15 Human Index and Machine Mirror refresh:earlier_mandatory_failure=14 OPS-03 direct DB posture packet validation
check 16 Evidence-path validation:FAIL
not_executed 16 Evidence-path validation:earlier_mandatory_failure=14 OPS-03 direct DB posture packet validation
check 17 Mirror schema and index/mirror hash validation:FAIL
not_executed 17 Mirror schema and index/mirror hash validation:earlier_mandatory_failure=14 OPS-03 direct DB posture packet validation
check 18 Topology orientation validation:FAIL
not_executed 18 Topology orientation validation:earlier_mandatory_failure=14 OPS-03 direct DB posture packet validation
check 19 Final-LF validation:FAIL
not_executed 19 Final-LF validation:earlier_mandatory_failure=14 OPS-03 direct DB posture packet validation
first_failed_stage:14 OPS-03 direct DB posture packet validation
summary:FAIL
