S1 terminal stdout

$ pwd
/workspaces/glow-hdengine-v2

$ git rev-parse --show-toplevel
/workspaces/glow-hdengine-v2

$ git rev-parse HEAD
7e42e51a6b4ba4b43dd65c384b7f4fad05e6e41d

$ git branch --show-current
main

$ git status --short
<empty>

S4 production observation stdout

Command stdout was redirected to vendor_bodygraph_dry_run.json.

Safe stdout summary:
status=error
error_code=PROVIDER_NOT_FOUND
error_status=404
requested_source=vendor
resolved_source=vendor
dry_run=True
safe_mode=False
allow_network=True
upsert=False
user_id=qa-user

S4 no-version rerun stdout

Command stdout was redirected to vendor_bodygraph_dry_run_no_version.json.

Safe stdout summary:
status=error
error_code=PROVIDER_NOT_FOUND
error_status=404
requested_source=vendor
resolved_source=vendor
dry_run=True
safe_mode=False
allow_network=True
upsert=False
user_id=qa-user
