Content-Type: text/plain; charset=utf-8
Content-Length: 0
X-Narrative-Pack-Sha: 64e17c9c4d608f4feceedc16e43bff44e7a34208b2f32ebe49c81a8ee6ddc462
X-Narrative-Composition: missing_narrative_key
X-Narrative-Key: missing_narrative_key
Vary: Authorization, Accept-Encoding
Cache-Control: no-store
X-Narrative-Policy: invalid_families
