status: 200
cache-control: no-store
content-length: 0
content-type: text/plain; charset=utf-8
vary: authorization, accept-encoding
x-narrative-composition: alignment.cool.personal.1
x-narrative-pack-sha: 64e17c9c4d608f4feceedc16e43bff44e7a34208b2f32ebe49c81a8ee6ddc462
x-narrative-policy: suppressed
body:

