Content-Type: text/plain; charset=utf-8
Content-Length: 64
X-Narrative-Pack-Sha: 64e17c9c4d608f4feceedc16e43bff44e7a34208b2f32ebe49c81a8ee6ddc462
X-Narrative-Composition: harmony.cool.shared.1
X-Narrative-Key: harmony.cool.shared.1
Vary: Authorization, Accept-Encoding
Cache-Control: private, max-age=0, must-revalidate
ETag: "e4a96e2bff6638158d95833660899525cbe0e124c84544b52942e3eb79fb69c9"
