{"schema_version": "pf27.step_log_header.v1", "timestamp_utc": "2026-06-26T19:08:36Z", "check_id": "po-017-remediation-r1", "check_name": "PO-017 Remediation R1 Post-QA_PLAN_UPDATE Proof", "status": "PASS", "fail_status": "", "command": "validate QA_PLAN_UPDATE receipt, then rerun targeted pytest and canonical evidence gates under closed rails", "command_provenance": "Post-QA_PLAN_UPDATE final PO-017 proof; route receipt required before relying on refreshed governed state", "exit_code": 0, "evidence_artifacts": ["audit/qa/hde-epic034/checks/po-017-remediation-r1/primary.log", "audit/qa/hde-epic034/checks/po-017-remediation-r1/primary.log.path_proof.txt", "audit/qa/hde-epic034/checks/po-017-qa-plan-update-r1/primary.log", "audit/qa/hde-epic034/checks/po-017-qa-plan-update-r1/primary.log.path_proof.txt", "audit/qa/hde-epic034/checks/po-017/primary.log", "audit/qa/hde-epic034/checks/po-017/primary.log.path_proof.txt", "audit/ops/hde-epic034/ops-02/files_sha256.txt.path_proof.txt", "docs/evidence/INDEX.json", "docs/evidence/INDEX.sha256", "artifacts/evidence_index.jsonl", "artifacts/evidence_index.jsonl.sha256", "docs/acceptance_map_epic034.json", "tools/evidence/validate_evidence_paths.py", "tools/evidence/check_lf_endings.py", "tools/evidence/update_evidence_index.py", "tools/evidence/orientation_demo.py", "ci/checks/check_mirror_schema.sh", "ci/checks/check_evidence_index_hash.sh", "ci/checks/check_final_lf.sh"], "captured_env": {"SAFE_MODE": "1", "ALLOW_NETWORK": "0", "APP_ENV": "dev", "LC_ALL": "C", "LANG": "C", "TZ": "UTC"}, "pf_refs": ["PF10 - HDE-Build Notes", "PF19 - Glow QA Guide", "PF12 - Schemas & Artifacts"], "intended_tokens": [], "claimed_tokens": []}
check_id=po-017-remediation-r1
check_name=PO-017 Remediation R1 Post-QA_PLAN_UPDATE Proof
routing_receipt=audit/qa/hde-epic034/checks/po-017-qa-plan-update-r1/primary.log
routing_proof=audit/qa/hde-epic034/checks/po-017-qa-plan-update-r1/primary.log.path_proof.txt
provenance_note=This is the accepted post-QA_PLAN_UPDATE PO-017 proof. It requires the QA_PLAN_UPDATE routing receipt before proving the governed post-refresh state.
non_qa_root_refresh_bound_to=audit/ops/hde-epic034/ops-02/files_sha256.txt.path_proof.txt;docs/evidence/INDEX.json;docs/evidence/INDEX.sha256;artifacts/evidence_index.jsonl;artifacts/evidence_index.jsonl.sha256;related indexed path proofs.
non_claims=no product code edit; no repo test edit; no evidence generator edit; no PF document edit; no public contract change; no acceptance token change; no live vendor rerun; no full runtime conformance claim; no PO closeout claim.
rails SAFE_MODE=1 ALLOW_NETWORK=0 APP_ENV=dev
pins LC_ALL=C LANG=C TZ=UTC
QA_PLAN_UPDATE_ROUTING_OK
============================= test session starts ==============================
platform linux -- Python 3.11.15, pytest-8.4.2, pluggy-1.6.0
rootdir: /workspaces/glow-hdengine-v2
configfile: pytest.ini
plugins: cov-4.1.0, mock-3.15.1
collected 333 items

tests/bodygraph/test_vendor_client.py .................................. [ 10%]
.                                                                        [ 10%]
tests/evidence/test_hdapi_v2_contract_inventory.py ..................... [ 16%]
........................................................................ [ 38%]
........................................................................ [ 60%]
........................................................................ [ 81%]
.............................................................            [100%]

============================= 333 passed in 59.96s =============================
EVIDENCE_PATHS_VALIDATED_OK
LF_CHECKS_OK
[evidence-index] env pins: ALLOW_NETWORK=0,LANG=C,LC_ALL=C,SAFE_MODE=1,TZ=UTC
EVIDENCE_INDEX_CHECK_OK
ORIENTATION_CHECK_OK
MIRROR_SCHEMA_OK
EVIDENCE_INDEX_HASH_OK
FINAL_LF_OK
ACCEPTANCE_TOKENS_PRESENT_OK
