status=RETAINED_OPS01_EVIDENCE_BOUND_FOR_PR03_REVIEW
ops_rerun=false
live_vendor_call_by_pr03=false
retained_ops01_root=audit/ops/hde-epic035/ops-01
evidence_manifest=audit/ops/hde-epic035/ops-01/ops_evidence_manifest.txt
checksum_ledger=audit/ops/hde-epic035/ops-01/files_sha256.txt
v2_charts_simple_success_evidence=audit/ops/hde-epic035/ops-01/hdapi-v2-open-rails-smoke/v2_charts_simple_stdout.log
v2_charts_simple_result_summary=audit/ops/hde-epic035/ops-01/hdapi-v2-open-rails-smoke/v2_charts_simple_result_summary.txt
bg_resolve_provider_error_stdout=audit/ops/hde-epic035/ops-01/hdapi-v2-open-rails-smoke/stdout.log
bg_resolve_provider_error_stderr=audit/ops/hde-epic035/ops-01/hdapi-v2-open-rails-smoke/stderr.log
final_classification=audit/ops/hde-epic035/ops-01/hdapi-v2-open-rails-smoke/final_classification.txt
v2_charts_simple_authorization_header_shape=Authorization: Bearer <redacted>
v2_charts_simple_hd_geocode_key_header_shape=HD-Geocode-Key: <redacted>
v2_charts_simple_legacy_hd_api_key_absent=true
bg_resolve_runtime_gap=legacy BodyGraph route observation against configured v2 base returned PROVIDER_NOT_FOUND / 404
ops_completion_claim=false
qa_pass_claim=false
pf09_status_movement_claim=false
epic_closeout_claim=false
full_runtime_conformance_claim=false
public_surface_change_claim=false
app_side_vendor_credential_ownership_claim=false
raw_payload_persistence_claim=false
ai_scope_claim=false
