{"captured_env":{"ALLOW_NETWORK":"0","APP_ENV":"dev","LANG":"C","LC_ALL":"C","SAFE_MODE":"1","TZ":"UTC"},"check_id":"po-004","check_name":"PO-004","claimed_tokens":[],"command":"{ grep -nE '^\\[project\\.scripts\\]' pyproject.toml; grep -nE '^hdctl\\s*=\\s*\"engine\\.cli\\.main:cli\"' pyproject.toml; }; python -m pytest -q tests/cli/test_cli_install_help.py; python -m pytest -q tests/cli/test_bg_resolve.py; python scripts/hdctl.py bg:resolve --help","command_provenance":"Explicitly created","evidence_artifacts":["audit/qa/hde-epic027/checks/po-004/entrypoint_proof.txt","audit/qa/hde-epic027/checks/po-004/cli_install_help.txt","audit/qa/hde-epic027/checks/po-004/bg_resolve_test.txt","audit/qa/hde-epic027/checks/po-004/bg_resolve_help.txt","audit/qa/hde-epic027/checks/po-004/primary.log","audit/qa/hde-epic027/qa_step_logs_manifest.json","audit/qa/hde-epic027/qa_step_logs_manifest.json.path_proof.txt"],"fail_status":"","intended_tokens":["CLI_READER_PARITY_OK","COMPOSITE_ABBA_IDENTITY_OK","TWO_RUN_IDENTITY_OK"],"pf_refs":["PF10 - HDE-Build Notes","PF05 - HDE-CLI-API-Vendor-Ref","PF02 - Canon-HDE-Core","PF27 - Canon Plan Templates"],"schema_version":"pf27.step_log_header.v1","status":"PASS","timestamp_utc":"2026-03-18T00:42:31Z"}
$ { grep -nE '^\[project\.scripts\]' pyproject.toml; grep -nE '^hdctl\s*=\s*"engine\.cli\.main:cli"' pyproject.toml; }
rc=0
stdout:
13:[project.scripts]
14:hdctl = "engine.cli.main:cli"

$ python -m pytest -q tests/cli/test_cli_install_help.py
rc=0
stdout:
.                                                                        [100%]
1 passed in 3.55s

$ python -m pytest -q tests/cli/test_bg_resolve.py
rc=0
stdout:
......                                                                   [100%]
6 passed in 0.08s

$ python scripts/hdctl.py bg:resolve --help
rc=0
stdout:
usage: hdctl bg:resolve [-h] --user USER [--source {auto,db,vendor}]
                        [--upsert] [--dry-run] [--birthdate BIRTHDATE]
                        [--birthtime BIRTHTIME] [--location LOCATION]

options:
  -h, --help            show this help message and exit
  --user USER           BodyGraph user identifier
  --source {auto,db,vendor}
                        Source to consult (default: auto)
  --upsert              Request durability upsert once implemented
  --dry-run             Emit planning envelope without performing writes
  --birthdate BIRTHDATE
                        Birthdate (YYYY-MM-DD) for vendor source
  --birthtime BIRTHTIME
                        Birth time (HH:MM) for vendor source
  --location LOCATION   Location string for vendor source
