generated_at_utc=2026-06-19T07:51:20Z
work_item=W-003
scope=HDE-EPIC034 PR-04 table-driven adapter/presenter boundary taxonomy proof for HDE-FERM007.4 only
hde_ferm007_4_scope=adapter and presenter boundary preservation remediation slice only; not final subtask completion
table_driven_boundary_taxonomy=applied to analyzer-owned categories for W-003
required_taxonomy_groups_covered=route_registration_surfaces,public_route_signatures,response_producing_paths,presenter_valid_paths,presenter_bypass_paths,serializer_families,external_io_families,import_and_alias_forms,cross_file_helper_chains,vendor_guard_provenance,pure_compute_forbidden_operations,public_internal_route_classification,evidence_family_binding
taxonomy_missing_category_posture=none
analyzer_rendering_separation=analyzer owns findings, unknowns, deltas, provenance, bindings, and verdicts; renderer only emits analyzer output
analyzer_owned_verdict_status=PASS
renderer_only_posture=evidence generator does not rediscover route, guard, presenter, serializer, external-I/O, or boundary truth
rails=ALLOW_NETWORK=0 LANG=C LC_ALL=C SAFE_MODE=1 TZ=UTC
classification_categories_used=allowed,forbidden,unknown / fail-closed,out of scope
unknown_current_categories_fail_closed=true
renderer_does_not_override_analyzer_unknowns_or_failures=true
observed_adapter_http_home_posture=adapter package owns Flask HTTP home; v2 vendor seam did not add a second HTTP home
observed_presenter_emitter_posture=presenter/emitter remains byte-authoritative for public/governed output paths
observed_vendor_seam_posture=engine.bodygraph.vendor_client remains sanctioned BodyGraph/vendor external-I/O seam guarded by SAFE_MODE/ALLOW_NETWORK posture
discovered_adapter_loci_inspected=adapter/wsgi.py,adapter/factory.py,adapter/http_reader.py,adapter/logging_filter.py,engine/http/compat_handler.py
discovered_presenter_loci_inspected=engine/presenter/emitter.py,presenter/reader_v1/emitter.py
discovered_engine_loci_inspected=engine/compat/compute.py
discovered_vendor_seam_loci_inspected=engine/bodygraph/vendor_client.py,engine/bodygraph/ingest.py,engine/bodygraph/resolver.py
discovered_evidence_tool_loci_inspected=tools/evidence/generate_hdapi_v2_contract_inventory.py,tools/evidence/hdapi_v2_boundary_analyzer.py
discovered_public_route_signatures=["adapter/factory.py:app.after_request:::_strip_etag_on_internal","adapter/factory.py:register_blueprint:bp:","adapter/http_reader.py:app.after_request:::_strip_etag_on_internal","adapter/http_reader.py:app.errorhandler:::_compat_scoped_method_not_allowed","adapter/http_reader.py:app.errorhandler:::_compat_scoped_not_found","adapter/http_reader.py:bp.get:/api/aux/narrative:GET:aux_narrative","adapter/http_reader.py:bp.get:/aux/narrative:GET:aux_narrative","adapter/http_reader.py:bp.get:/reader:GET:reader_v1","adapter/http_reader.py:bp.post:/reader:POST:reader_v1_post","adapter/http_reader.py:register_blueprint:bp:","adapter/http_reader.py:register_blueprint:compat_blueprint:","adapter/logging_filter.py:app.after_request:::_keys_only_after","adapter/logging_filter.py:app.before_request:::_start_timer_and_cid","adapter/wsgi.py:app.after_request:::_ensure_common_headers","adapter/wsgi.py:app.errorhandler:::_method_not_allowed","adapter/wsgi.py:app.errorhandler:::_not_found","adapter/wsgi.py:register_blueprint:compat_blueprint:","adapter/wsgi.py:register_blueprint:reader_bp:","engine/http/compat_handler.py:compat_blueprint.before_app_request:/api/compat/v1::_compat_writer_transport_guard","engine/http/compat_handler.py:compat_blueprint.get:/api/compat/v1:GET:get_ids_only","engine/http/compat_handler.py:compat_blueprint.route:/api/compat/v1:HEAD:post_json_head","engine/http/compat_handler.py:compat_blueprint.route:/api/compat/v1:OPTIONS:post_json_options","engine/http/compat_handler.py:compat_blueprint.route:/api/compat/v1:POST:post_json"]
public_route_deltas=[]
discovered_presenter_calls=["adapter/http_reader.py:emit_public","adapter/http_reader.py:emit_public_aux","adapter/wsgi.py:emit_public","engine/http/compat_handler.py:emit_public"]
discovered_vendor_guard_entrypoints=["engine/bodygraph/ingest.py:ingest_vendor_bodygraph@112","engine/bodygraph/resolver.py:resolve_bodygraph@36","engine/bodygraph/vendor_client.py:HdApiClient._default_request@673"]
boundary_finding category=adapter_route_registration classification=allowed verdict=PASS reason=discovered Flask adapter registrations before classification details=["adapter/factory.py:app.after_request:::_strip_etag_on_internal","adapter/factory.py:register_blueprint:bp:","adapter/http_reader.py:app.after_request:::_strip_etag_on_internal","adapter/http_reader.py:app.errorhandler:::_compat_scoped_method_not_allowed","adapter/http_reader.py:app.errorhandler:::_compat_scoped_not_found","adapter/http_reader.py:bp.get:/api/aux/narrative:GET:aux_narrative","adapter/http_reader.py:bp.get:/aux/narrative:GET:aux_narrative","adapter/http_reader.py:bp.get:/reader:GET:reader_v1","adapter/http_reader.py:bp.post:/reader:POST:reader_v1_post","adapter/http_reader.py:register_blueprint:bp:","adapter/http_reader.py:register_blueprint:compat_blueprint:","adapter/logging_filter.py:app.after_request:::_keys_only_after","adapter/logging_filter.py:app.before_request:::_start_timer_and_cid","adapter/wsgi.py:app.after_request:::_ensure_common_headers","adapter/wsgi.py:app.errorhandler:::_method_not_allowed","adapter/wsgi.py:app.errorhandler:::_not_found","adapter/wsgi.py:register_blueprint:compat_blueprint:","adapter/wsgi.py:register_blueprint:reader_bp:","engine/http/compat_handler.py:compat_blueprint.before_app_request:/api/compat/v1::_compat_writer_transport_guard","engine/http/compat_handler.py:compat_blueprint.get:/api/compat/v1:GET:get_ids_only","engine/http/compat_handler.py:compat_blueprint.route:/api/compat/v1:HEAD:post_json_head","engine/http/compat_handler.py:compat_blueprint.route:/api/compat/v1:OPTIONS:post_json_options","engine/http/compat_handler.py:compat_blueprint.route:/api/compat/v1:POST:post_json"]
boundary_finding category=public_routes classification=allowed verdict=PASS reason=discovered current route signatures reconcile with governed PR-04 baseline details=["adapter/factory.py:app.after_request:::_strip_etag_on_internal","adapter/factory.py:register_blueprint:bp:","adapter/http_reader.py:app.after_request:::_strip_etag_on_internal","adapter/http_reader.py:app.errorhandler:::_compat_scoped_method_not_allowed","adapter/http_reader.py:app.errorhandler:::_compat_scoped_not_found","adapter/http_reader.py:bp.get:/api/aux/narrative:GET:aux_narrative","adapter/http_reader.py:bp.get:/aux/narrative:GET:aux_narrative","adapter/http_reader.py:bp.get:/reader:GET:reader_v1","adapter/http_reader.py:bp.post:/reader:POST:reader_v1_post","adapter/http_reader.py:register_blueprint:bp:","adapter/http_reader.py:register_blueprint:compat_blueprint:","adapter/logging_filter.py:app.after_request:::_keys_only_after","adapter/logging_filter.py:app.before_request:::_start_timer_and_cid","adapter/wsgi.py:app.after_request:::_ensure_common_headers","adapter/wsgi.py:app.errorhandler:::_method_not_allowed","adapter/wsgi.py:app.errorhandler:::_not_found","adapter/wsgi.py:register_blueprint:compat_blueprint:","adapter/wsgi.py:register_blueprint:reader_bp:","engine/http/compat_handler.py:compat_blueprint.before_app_request:/api/compat/v1::_compat_writer_transport_guard","engine/http/compat_handler.py:compat_blueprint.get:/api/compat/v1:GET:get_ids_only","engine/http/compat_handler.py:compat_blueprint.route:/api/compat/v1:HEAD:post_json_head","engine/http/compat_handler.py:compat_blueprint.route:/api/compat/v1:OPTIONS:post_json_options","engine/http/compat_handler.py:compat_blueprint.route:/api/compat/v1:POST:post_json"]
boundary_finding category=response_producing_paths classification=allowed verdict=PASS reason=public response-producing paths have explicit presenter/emitter provenance details=["adapter/http_reader.py:emit_public","adapter/http_reader.py:emit_public_aux","adapter/wsgi.py:emit_public","engine/http/compat_handler.py:emit_public"]
boundary_finding category=presenter_provenance classification=allowed verdict=PASS reason=adapter routes resolve to sanctioned presenter/emitter calls details=["adapter/http_reader.py:emit_public","adapter/http_reader.py:emit_public_aux","adapter/wsgi.py:emit_public","engine/http/compat_handler.py:emit_public"]
boundary_finding category=serializer_paths classification=allowed verdict=PASS reason=no ad-hoc JSON serializer path discovered outside allowed vendor helpers details=[]
boundary_finding category=external_io_paths classification=allowed verdict=PASS reason=external I/O remains limited to sanctioned vendor seam details=[]
boundary_finding category=pure_compute_external_io classification=allowed verdict=PASS reason=pure compute loci have no external-I/O imports or calls details=[]
boundary_finding category=guard_provenance classification=allowed verdict=PASS reason=each relevant vendor external-I/O path is tied to a closed-rails guard entrypoint details=["engine/bodygraph/vendor_client.py:HdApiClient._default_request@673:opener.open guarded_by=engine/bodygraph/vendor_client.py:HdApiClient._default_request@673","engine/bodygraph/vendor_client.py:HdApiClient._default_request@673:urlrequest.build_opener guarded_by=engine/bodygraph/vendor_client.py:HdApiClient._default_request@673"]
boundary_finding category=public_surface_posture classification=allowed verdict=PASS reason=dependency evidence emits no unsupported public/runtime/open-rails/AI scope claims details=[]
boundary_finding category=evidence_binding_posture classification=allowed verdict=PASS reason=PR-01/PR-02/PR-03 dependency payloads are present and non-empty; index/path-proof validation is delegated to governed tools details=[]
boundary_finding category=hde_ferm007_5_runtime_v2_live_open_rails_ai_scope classification=out of scope verdict=PASS reason=explicitly outside W-002 / HDE-FERM007.4; no claim is emitted details=[]
boundary_taxonomy group=cross_file_helper_chains finding_category=presenter_provenance classification=allowed verdict=PASS scope=in_scope
boundary_taxonomy group=evidence_family_binding finding_category=evidence_binding_posture classification=allowed verdict=PASS scope=in_scope
boundary_taxonomy group=external_io_families finding_category=external_io_paths classification=allowed verdict=PASS scope=in_scope
boundary_taxonomy group=import_and_alias_forms finding_category=presenter_provenance classification=allowed verdict=PASS scope=in_scope
boundary_taxonomy group=presenter_bypass_paths finding_category=presenter_provenance classification=allowed verdict=PASS scope=in_scope
boundary_taxonomy group=presenter_valid_paths finding_category=presenter_provenance classification=allowed verdict=PASS scope=in_scope
boundary_taxonomy group=public_internal_route_classification finding_category=public_routes classification=allowed verdict=PASS scope=in_scope
boundary_taxonomy group=public_route_signatures finding_category=public_routes classification=allowed verdict=PASS scope=in_scope
boundary_taxonomy group=pure_compute_forbidden_operations finding_category=pure_compute_external_io classification=allowed verdict=PASS scope=in_scope
boundary_taxonomy group=response_producing_paths finding_category=response_producing_paths classification=allowed verdict=PASS scope=in_scope
boundary_taxonomy group=route_registration_surfaces finding_category=adapter_route_registration classification=allowed verdict=PASS scope=in_scope
boundary_taxonomy group=serializer_families finding_category=serializer_paths classification=allowed verdict=PASS scope=in_scope
boundary_taxonomy group=vendor_guard_provenance finding_category=guard_provenance classification=allowed verdict=PASS scope=in_scope
route_registration_taxonomy_verdict=allowed:PASS
public_route_signature_taxonomy_verdict=allowed:PASS
response_producing_path_taxonomy_verdict=allowed:PASS
presenter_valid_path_taxonomy_verdict=allowed:PASS
presenter_bypass_path_taxonomy_verdict=allowed:PASS
serializer_taxonomy_verdict=allowed:PASS
external_io_taxonomy_verdict=allowed:PASS
import_alias_taxonomy_verdict=allowed:PASS
cross_file_helper_chain_taxonomy_verdict=allowed:PASS
vendor_guard_provenance_taxonomy_verdict=allowed:PASS
pure_compute_forbidden_operation_taxonomy_verdict=allowed:PASS
public_internal_route_classification_taxonomy_verdict=allowed:PASS
evidence_family_binding_taxonomy_verdict=allowed:PASS
public_route_findings_and_verdict=allowed:PASS
response_producing_path_findings_and_verdict=allowed:PASS
presenter_provenance_findings_and_verdict=allowed:PASS
serializer_findings_and_verdict=allowed:PASS
external_io_findings_and_verdict=allowed:PASS
pure_compute_external_io_findings_and_verdict=allowed:PASS
guard_provenance_findings_and_verdict=allowed:PASS
evidence_binding_posture_and_verdict=allowed:PASS
no_second_http_home_claim=PASS
no_adapter_bypass_claim=PASS
no_presenter_bypass_claim=PASS
no_ad_hoc_serialization_claim=PASS
no_pure_compute_external_io_claim=PASS
no_runtime_v2_conformance_claim=NONE
no_live_vendor_conformance_claim=NONE
no_live_vendor_success_claim=NONE
no_public_reader_change_claim=NONE
no_new_HTTP_home_claim=NONE
no_open_rails_smoke_claim=NONE
no_HDE-FERM007.5_claim=NONE
no_HDE-FERM008_claim=NONE
no_AI_scope_claim=NONE
[adapter_http_home_inspected] status=PASS
[actual_repo_loci_discovered_before_classification] status=PASS
[hard_coded_path_lists_not_used_as_proof] status=PASS
[unknown_current_categories_fail_closed] status=PASS
[conservative_positive_boundary_contract_applied] status=PASS
[table_driven_boundary_taxonomy_applied] status=PASS
[required_taxonomy_groups_visible] status=PASS
[presenter_emitter_inspected] status=PASS
[vendor_seam_inspected] status=PASS
[no_second_http_home] status=PASS
[no_adapter_bypass] status=PASS
[no_presenter_bypass] status=PASS
[no_ad_hoc_serialization] status=PASS
[no_pure_compute_external_io] status=PASS
[guard_provenance_per_relevant_path] status=PASS
[prior_evidence_families_bound] status=PASS
[no_public_reader_change] status=PASS
[no_unsupported_scope_claim] status=PASS
status=PASS
