{"captured_env":{"ALLOW_NETWORK":"0","APP_ENV":"dev","LANG":"C","LC_ALL":"C","SAFE_MODE":"1","TZ":"UTC"},"check_id":"po-006","check_name":"PO-006","claimed_tokens":[],"command":"python audit/qa/hde-epic031/00_meta/live_qa_harness.py po-006","command_provenance":"Copy/paste from plan","evidence_artifacts":["audit/qa/hde-epic031/checks/po-006/primary.log","audit/qa/hde-epic031/checks/po-006/result.json"],"exit_code":0,"fail_status":"","intended_tokens":[],"pf_refs":["PF10 \u2014 HDE-Build Notes","PF19 \u2014 Glow QA Guide","PF27 \u2014 Canon Plan Templates","PF06 \u2014 Epic Process Guide"],"schema_version":"pf27.step_log_header.v1","status":"PASS","timestamp_utc":"2026-05-13T13:19:05Z"}
{
  "allowed_keys_present": true,
  "generator_check": {
    "cmd": [
      "/usr/bin/python3",
      "tools/evidence/generate_epic031_pr02_log_posture.py",
      "--check"
    ],
    "returncode": 0,
    "stderr": "",
    "stdout": "EPIC031_PR02_LOG_POSTURE_OK\n"
  },
  "payload_body_absent": true,
  "plaintext_secret_absent": true,
  "raw_secret_header_absent": true,
  "schema": "hde_epic031.po006.keys_only.v1",
  "status": "PASS"
}

MOON_LOOP_EVIDENCE_STREAM_BEGIN
failure_signature_excerpt: {"check_id":"po-006","status":"FAIL_BEHAVIOR","exit_code":1,"fail_status":"FAIL_BEHAVIOR","timestamp_utc":"2026-05-13T13:16:31Z","allowed_keys_present":false}
remediation_note: changed audit/qa/hde-epic031/00_meta/live_qa_harness.py (check_po006 predicate) to align keys-only detection with canonical redaction schema fields (allowed_keys/status) because prior predicate produced false FAIL_BEHAVIOR while generator check and redaction evidence were PASS.
rerun_pass_excerpt: {"check_id":"po-006","status":"PASS","exit_code":0,"timestamp_utc":"2026-05-13T13:19:05Z","allowed_keys_present":true,"payload_body_absent":true,"plaintext_secret_absent":true,"raw_secret_header_absent":true}
MOON_LOOP_EVIDENCE_STREAM_END
