HDE-EPIC036 PR-02 acceptance-map viability
generated_at_utc=2026-07-02T00:00:00Z
epic_id=HDE-EPIC036
pf09_task_id=HDE-FERM008
pf09_subtask_id=HDE-FERM008.6
acceptance_map=docs/acceptance_map_epic036.json
acceptance_map_scope=coherent_with_PR-01_route_policy_evidence_and_PR-02_binding_scope
selected_route_policy_classification=unsupported_runtime_nonclaim
bodygraph_detail_sufficiency=UNSUPPORTED_RUNTIME_NONCLAIM
v2_chart_data_feeds_existing_bodygraph_cache_person_compat_flows=false
ops_01_required_by_pr01=false
ops_01_executed_for_pr02=false
actual_ops01_evidence_found=false
index_check_posture=PASS_AFTER_UPDATE
mirror_check_posture=PASS_AFTER_UPDATE
hash_check_posture=PASS_AFTER_UPDATE
path_proof_check_posture=PASS_AFTER_UPDATE
qa_pass_claim=false
ops_completion_claim=false
pf09_status_movement_claim=false
epic_closeout_claim=false
full_runtime_conformance_claim=false
public_reader_change_claim=false
public_route_claim=false
public_flag_claim=false
public_payload_or_transport_change_claim=false
new_http_home_claim=false
app_side_humandesignapi_credential_ownership_claim=false
raw_payload_persistence_claim=false
ai_scope_claim=false
PF-Canon edit=false
Live QA runbook execution=false
