{"schema_version": "pf27.step_log_header.v1", "timestamp_utc": "2026-07-03T02:42:15Z", "check_id": "po-009", "check_name": "PO-009", "status": "PASS", "fail_status": "", "command": "python audit/qa/hde-epic036/00_meta/hde036_live_qa_harness.py po-009", "command_provenance": "Copy/paste from plan via QA-created helper", "exit_code": 0, "evidence_artifacts": ["audit/qa/hde-epic036/checks/po-009/primary.log", "audit/qa/hde-epic036/checks/po-009/primary.log.path_proof.txt", "artifacts/vendor/hdapi_v2/bg_resolve_runtime_nonclaims.json", "docs/acceptance_map_epic036.json", "audit/qa/hde-epic036/route_policy_decision.log"], "captured_env": {"SAFE_MODE": "0", "ALLOW_NETWORK": "1", "APP_ENV": "dev", "LC_ALL": "C", "LANG": "en_US.UTF-8", "TZ": "UTC"}, "pf_refs": ["PF10 — HDE-Build Notes", "PF19 — Glow QA Guide", "PF27 — Canon Plan Templates", "PF05 — HDE CLI/API Vendor Reference", "PF02 — HDE Architecture"], "intended_tokens": [], "claimed_tokens": []}
check_id=po-009
check_name=PO-009
command=python audit/qa/hde-epic036/00_meta/hde036_live_qa_harness.py po-009
pins=LC_ALL=C LANG=C TZ=UTC
FILE_OK artifacts/vendor/hdapi_v2/bg_resolve_runtime_nonclaims.json sha256=7c85c96654dfd2c82d6d5f1cdcdde53d46264c6248fc5f91896af95e83c15752
FILE_OK docs/acceptance_map_epic036.json sha256=c92c1ed76c93066612b8807e5384aed0fd7ebf999619cdd34ce5d9078fb189f6
FILE_OK audit/qa/hde-epic036/route_policy_decision.log sha256=02ea41e97558edc9f0975b4a6261987ea1c31738286b59861837a3823b609409
JSON_OK artifacts/vendor/hdapi_v2/bg_resolve_runtime_nonclaims.json :: no_claims.public_reader_change='NONE'
JSON_OK artifacts/vendor/hdapi_v2/bg_resolve_runtime_nonclaims.json :: no_claims.public_route='NONE'
JSON_OK artifacts/vendor/hdapi_v2/bg_resolve_runtime_nonclaims.json :: no_claims.public_flag='NONE'
JSON_OK artifacts/vendor/hdapi_v2/bg_resolve_runtime_nonclaims.json :: no_claims.public_payload_change='NONE'
JSON_OK artifacts/vendor/hdapi_v2/bg_resolve_runtime_nonclaims.json :: no_claims.new_http_home='NONE'
JSON_OK artifacts/vendor/hdapi_v2/bg_resolve_runtime_nonclaims.json :: no_claims.app_side_humandesignapi_credential_ownership='NONE'
JSON_OK artifacts/vendor/hdapi_v2/bg_resolve_runtime_nonclaims.json :: no_claims.full_hdapi_v2_runtime_conformance='NONE'
JSON_OK artifacts/vendor/hdapi_v2/bg_resolve_runtime_nonclaims.json :: no_claims.raw_payload_persistence='NONE'
JSON_OK artifacts/vendor/hdapi_v2/bg_resolve_runtime_nonclaims.json :: no_claims.ai_scope='NONE'
TEXT_OK audit/qa/hde-epic036/route_policy_decision.log :: no_public_reader_change=true
TEXT_OK audit/qa/hde-epic036/route_policy_decision.log :: no_public_route=true
TEXT_OK audit/qa/hde-epic036/route_policy_decision.log :: no_ai_scope=true
TEXT_OK audit/qa/hde-epic036/route_policy_decision.log :: no_full_hdapi_v2_runtime_conformance=true
