{"captured_env":{"ALLOW_NETWORK":"0","APP_ENV":"dev","LANG":"C","LC_ALL":"C","SAFE_MODE":"1","TZ":"UTC"},"check_id":"po-001","check_name":"PO-001","claimed_tokens":[],"command":"{ grep -nE '@bp\\.route\\(\"/internal/dev/sampler\"|@bp\\.get\\(\"/dev/sampler/conjunction\"|@bp\\.get\\(\"/dev/reader/conjunction\"|@bp\\.get\\(\"/dev/writer/conjunction\"' adapter/http_reader.py; grep -nE 'app\\.register_blueprint\\(bp, url_prefix=\"\"\\)|app\\.register_blueprint\\(compat_blueprint\\)' adapter/http_reader.py adapter/factory.py adapter/wsgi.py; grep -nE 'compat_blueprint\\s*=\\s*Blueprint\\(\"compat\", __name__, url_prefix=\"/api/compat/v1\"\\)' engine/http/compat_handler.py; }; python -m pytest -q tests/http/test_dev_conjunction_http.py; python -m pytest -q tests/http/test_endpoint_catalog.py","command_provenance":"Explicitly created","evidence_artifacts":["audit/qa/hde-epic027/checks/po-001/route_inventory.txt","audit/qa/hde-epic027/checks/po-001/dev_conjunction_http.txt","audit/qa/hde-epic027/checks/po-001/endpoint_catalog.txt","audit/qa/hde-epic027/checks/po-001/primary.log","audit/qa/hde-epic027/qa_step_logs_manifest.json","audit/qa/hde-epic027/qa_step_logs_manifest.json.path_proof.txt"],"fail_status":"","intended_tokens":[],"pf_refs":["PF10 - HDE-Build Notes","PF05 - HDE-CLI-API-Vendor-Ref","PF02 - Canon-HDE-Core","PF27 - Canon Plan Templates"],"schema_version":"pf27.step_log_header.v1","status":"PASS","timestamp_utc":"2026-03-17T04:08:10Z"}
$ { grep -nE '@bp\.route\("/internal/dev/sampler"|@bp\.get\("/dev/sampler/conjunction"|@bp\.get\("/dev/reader/conjunction"|@bp\.get\("/dev/writer/conjunction"' adapter/http_reader.py; grep -nE 'app\.register_blueprint\(bp, url_prefix=""\)|app\.register_blueprint\(compat_blueprint\)' adapter/http_reader.py adapter/factory.py adapter/wsgi.py; grep -nE 'compat_blueprint\s*=\s*Blueprint\("compat", __name__, url_prefix="/api/compat/v1"\)' engine/http/compat_handler.py; }
rc=0
stdout:
663:    @bp.route("/internal/dev/sampler", methods=["POST"], provide_automatic_options=False)
731:    @bp.get("/dev/sampler/conjunction")
739:    @bp.get("/dev/reader/conjunction")
747:    @bp.get("/dev/writer/conjunction")
adapter/http_reader.py:913:        app.register_blueprint(bp, url_prefix="")
adapter/http_reader.py:919:    app.register_blueprint(compat_blueprint)
adapter/factory.py:6:    app.register_blueprint(bp, url_prefix="")  # mount at /
adapter/wsgi.py:24:    app.register_blueprint(compat_blueprint)
11:compat_blueprint = Blueprint("compat", __name__, url_prefix="/api/compat/v1")

$ python -m pytest -q tests/http/test_dev_conjunction_http.py
rc=0
stdout:
....                                                                     [100%]
4 passed in 2.40s

$ python -m pytest -q tests/http/test_endpoint_catalog.py
rc=0
stdout:
..                                                                       [100%]
2 passed in 0.02s
