## T2_validate_manifest_key_outputs
manifest key_outputs validation PASS
## T3_validate_close_report
close report text validation PASS
## T4_generate_and_validate_path_proofs
path proof generation PASS
path proof validation PASS
## T5_generate_final_inventory
inventory rows present=18 missing=0
final evidence inventory generation PASS
## T5b_regenerate_inventory_path_proof
inventory path proof regeneration PASS
## T6_generate_created_files_sha256
created_files_sha256 generation PASS
checksummed_rows=12
## T7_final_comprehensive_validation
HDE-EPIC030 OPS-03 FINAL COMPREHENSIVE VALIDATION
PASS file existence
PASS manifest validation
PASS close report validation
PASS path-proof validation
PASS final inventory validation
PASS ops-03 evidence bundle validation
