{"artifacts": ["audit/qa/hde-epic025/00_meta/repo_baseline.txt", "audit/qa/hde-epic025/00_meta/doc_deltas.md", "audit/qa/hde-epic025/qa_step_logs_manifest.json"], "captured_env": {"LANG": "en_US.UTF-8", "LC_ALL": "C", "MODO_AI_BUNDLE": "", "MODO_AI_VERBOSE": "", "MODO_RAILS": "", "TZ": "UTC"}, "check_id": "d0_discovery", "check_name": "d0_discovery", "claimed_tokens": [], "command": "ls -la ${EVIDENCE_ROOT}/00_meta\nls -la ${EVIDENCE_ROOT}\ncat ${EVIDENCE_ROOT}/00_meta/repo_baseline.txt", "command_provenance": "Copy/paste from plan", "fail_status": "", "intended_tokens": [], "pf_refs": ["PF27 \u2014 Canon-Plan-Templates, locator template structure and headings"], "status": "PASS", "timestamp_utc": "2026-02-02T15:21:36Z"}
$ ls -la audit/qa/hde-epic025/00_meta
total 24
drwxrwxrwx+ 2 vscode vscode 4096 Feb  2 15:20 .
drwxrwxrwx+ 4 vscode root   4096 Feb  2 15:20 ..
-rw-rw-rw-  1 vscode vscode   78 Feb  2 15:20 doc_deltas.md
-rw-rw-rw-  1 vscode vscode  204 Feb  2 15:20 evidence_root_manifest.txt
-rw-rw-rw-  1 vscode vscode  773 Feb  2 15:20 repo_baseline.txt
-rw-rw-rw-  1 vscode vscode 1978 Feb  2 15:20 write_step_log_header.py
$ ls -la audit/qa/hde-epic025
total 88
drwxrwxrwx+  4 vscode root    4096 Feb  2 15:20 .
drwxrwxrwx+ 14 vscode root    4096 Jan 28 21:21 ..
drwxrwxrwx+  2 vscode vscode  4096 Feb  2 15:20 00_meta
drwxrwxrwx+ 18 vscode root    4096 Feb  2 15:15 checks
-rw-rw-rw-   1 vscode vscode    77 Feb  2 15:20 qa_step_logs_manifest.json
-rw-rw-rw-   1 vscode vscode   522 Feb  2 15:20 qa_step_logs_manifest.json.path_proof.txt
-rw-rw-rw-   1 vscode vscode 62653 Feb  2 15:20 r43 Live QA Plan HDE-EPIC025.md
$ cat audit/qa/hde-epic025/00_meta/repo_baseline.txt
]633;E;{   echo "timestamp_utc: $(/workspaces/glow-hdengine-v2/.venv/bin/python -c 'import datetime\x3b print(datetime.datetime.utcnow().replace(microsecond=0).isoformat()+"Z")')"\x3b   echo "git_rev_parse_head:"\x3b   git rev-parse HEAD\x3b   echo "git_status_porcelain:"\x3b   git status --porcelain\x3b } > "${EVIDENCE_ROOT}/00_meta/repo_baseline.txt";b8f1d155-bfa1-4a57-a6f9-98edc0f57ec0]633;Ctimestamp_utc: 2026-02-02T15:20:48Z
git_rev_parse_head:
6fdf0d809d34b19c15eae5d56a89c05c1f24fc37
git_status_porcelain:
 M audit/qa/hde-epic025/qa_step_logs_manifest.json
 M audit/qa/hde-epic025/qa_step_logs_manifest.json.path_proof.txt
?? audit/qa/hde-epic025/00_meta/
?? audit/qa/hde-epic025/checks/d0_discovery/
?? "audit/qa/hde-epic025/r43 Live QA Plan HDE-EPIC025.md"
