{"schema_version": "pf27.step_log_header.v1", "timestamp_utc": "2026-06-30T00:20:08Z", "check_id": "po-014", "check_name": "PO-014", "status": "PASS", "fail_status": "", "command": "python audit/qa/hde-epic035/00_meta/hde035_live_qa_harness.py po-014", "command_provenance": "Copy/paste from plan via QA-created helper", "exit_code": 0, "evidence_artifacts": ["audit/qa/hde-epic035/checks/po-014/primary.log", "audit/qa/hde-epic035/checks/po-014/primary.log.path_proof.txt", "tests/evidence/test_hdapi_v2_live_conformance.py", "tests/evidence/test_hdapi_v2_response_normalization.py", "tests/evidence/test_hdapi_v2_contract_inventory.py", "tests/evidence/test_hde_epic035_pr03_evidence_loop.py", "docs/evidence/INDEX.json", "docs/evidence/INDEX.sha256", "artifacts/evidence_index.jsonl", "artifacts/evidence_index.jsonl.sha256", "docs/acceptance_map_epic035.json", "artifacts/vendor/hdapi_v2/error_mapping.snapshot.json", "artifacts/vendor/hdapi_v2/rate_limit_headers.snapshot.json", "artifacts/vendor/hdapi_v2/response_mapping.snapshot.json", "artifacts/vendor/hdapi_v2/release_binding.snapshot.json"], "captured_env": {"SAFE_MODE": "1", "ALLOW_NETWORK": "0", "APP_ENV": "dev", "LC_ALL": "C", "LANG": "C", "TZ": "UTC"}, "pf_refs": ["PF10 - HDE-Build Notes", "PF19 - Glow QA Guide", "PF27 - Canon Plan Templates"], "intended_tokens": ["EVIDENCE_INDEX_UPDATED_OK", "MACHINE_MIRROR_UPDATED_OK", "EVIDENCE_INDEX_HASH_OK", "EVIDENCE_PATHS_VALIDATED_OK", "EVIDENCE_PATH_PROOFS_OK", "JSON_CANONICAL_CHECK_OK", "TESTS_PASS_OK"], "claimed_tokens": ["EVIDENCE_INDEX_UPDATED_OK", "MACHINE_MIRROR_UPDATED_OK", "EVIDENCE_INDEX_HASH_OK", "EVIDENCE_PATHS_VALIDATED_OK", "EVIDENCE_PATH_PROOFS_OK", "JSON_CANONICAL_CHECK_OK", "TESTS_PASS_OK"]}
check_id=po-014
check_name=PO-014
command=python audit/qa/hde-epic035/00_meta/hde035_live_qa_harness.py po-014
rails=SAFE_MODE=1 ALLOW_NETWORK=0 APP_ENV=dev
pins=LC_ALL=C LANG=C TZ=UTC
PYTEST_IMPORT_OK
FILE_OK tests/evidence/test_hdapi_v2_live_conformance.py sha256=49ac8c4b4adc839c5700559268dc793eb07271293c9626f0a765b9c7bfc8d8d8
FILE_OK tests/evidence/test_hdapi_v2_response_normalization.py sha256=23bc037931af4ab3957cdbdb3e14d77498efad1536538d5fac37d4f91c564b8f
FILE_OK tests/evidence/test_hdapi_v2_contract_inventory.py sha256=6fb024151f9b345717c2ea03d8eec65fddfdb4171416b0ffab76fd9dc42c5d12
FILE_OK tests/evidence/test_hde_epic035_pr03_evidence_loop.py sha256=0f214c10d772221eaee14df913e341c0de209a7e767d79646c2b49fbc7e647bd
FILE_OK docs/evidence/INDEX.json sha256=83a234e7d542aadf5dbcbb773b7e4e40cd99885feef212013050798f1cfb3415
FILE_OK docs/evidence/INDEX.sha256 sha256=7cd200a71dce4921d016adcc4e3014d110b7f8a06374faa7f427edf0d801073c
FILE_OK artifacts/evidence_index.jsonl sha256=74ff1a253fc728a6fc86022636249509ce7c9f64615c42837b95628ee91f1cdd
FILE_OK artifacts/evidence_index.jsonl.sha256 sha256=87430e870a243f7a78d14fe96b7bec8436b3dc5eea7275b31fb30819d02e3876
FILE_OK docs/acceptance_map_epic035.json sha256=c2069cc489cd749f67e6335e8482a9a0bb488bfab4cfb72809637d983068a7e1
FILE_OK artifacts/vendor/hdapi_v2/error_mapping.snapshot.json sha256=f6beb220466b403afc85e7cb5c0b83627019fff91024a50bc14ad8a01e4d6270
FILE_OK artifacts/vendor/hdapi_v2/rate_limit_headers.snapshot.json sha256=c3e5be1317fb6b2ff1de4e67dd1a8073e6e0696ad3fc938413fe56f05a552a7f
FILE_OK artifacts/vendor/hdapi_v2/response_mapping.snapshot.json sha256=b7ee708ad8a3b35c4b402d9304040ce55498c783a356c08ea3613c017b8a7a23
FILE_OK artifacts/vendor/hdapi_v2/release_binding.snapshot.json sha256=b8b8e88f016374fba7c9ce13b1c63394c280889a1826e7c1ec011a7c7fe69c82
JSON_CANONICAL_OK docs/acceptance_map_epic035.json
JSON_CANONICAL_OK artifacts/vendor/hdapi_v2/error_mapping.snapshot.json
JSON_CANONICAL_OK artifacts/vendor/hdapi_v2/rate_limit_headers.snapshot.json
JSON_CANONICAL_OK artifacts/vendor/hdapi_v2/response_mapping.snapshot.json
JSON_CANONICAL_OK artifacts/vendor/hdapi_v2/release_binding.snapshot.json
COMMAND /usr/local/bin/python -m pytest tests/evidence/test_hdapi_v2_live_conformance.py tests/evidence/test_hdapi_v2_response_normalization.py tests/evidence/test_hdapi_v2_contract_inventory.py tests/evidence/test_hde_epic035_pr03_evidence_loop.py
============================= test session starts ==============================
platform linux -- Python 3.11.15, pytest-8.4.2, pluggy-1.6.0
rootdir: /workspaces/glow-hdengine-v2
configfile: pytest.ini
plugins: cov-4.1.0, mock-3.15.1
collected 323 items

tests/evidence/test_hdapi_v2_live_conformance.py .........               [  2%]
tests/evidence/test_hdapi_v2_response_normalization.py .........         [  5%]
tests/evidence/test_hdapi_v2_contract_inventory.py ..................... [ 12%]
........................................................................ [ 34%]
........................................................................ [ 56%]
........................................................................ [ 78%]
.............................................................            [ 97%]
tests/evidence/test_hde_epic035_pr03_evidence_loop.py .......            [100%]

============================= 323 passed in 55.60s =============================
EXIT_CODE 0
COMMAND /usr/local/bin/python tools/evidence/validate_evidence_paths.py
EXIT_CODE 0
COMMAND /usr/local/bin/python tools/evidence/check_lf_endings.py
EXIT_CODE 0
COMMAND /usr/local/bin/python tools/evidence/update_evidence_index.py --check
[evidence-index] env pins: ALLOW_NETWORK=0,LANG=C,LC_ALL=C,SAFE_MODE=1,TZ=UTC
EXIT_CODE 0
MIRROR_SCHEMA_INVOCATION_NORMALIZED=python ci/checks/check_mirror_schema.sh
COMMAND /usr/local/bin/python ci/checks/check_mirror_schema.sh
EXIT_CODE 0
COMMAND bash ci/checks/check_evidence_index_hash.sh
EXIT_CODE 0
COMMAND bash ci/checks/check_final_lf.sh
EXIT_CODE 0
TEXT_OK docs/acceptance_map_epic035.json :: EVIDENCE_INDEX_UPDATED_OK
TEXT_OK docs/acceptance_map_epic035.json :: MACHINE_MIRROR_UPDATED_OK
TEXT_OK docs/acceptance_map_epic035.json :: EVIDENCE_INDEX_HASH_OK
TEXT_OK docs/acceptance_map_epic035.json :: EVIDENCE_PATHS_VALIDATED_OK
TEXT_OK docs/acceptance_map_epic035.json :: EVIDENCE_PATH_PROOFS_OK
TEXT_OK docs/acceptance_map_epic035.json :: JSON_CANONICAL_CHECK_OK
TEXT_OK docs/acceptance_map_epic035.json :: TESTS_PASS_OK
