{"artifacts": ["audit/qa/hde-epic025/checks/po-011/primary.log", "audit/qa/hde-epic025/checks/po-011/epic_closure_record.md", "audit/qa/hde-epic025/checks/po-011/epic_closure_record.md.sha256", "audit/qa/hde-epic025/epic_closure_record.md", "audit/qa/hde-epic025/epic_closure_record.md.sha256"], "captured_env": {"LANG": "en_US.UTF-8", "LC_ALL": "C", "MODO_AI_BUNDLE": "", "MODO_AI_VERBOSE": "", "MODO_RAILS": "", "TZ": "UTC"}, "check_id": "po-011", "check_name": "po-011", "claimed_tokens": [], "command": "git rev-parse HEAD\ncat > ${EVIDENCE_ROOT}/checks/po-011/epic_closure_record.md <<EOF (template body)\ncp ${EVIDENCE_ROOT}/checks/po-011/epic_closure_record.md ${EVIDENCE_ROOT}/epic_closure_record.md\nsha256sum ${EVIDENCE_ROOT}/epic_closure_record.md > ${EVIDENCE_ROOT}/epic_closure_record.md.sha256\nsha256sum -c ${EVIDENCE_ROOT}/epic_closure_record.md.sha256\ntest -s (each referenced artifact path from the closure record)\ngit status --porcelain", "command_provenance": "Copy/paste from plan", "fail_status": "", "intended_tokens": [], "pf_refs": ["PF10", "PF05", "PF02"], "status": "PASS", "timestamp_utc": "2026-02-04T17:17:07Z"}
$ git rev-parse HEAD
6fdf0d809d34b19c15eae5d56a89c05c1f24fc37
$ sha256sum "${EVIDENCE_ROOT}/epic_closure_record.md" > "${EVIDENCE_ROOT}/epic_closure_record.md.sha256"
$ sha256sum -c "${EVIDENCE_ROOT}/epic_closure_record.md.sha256"
audit/qa/hde-epic025/epic_closure_record.md: OK
$ test -s audit/qa/hde-epic025/checks/po-001/primary.log
OK: audit/qa/hde-epic025/checks/po-001/primary.log
$ test -s audit/qa/hde-epic025/checks/po-002/primary.log
OK: audit/qa/hde-epic025/checks/po-002/primary.log
$ test -s audit/qa/hde-epic025/checks/po-003/primary.log
OK: audit/qa/hde-epic025/checks/po-003/primary.log
$ test -s audit/qa/hde-epic025/checks/po-004/primary.log
OK: audit/qa/hde-epic025/checks/po-004/primary.log
$ test -s audit/qa/hde-epic025/checks/po-005/primary.log
OK: audit/qa/hde-epic025/checks/po-005/primary.log
$ test -s audit/qa/hde-epic025/checks/po-006/primary.log
OK: audit/qa/hde-epic025/checks/po-006/primary.log
$ test -s audit/qa/hde-epic025/checks/po-007/primary.log
OK: audit/qa/hde-epic025/checks/po-007/primary.log
$ test -s audit/qa/hde-epic025/checks/po-008/primary.log
OK: audit/qa/hde-epic025/checks/po-008/primary.log
$ test -s audit/qa/hde-epic025/checks/po-009/primary.log
OK: audit/qa/hde-epic025/checks/po-009/primary.log
$ test -s audit/qa/hde-epic025/checks/po-010/primary.log
OK: audit/qa/hde-epic025/checks/po-010/primary.log
$ test -s audit/qa/hde-epic025/checks/d0_discovery/primary.log
OK: audit/qa/hde-epic025/checks/d0_discovery/primary.log
$ test -s audit/qa/hde-epic025/checks/po-005/showcompat_stdout.json
OK: audit/qa/hde-epic025/checks/po-005/showcompat_stdout.json
$ test -s audit/qa/hde-epic025/checks/po-005/showcompat_stdout.sha256
OK: audit/qa/hde-epic025/checks/po-005/showcompat_stdout.sha256
$ test -s audit/qa/hde-epic025/checks/po-004/endpoints_catalog.json
OK: audit/qa/hde-epic025/checks/po-004/endpoints_catalog.json
$ test -s audit/qa/hde-epic025/checks/po-004/endpoints_catalog.sha256
OK: audit/qa/hde-epic025/checks/po-004/endpoints_catalog.sha256
$ test -s audit/qa/hde-epic025/checks/po-010/env_pins.log
OK: audit/qa/hde-epic025/checks/po-010/env_pins.log
$ test -s audit/qa/hde-epic025/checks/po-010/env_pins.log.sha256
OK: audit/qa/hde-epic025/checks/po-010/env_pins.log.sha256
$ test -s audit/qa/hde-epic025/checks/po-011/epic_closure_record.md
OK: audit/qa/hde-epic025/checks/po-011/epic_closure_record.md
$ test -s audit/qa/hde-epic025/epic_closure_record.md
OK: audit/qa/hde-epic025/epic_closure_record.md
$ test -s audit/qa/hde-epic025/checks/po-011/epic_closure_record.md.sha256
OK: audit/qa/hde-epic025/checks/po-011/epic_closure_record.md.sha256
$ test -s audit/qa/hde-epic025/epic_closure_record.md.sha256
OK: audit/qa/hde-epic025/epic_closure_record.md.sha256
$ git status --porcelain
 M AGENTS.md
 M artifacts/cli/ab.json
 M artifacts/cli/ab.json.path_proof.txt
 M artifacts/cli/ba.json
 M artifacts/cli/ba.json.path_proof.txt
 M artifacts/cli/showcompat/stdout.json
 M artifacts/cli/showcompat/stdout.json.path_proof.txt
 M artifacts/cli/summary.json
 M artifacts/cli/summary.json.path_proof.txt
 M artifacts/core/abba/ab_ba_parity.json
 M artifacts/core/abba/ab_ba_parity.json.path_proof.txt
 M artifacts/core/json_compare/core_result_json_compare.json
 M artifacts/core/json_compare/core_result_json_compare.json.path_proof.txt
 M artifacts/core/purity/purity_report.json
 M artifacts/core/purity/purity_report.json.path_proof.txt
 M artifacts/core/two_run/identity.json
 M artifacts/core/two_run/identity.json.path_proof.txt
 M artifacts/evidence_index.jsonl
 M artifacts/evidence_index.jsonl.path_proof.txt
 M artifacts/ingest/ingest_success.log
 M artifacts/ingest/ingest_success.log.path_proof.txt
 M artifacts/ingest/retry_trace.log
 M artifacts/ingest/retry_trace.log.path_proof.txt
 M artifacts/math/release_id_recompute.log
 M artifacts/math/release_id_recompute.log.sha256
 M artifacts/presenter/showcompat_ab.bytes
 M artifacts/presenter/showcompat_ab.bytes.path_proof.txt
 M artifacts/presenter/showcompat_ba.bytes
 M artifacts/presenter/showcompat_ba.bytes.path_proof.txt
 M artifacts/presenter/showcompat_identity_summary.json
 M artifacts/presenter/showcompat_identity_summary.json.path_proof.txt
 M artifacts/sampler/abba/ab_ba_parity.json
 M artifacts/sampler/abba/ab_ba_parity.json.path_proof.txt
 M artifacts/sampler/diversity/diversity_requirements.json
 M artifacts/sampler/diversity/diversity_requirements.json.path_proof.txt
 M artifacts/sampler/pool_snapshots/baseline.json
 M artifacts/sampler/pool_snapshots/baseline.json.path_proof.txt
 M artifacts/sampler/seed_replay/cli_http_seed_replay.json
 M artifacts/sampler/seed_replay/cli_http_seed_replay.json.path_proof.txt
 M artifacts/sampler/two_run/identity.json
 M artifacts/sampler/two_run/identity.json.path_proof.txt
 M audit/gates/canonical_json/json_canon_compare.log
 M audit/gates/canonical_json/json_canon_compare.log.path_proof.txt
 M audit/gates/canonical_json/json_canonical_check.log
 M audit/gates/canonical_json/json_canonical_check.log.path_proof.txt
 M audit/gates/json_gate/canonical/json_gate_check_log.ndjson
 M audit/gates/json_gate/canonical/json_gate_check_log.ndjson.path_proof.txt
 M audit/gates/json_gate/canonical/json_gate_compare_log.ndjson
 M audit/gates/json_gate/canonical/json_gate_compare_log.ndjson.path_proof.txt
 M audit/gates/json_gate/canonical/json_gate_structured_record.json.path_proof.txt
 M audit/qa/hde-epic025/qa_step_logs_manifest.json
 M audit/qa/hde-epic025/qa_step_logs_manifest.json.path_proof.txt
 D docs/pfcanon/PF10-HDE-Build-Notes-v9.5.6.md
 M tests/cli/test_showcompat_parity_and_identity.py
 M tests/http/test_compat_endpoint_contract.py
 M tools/presenter/generate_presenter_artifacts.py
?? audit/qa/hde-epic025/00_meta/
?? audit/qa/hde-epic025/CRD_hde-epic025_po-002.md
?? audit/qa/hde-epic025/checks/d0_discovery/
?? audit/qa/hde-epic025/checks/po-001/
?? audit/qa/hde-epic025/checks/po-002/
?? audit/qa/hde-epic025/checks/po-003/
?? audit/qa/hde-epic025/checks/po-004/
?? audit/qa/hde-epic025/checks/po-005/
?? audit/qa/hde-epic025/checks/po-006/
?? audit/qa/hde-epic025/checks/po-007/
?? audit/qa/hde-epic025/checks/po-008/
?? audit/qa/hde-epic025/checks/po-009/
?? audit/qa/hde-epic025/checks/po-010/
?? audit/qa/hde-epic025/checks/po-011/
?? audit/qa/hde-epic025/epic025_run_record.md
?? audit/qa/hde-epic025/epic_closure_record.md
?? audit/qa/hde-epic025/epic_closure_record.md.sha256
?? audit/qa/hde-epic025/hde-epic025_po-001_step_report.md
?? audit/qa/hde-epic025/hde-epic025_po-002_step_report.md
?? audit/qa/hde-epic025/hde-epic025_po-003_step_report.md
?? audit/qa/hde-epic025/hde-epic025_po-004_step_report.md
?? audit/qa/hde-epic025/hde-epic025_po-005_step_report.md
?? audit/qa/hde-epic025/hde-epic025_po-006_step_report.md
?? audit/qa/hde-epic025/hde-epic025_po-007_step_report.md
?? audit/qa/hde-epic025/hde-epic025_po-008_step_report.md
?? audit/qa/hde-epic025/hde-epic025_po-009_step_report.md
?? audit/qa/hde-epic025/hde-epic025_po-010_step_report.md
?? audit/qa/hde-epic025/hde-epic025_po-010_step_report_rerun_20260204.md
?? audit/qa/hde-epic025/hde-epic025_po-011_step_report.md
?? docs/pfcanon/PF10-HDE-Build-Notes-v9.7.4.md
?? tools/cli/generate_showcompat_parity_artifacts.py
pass_fail=pass
$ /workspaces/glow-hdengine-v2/.venv/bin/python "${EVIDENCE_ROOT}/00_meta/write_step_log_header.py" > "${EVIDENCE_ROOT}/checks/po-011/primary.log"
