{"captured_env": {"ALLOW_NETWORK": "0", "APP_ENV": "dev", "LANG": "C", "LC_ALL": "C", "SAFE_MODE": "1", "TZ": "UTC"}, "check_id": "po-013", "check_name": "PO-013", "claimed_tokens": [], "command": "python audit/qa/hde-epic032/00_meta/live_qa_harness.py po-013", "command_provenance": "Copy/paste from plan", "evidence_artifacts": ["audit/qa/hde-epic032/checks/po-013/primary.log", "audit/qa/hde-epic032/checks/po-013/primary.log.path_proof.txt", "audit/qa/hde-epic032/checks/po-013/result.json"], "exit_code": 0, "fail_status": "", "intended_tokens": [], "pf_refs": ["PF10 - HDE-Build Notes", "PF19 - Glow QA Guide", "PF27 - Canon Plan Templates"], "schema_version": "pf27.step_log_header.v1", "status": "PASS", "timestamp_utc": "2026-05-23T03:11:29Z"}
{
  "check_id": "po-013",
  "checked_at_utc": "2026-05-23T03:11:29Z",
  "commands": [
    {
      "cmd": [
        "/usr/bin/python3",
        "tools/evidence/update_evidence_index.py",
        "--check"
      ],
      "returncode": 0,
      "stderr": "",
      "stdout": "[evidence-index] env pins: ALLOW_NETWORK=0,LANG=C,LC_ALL=C,SAFE_MODE=1,TZ=UTC\n"
    },
    {
      "cmd": [
        "/usr/bin/python3",
        "tools/evidence/validate_evidence_paths.py"
      ],
      "returncode": 0,
      "stderr": "",
      "stdout": ""
    }
  ],
  "human_index_present": true,
  "machine_mirror_present": true,
  "rails": {
    "ALLOW_NETWORK": "0",
    "APP_ENV": "dev",
    "LANG": "C",
    "LC_ALL": "C",
    "SAFE_MODE": "1",
    "TZ": "UTC"
  },
  "required_missing": [],
  "schema": "hde_epic032.po_013.v1",
  "status": "PASS"
}
