{"captured_env":{"ALLOW_NETWORK":"0","APP_ENV":"dev","LANG":"C","LC_ALL":"C","SAFE_MODE":"1","TZ":"UTC"},"check_id":"po-epic021-live-qa","check_name":"EPIC021 current QA and CLI family","claimed_tokens":[],"command":[["/tmp/pr391-ledger-venv/bin/python","-m","pytest","--version"],["/tmp/pr391-ledger-venv/bin/python","-m","pytest","--collect-only","-q","-p","no:cacheprovider","tests/qa/test_generic_qa_harness.py","tests/qa/test_qa_harness_followup.py","tests/qa/test_epic021_harness_entrypoint.py","tests/qa/test_epic021_acceptance_alignment.py","tests/qa/test_tooling_bootstrap.py","tests/qa/test_epic021_scaffolding.py","tests/cli/test_cli_canonical_bytes.py","tests/cli/test_bg_resolve.py","tests/cli/test_errors_parity.py","tests/cli/test_aux_preview.py","tests/cli/test_showcompat_parity_and_identity.py","tests/cli/test_serializer_guards.py","tests/evidence/test_sanity_pipeline.py","tests/evidence/test_sanity_evidence_index.py","tests/config/test_registry_report_indexing.py","tests/evidence/test_evidence_index_env.py","tests/invariance/test_determinism_env_helper.py","tests/ops/test_evidence_index.py"],["/tmp/pr391-ledger-venv/bin/python","-m","pytest","-q","-p","no:cacheprovider","tests/qa/test_generic_qa_harness.py","tests/qa/test_qa_harness_followup.py","tests/qa/test_epic021_harness_entrypoint.py","tests/qa/test_epic021_acceptance_alignment.py","tests/qa/test_tooling_bootstrap.py","tests/qa/test_epic021_scaffolding.py","tests/cli/test_cli_canonical_bytes.py","tests/cli/test_bg_resolve.py","tests/cli/test_errors_parity.py","tests/cli/test_aux_preview.py","tests/cli/test_showcompat_parity_and_identity.py","tests/cli/test_serializer_guards.py","tests/evidence/test_sanity_pipeline.py","tests/evidence/test_sanity_evidence_index.py","tests/config/test_registry_report_indexing.py","tests/evidence/test_evidence_index_env.py","tests/invariance/test_determinism_env_helper.py","tests/ops/test_evidence_index.py"]],"command_provenance":"EPIC021 exact executed non-shell argv receipts","evidence_artifacts":["audit/qa/hde-epic021/checks/po-epic021-live-qa/primary.log"],"exit_code":0,"intended_tokens":["TESTS_PASS_OK","CLI_NO_ALT_JSON_OK","ERROR_JSON_CANON_OK","ENV_RAILS_POLICY_OK","DOC_DELTA_PRESENT_OK","QA_HARNESS_DISCIPLINE_OK"],"pf_refs":["PF04-Canon-HDE-Governance","PF19-Canon-Glow-QA-Guide","PF27-Canon-Plan-Templates"],"schema_version":"pf27.step_log_header.v2","status":"PASS","status_reason":"","timestamp_utc":"2026-08-19T02:09:06Z"}
token_claim_posture: intended tokens are recorded but not claimed by this PR-03 receipt
{"argv":["/tmp/pr391-ledger-venv/bin/python","-m","pytest","--version"],"command_index":1,"process_error":"","returncode":0}
[stdout]
pytest 8.4.2
[stderr]

{"argv":["/tmp/pr391-ledger-venv/bin/python","-m","pytest","--collect-only","-q","-p","no:cacheprovider","tests/qa/test_generic_qa_harness.py","tests/qa/test_qa_harness_followup.py","tests/qa/test_epic021_harness_entrypoint.py","tests/qa/test_epic021_acceptance_alignment.py","tests/qa/test_tooling_bootstrap.py","tests/qa/test_epic021_scaffolding.py","tests/cli/test_cli_canonical_bytes.py","tests/cli/test_bg_resolve.py","tests/cli/test_errors_parity.py","tests/cli/test_aux_preview.py","tests/cli/test_showcompat_parity_and_identity.py","tests/cli/test_serializer_guards.py","tests/evidence/test_sanity_pipeline.py","tests/evidence/test_sanity_evidence_index.py","tests/config/test_registry_report_indexing.py","tests/evidence/test_evidence_index_env.py","tests/invariance/test_determinism_env_helper.py","tests/ops/test_evidence_index.py"],"command_index":2,"process_error":"","returncode":0}
[stdout]
tests/qa/test_generic_qa_harness.py::test_config_derives_canonical_paths
tests/qa/test_generic_qa_harness.py::test_exact_status_set_and_causal_rollup
tests/qa/test_generic_qa_harness.py::test_unsafe_check_ids_are_rejected[]
tests/qa/test_generic_qa_harness.py::test_unsafe_check_ids_are_rejected[..]
tests/qa/test_generic_qa_harness.py::test_unsafe_check_ids_are_rejected[a/b]
tests/qa/test_generic_qa_harness.py::test_unsafe_check_ids_are_rejected[a\\b]
tests/qa/test_generic_qa_harness.py::test_unsafe_check_ids_are_rejected[/absolute]
tests/qa/test_generic_qa_harness.py::test_current_publishers_reject_uppercase_ids_before_writes_and_admit_lowercase[False]
tests/qa/test_generic_qa_harness.py::test_current_publishers_reject_uppercase_ids_before_writes_and_admit_lowercase[True]
tests/qa/test_generic_qa_harness.py::test_pf27_header_and_manifest_replace_by_check_id
tests/qa/test_generic_qa_harness.py::test_same_interpreter_and_classification
tests/qa/test_generic_qa_harness.py::test_pytest_rejects_uppercase_check_id_without_spawning
tests/qa/test_generic_qa_harness.py::test_pytest_preflight_skips_admitted_option_values[pytest_args0]
tests/qa/test_generic_qa_harness.py::test_pytest_preflight_skips_admitted_option_values[pytest_args1]
tests/qa/test_generic_qa_harness.py::test_pytest_preflight_skips_admitted_option_values[pytest_args2]
tests/qa/test_generic_qa_harness.py::test_pytest_preflight_rejects_unbounded_option_controls_without_execution[pytest_args0-lacks its expression]
tests/qa/test_generic_qa_harness.py::test_pytest_preflight_rejects_unbounded_option_controls_without_execution[pytest_args1-admits only -p no:cacheprovider]
tests/qa/test_generic_qa_harness.py::test_pytest_preflight_rejects_unbounded_option_controls_without_execution[pytest_args2-uses unsupported option: --basetemp]
tests/qa/test_generic_qa_harness.py::test_pytest_readiness_launch_failure_records_no_executed_command
tests/qa/test_generic_qa_harness.py::test_pytest_no_collection_is_tooling_blocked
tests/qa/test_generic_qa_harness.py::test_viability_passes_exact_and_legacy_single_path
tests/qa/test_generic_qa_harness.py::test_governance_binding_does_not_promote_ci_or_qa_locators
tests/qa/test_generic_qa_harness.py::test_existing_unindexed_acceptance_evidence_cannot_pass
tests/qa/test_generic_qa_harness.py::test_governance_graph_requires_exact_key_set_parity
tests/qa/test_generic_qa_harness.py::test_governance_graph_requires_self_record_for_ordinary_evidence
tests/qa/test_generic_qa_harness.py::test_governance_graph_rejects_unrelated_global_parity_gap
tests/qa/test_generic_qa_harness.py::test_governance_graph_allows_matching_multi_key_path
tests/qa/test_generic_qa_harness.py::test_acceptance_evidence_rejects_noncanonical_dot_alias
tests/qa/test_generic_qa_harness.py::test_planned_acceptance_output_rejects_symlink_alias
tests/qa/test_generic_qa_harness.py::test_planned_acceptance_output_rejects_existing_directory
tests/qa/test_generic_qa_harness.py::test_missing_sibling_path_proof_is_tooling_blocked
tests/qa/test_generic_qa_harness.py::test_evidence_graph_failure_classification_is_causal[missing-TOOLING_BLOCKED]
tests/qa/test_generic_qa_harness.py::test_evidence_graph_failure_classification_is_causal[malformed-FAIL_TOOLING]
tests/qa/test_generic_qa_harness.py::test_path_proof_cannot_be_primary_acceptance_evidence
tests/qa/test_generic_qa_harness.py::test_graph_snapshot_is_refreshed_for_each_evaluation
tests/qa/test_generic_qa_harness.py::test_planned_output_cannot_substitute_for_governed_acceptance_evidence[acceptance_map.evidence_titles]
tests/qa/test_generic_qa_harness.py::test_planned_output_cannot_substitute_for_governed_acceptance_evidence[matrix.evidence_artifacts]
tests/qa/test_generic_qa_harness.py::test_planned_acceptance_output_exception_is_exact
tests/qa/test_generic_qa_harness.py::test_machine_mirror_checksum_has_no_acceptance_evidence_exception
tests/qa/test_generic_qa_harness.py::test_pf04_declaration_forms_ignore_explanatory_prose
tests/qa/test_generic_qa_harness.py::test_viability_validates_each_semicolon_delimited_reference
tests/qa/test_generic_qa_harness.py::test_generator_only_viability_ledger_matches_primary_evaluation
tests/qa/test_generic_qa_harness.py::test_governed_viability_admission_rejects_unbound_ledger
tests/qa/test_generic_qa_harness.py::test_viability_rejects_bad_references[../escape.txt-FAIL_BEHAVIOR]
tests/qa/test_generic_qa_harness.py::test_viability_rejects_bad_references[/tmp/absolute-FAIL_BEHAVIOR]
tests/qa/test_generic_qa_harness.py::test_viability_rejects_bad_references[no path prose-TOOLING_BLOCKED]
tests/qa/test_generic_qa_harness.py::test_viability_rejects_bad_references[evidence/proof.json and evidence/other.json-FAIL_BEHAVIOR]
tests/qa/test_generic_qa_harness.py::test_viability_rejects_bad_references[evidence/empty.txt-TOOLING_BLOCKED]
tests/qa/test_generic_qa_harness.py::test_viability_rejects_bad_references[evidence/bad.json-FAIL_TOOLING]
tests/qa/test_generic_qa_harness.py::test_viability_duplicate_or_orphan_tokens_fail_tooling
tests/qa/test_generic_qa_harness.py::test_wrong_epic_identity_is_tooling_failure_and_invalidates_tokens
tests/qa/test_generic_qa_harness.py::test_malformed_acceptance_map_structure_is_tooling_failure[payload0-epic identity]
tests/qa/test_generic_qa_harness.py::test_malformed_acceptance_map_structure_is_tooling_failure[payload1-non-empty list]
tests/qa/test_generic_qa_harness.py::test_malformed_acceptance_map_structure_is_tooling_failure[payload2-non-empty list]
tests/qa/test_generic_qa_harness.py::test_malformed_acceptance_map_structure_is_tooling_failure[payload3-not an object]
tests/qa/test_generic_qa_harness.py::test_malformed_acceptance_map_structure_is_tooling_failure[payload4-invalid name]
tests/qa/test_generic_qa_harness.py::test_viability_requires_matching_acceptance_owner_pf[None]
tests/qa/test_generic_qa_harness.py::test_viability_requires_matching_acceptance_owner_pf[]
tests/qa/test_generic_qa_harness.py::test_viability_requires_matching_acceptance_owner_pf[PF19]
tests/qa/test_generic_qa_harness.py::test_malformed_acceptance_evidence_titles_are_tooling_failure[None]
tests/qa/test_generic_qa_harness.py::test_malformed_acceptance_evidence_titles_are_tooling_failure[evidence_titles1]
tests/qa/test_generic_qa_harness.py::test_malformed_acceptance_evidence_titles_are_tooling_failure[evidence_titles2]
tests/qa/test_generic_qa_harness.py::test_malformed_acceptance_evidence_titles_are_tooling_failure[evidence_titles3]
tests/qa/test_generic_qa_harness.py::test_viability_normalizes_and_compares_acceptance_posture[implemented-Implemented-PASS-VALID]
tests/qa/test_generic_qa_harness.py::test_viability_normalizes_and_compares_acceptance_posture[covered-Covered-PASS-VALID]
tests/qa/test_generic_qa_harness.py::test_viability_normalizes_and_compares_acceptance_posture[satisfied-Satisfied-PASS-VALID]
tests/qa/test_generic_qa_harness.py::test_viability_normalizes_and_compares_acceptance_posture[planned-Implemented-FAIL_TOOLING-STATUS_MISMATCH]
tests/qa/test_generic_qa_harness.py::test_viability_normalizes_and_compares_acceptance_posture[None-Implemented-FAIL_TOOLING-INVALID_ACCEPTANCE_STATUS]
tests/qa/test_generic_qa_harness.py::test_viability_normalizes_and_compares_acceptance_posture[done-Implemented-FAIL_TOOLING-INVALID_ACCEPTANCE_STATUS]
tests/qa/test_generic_qa_harness.py::test_viability_normalizes_and_compares_acceptance_posture[implemented-done-FAIL_TOOLING-INVALID_MATRIX_STATUS]
tests/qa/test_generic_qa_harness.py::test_viability_normalizes_and_compares_acceptance_posture[implemented--FAIL_TOOLING-INVALID_MATRIX_STATUS]
tests/qa/test_generic_qa_harness.py::test_viability_normalizes_and_compares_acceptance_posture[planned-Planned-TOOLING_BLOCKED-PLANNED]
tests/qa/test_generic_qa_harness.py::test_viability_normalizes_and_compares_acceptance_posture[token_incomplete-Token-incomplete-TOOLING_BLOCKED-TOKEN_INCOMPLETE]
tests/qa/test_generic_qa_harness.py::test_missing_and_malformed_inputs_are_structured
tests/qa/test_generic_qa_harness.py::test_writer_failure_is_fail_tooling
tests/qa/test_generic_qa_harness.py::test_legacy_manifest_is_replaced_without_importing_run_state
tests/qa/test_generic_qa_harness.py::test_unknown_manifest_shape_fails_before_primary_log
tests/qa/test_generic_qa_harness.py::test_publication_rolls_back_when_manifest_write_fails
tests/qa/test_generic_qa_harness.py::test_pytest_returncode_classification_is_causal[0-PASS]
tests/qa/test_generic_qa_harness.py::test_pytest_returncode_classification_is_causal[1-FAIL_BEHAVIOR]
tests/qa/test_generic_qa_harness.py::test_pytest_returncode_classification_is_causal[2-FAIL_TOOLING]
tests/qa/test_generic_qa_harness.py::test_pytest_returncode_classification_is_causal[3-FAIL_TOOLING]
tests/qa/test_generic_qa_harness.py::test_pytest_returncode_classification_is_causal[4-FAIL_TOOLING]
tests/qa/test_generic_qa_harness.py::test_pytest_returncode_classification_is_causal[5-TOOLING_BLOCKED]
tests/qa/test_generic_qa_harness.py::test_pytest_returncode_classification_is_causal[-9-FAIL_TOOLING]
tests/qa/test_generic_qa_harness.py::test_pytest_returncode_classification_rejects_non_integer
tests/qa/test_qa_harness_followup.py::test_normal_governance_binding_rejects_stale_artifact_bytes
tests/qa/test_qa_harness_followup.py::test_normal_governance_binding_rejects_wrong_proof_anchor
tests/qa/test_qa_harness_followup.py::test_normal_governance_binding_rejects_duplicate_proof_field
tests/qa/test_qa_harness_followup.py::test_normal_governance_binding_allows_informational_proof_field
tests/qa/test_qa_harness_followup.py::test_governance_binding_rejects_external_proof_symlink
tests/qa/test_qa_harness_followup.py::test_governance_binding_rejects_aliased_proof_parent
tests/qa/test_qa_harness_followup.py::test_governance_binding_rejects_transient_proof_symlink_swap
tests/qa/test_qa_harness_followup.py::test_self_record_proof_is_validated_before_ordinary_evidence_passes
tests/qa/test_qa_harness_followup.py::test_governance_graph_rejects_invalid_optional_metadata_types[human-tokens-NOT_A_LIST]
tests/qa/test_qa_harness_followup.py::test_governance_graph_rejects_invalid_optional_metadata_types[human-tokens-None]
tests/qa/test_qa_harness_followup.py::test_governance_graph_rejects_invalid_optional_metadata_types[human-produced_at_utc-None]
tests/qa/test_qa_harness_followup.py::test_governance_graph_rejects_invalid_optional_metadata_types[human-sha256-None]
tests/qa/test_qa_harness_followup.py::test_governance_graph_rejects_invalid_optional_metadata_types[human-size_bytes-None]
tests/qa/test_qa_harness_followup.py::test_governance_graph_rejects_invalid_optional_metadata_types[mirror-epic_id-value5]
tests/qa/test_qa_harness_followup.py::test_governance_graph_rejects_invalid_optional_metadata_types[mirror-notes-value6]
tests/qa/test_qa_harness_followup.py::test_governance_graph_rejects_invalid_optional_metadata_types[mirror-schema_version-1]
tests/qa/test_qa_harness_followup.py::test_governance_graph_rejects_invalid_optional_metadata_types[mirror-tokens-None]
tests/qa/test_qa_harness_followup.py::test_governance_graph_allows_minimal_historical_human_rows
tests/qa/test_qa_harness_followup.py::test_governance_graph_rejects_noncanonical_human_index[pretty]
tests/qa/test_qa_harness_followup.py::test_governance_graph_rejects_noncanonical_human_index[reordered]
tests/qa/test_qa_harness_followup.py::test_governance_validator_rechecks_artifact_bytes_within_evaluation
tests/qa/test_qa_harness_followup.py::test_governance_validator_final_stability_check_rejects_late_change
tests/qa/test_qa_harness_followup.py::test_governance_validator_rechecks_proof_bytes_within_evaluation
tests/qa/test_qa_harness_followup.py::test_json_validation_and_governance_use_the_same_captured_bytes
tests/qa/test_qa_harness_followup.py::test_governance_binding_requires_membership_in_both_ledgers[human]
tests/qa/test_qa_harness_followup.py::test_governance_binding_requires_membership_in_both_ledgers[mirror]
tests/qa/test_qa_harness_followup.py::test_governance_membership_uses_lexical_declared_path
tests/qa/test_qa_harness_followup.py::test_canonical_endpoint_catalog_symlink_can_be_governed_evidence
tests/qa/test_qa_harness_followup.py::test_canonical_endpoint_catalog_target_symlink_cannot_pass
tests/qa/test_qa_harness_followup.py::test_canonical_endpoint_catalog_target_parent_alias_cannot_pass
tests/qa/test_qa_harness_followup.py::test_canonical_endpoint_catalog_retarget_during_evaluation_fails
tests/qa/test_qa_harness_followup.py::test_canonical_endpoint_catalog_target_replacement_during_evaluation_fails
tests/qa/test_qa_harness_followup.py::test_canonical_endpoint_catalog_external_symlink_fails
tests/qa/test_qa_harness_followup.py::test_registered_symlinked_acceptance_evidence_cannot_pass
tests/qa/test_qa_harness_followup.py::test_cyclic_acceptance_evidence_alias_fails_causally
tests/qa/test_qa_harness_followup.py::test_reentering_acceptance_evidence_alias_fails_before_modern_resolve
tests/qa/test_qa_harness_followup.py::test_cyclic_evidence_graph_path_fails_without_resolve_loop_errors
tests/qa/test_qa_harness_followup.py::test_symlinked_human_index_cannot_govern_acceptance
tests/qa/test_qa_harness_followup.py::test_internally_aliased_machine_mirror_cannot_govern_acceptance
tests/qa/test_qa_harness_followup.py::test_viability_rechecks_all_causal_inputs_before_pass[pf04]
tests/qa/test_qa_harness_followup.py::test_viability_rechecks_all_causal_inputs_before_pass[acceptance_map]
tests/qa/test_qa_harness_followup.py::test_viability_rechecks_all_causal_inputs_before_pass[matrix]
tests/qa/test_qa_harness_followup.py::test_viability_rechecks_all_causal_inputs_before_pass[pf04_source_set]
tests/qa/test_qa_harness_followup.py::test_machine_mirror_self_record_uses_body_and_full_file_hashes
tests/qa/test_qa_harness_followup.py::test_machine_mirror_self_record_rejects_incoherent_hash_or_size[row_body-self-record body hash]
tests/qa/test_qa_harness_followup.py::test_machine_mirror_self_record_rejects_incoherent_hash_or_size[row_size-self-record size]
tests/qa/test_qa_harness_followup.py::test_machine_mirror_self_record_rejects_incoherent_hash_or_size[proof_full-path proof hash/size]
tests/qa/test_qa_harness_followup.py::test_machine_mirror_self_record_rejects_incoherent_hash_or_size[proof_body-path proof body hash]
tests/qa/test_qa_harness_followup.py::test_epic027_flat_v1_transition_retains_all_historical_identities
tests/qa/test_qa_harness_followup.py::test_uppercase_legacy_entry_cannot_be_carried_into_current_manifest[v1]
tests/qa/test_qa_harness_followup.py::test_uppercase_legacy_entry_cannot_be_carried_into_current_manifest[v2]
tests/qa/test_qa_harness_followup.py::test_epic028_wrapped_v1_transition_becomes_flat
tests/qa/test_qa_harness_followup.py::test_epic021_runs_envelope_is_recognized_without_import
tests/qa/test_qa_harness_followup.py::test_epic029_bracket_headers_fail_closed_without_writes
tests/qa/test_qa_harness_followup.py::test_manifest_key_entry_and_header_identity_must_agree
tests/qa/test_qa_harness_followup.py::test_v2_manifest_receipt_requires_exact_primary_self_binding[False-preflight]
tests/qa/test_qa_harness_followup.py::test_v2_manifest_receipt_requires_exact_primary_self_binding[False-verify]
tests/qa/test_qa_harness_followup.py::test_v2_manifest_receipt_requires_exact_primary_self_binding[True-preflight]
tests/qa/test_qa_harness_followup.py::test_v2_manifest_receipt_requires_exact_primary_self_binding[True-verify]
tests/qa/test_qa_harness_followup.py::test_transition_rejects_invalid_header_status
tests/qa/test_qa_harness_followup.py::test_transition_rejects_missing_traversing_foreign_or_mismatched_paths[checks/po-001/missing.log]
tests/qa/test_qa_harness_followup.py::test_transition_rejects_missing_traversing_foreign_or_mismatched_paths[../checks/po-001/primary.log]
tests/qa/test_qa_harness_followup.py::test_transition_rejects_missing_traversing_foreign_or_mismatched_paths[/tmp/primary.log]
tests/qa/test_qa_harness_followup.py::test_transition_rejects_missing_traversing_foreign_or_mismatched_paths[audit/qa/hde-epic028/checks/po-001/primary.log]
tests/qa/test_qa_harness_followup.py::test_transition_rejects_missing_traversing_foreign_or_mismatched_paths[checks/po-002/primary.log]
tests/qa/test_qa_harness_followup.py::test_transition_rejects_unsupported_json_header_schema
tests/qa/test_qa_harness_followup.py::test_canonical_v2_entry_is_idempotently_replaced
tests/qa/test_qa_harness_followup.py::test_complete_legacy_family_replacement_admits_only_viability
tests/qa/test_qa_harness_followup.py::test_complete_legacy_family_replacement_rejects_partial_fresh_family
tests/qa/test_qa_harness_followup.py::test_pass_with_intended_tokens_records_explicit_nonclaim
tests/qa/test_qa_harness_followup.py::test_pytest_collection_deduplicates_by_file_and_checks_exact_nodes
tests/qa/test_qa_harness_followup.py::test_collection_receipts_are_ordered_and_exclude_unlaunched_commands
tests/qa/test_qa_harness_followup.py::test_collection_stops_on_controlling_failure_and_blocks_pending_requests
tests/qa/test_qa_harness_followup.py::test_exact_node_miss_stops_later_collection_requests
tests/qa/test_qa_harness_followup.py::test_collection_launch_failure_before_completion_records_no_command
tests/qa/test_qa_harness_followup.py::test_bare_script_requires_executable_bit_but_python_form_does_not
tests/qa/test_qa_harness_followup.py::test_pytest_locator_options_are_preserved_during_collection[pytest --definitely-invalid tests/test_sample.py-TOOLING_BLOCKED-unsupported option]
tests/qa/test_qa_harness_followup.py::test_pytest_locator_options_are_preserved_during_collection[pytest -k no_such_test tests/test_sample.py-TOOLING_BLOCKED-pytest file is unavailable]
tests/qa/test_qa_harness_followup.py::test_exact_node_locator_with_quiet_flag_uses_one_quiet_collection_command
tests/qa/test_qa_harness_followup.py::test_collection_normalization_preserves_selector_options
tests/qa/test_qa_harness_followup.py::test_pytest_locator_rejects_path_and_plugin_control_options[pytest --ignore tests/test_sample.py tests/test_sample.py]
tests/qa/test_qa_harness_followup.py::test_pytest_locator_rejects_path_and_plugin_control_options[pytest --basetemp=/tmp/foreign tests/test_sample.py]
tests/qa/test_qa_harness_followup.py::test_pytest_locator_rejects_path_and_plugin_control_options[pytest -c /tmp/foreign.ini tests/test_sample.py]
tests/qa/test_qa_harness_followup.py::test_pytest_locator_rejects_path_and_plugin_control_options[pytest -p arbitrary_plugin tests/test_sample.py]
tests/qa/test_qa_harness_followup.py::test_missing_pytest_node_is_tooling_blocked
tests/qa/test_qa_harness_followup.py::test_collection_import_failure_is_fail_tooling
tests/qa/test_qa_harness_followup.py::test_missing_or_prose_ci_locators_are_tooling_blocked[python tools/missing.py-TOOLING_BLOCKED]
tests/qa/test_qa_harness_followup.py::test_missing_or_prose_ci_locators_are_tooling_blocked[pytest tests/missing.py::test_x-TOOLING_BLOCKED]
tests/qa/test_qa_harness_followup.py::test_missing_or_prose_ci_locators_are_tooling_blocked[Existing epic-close output only-TOOLING_BLOCKED]
tests/qa/test_qa_harness_followup.py::test_missing_or_prose_ci_locators_are_tooling_blocked[python <repository-script>-TOOLING_BLOCKED]
tests/qa/test_qa_harness_followup.py::test_cyclic_ci_script_alias_fails_causally
tests/qa/test_qa_harness_followup.py::test_reentering_ci_script_alias_fails_before_modern_resolve
tests/qa/test_qa_harness_followup.py::test_absolute_external_ci_symlink_loop_fails_before_modern_resolve
tests/qa/test_qa_harness_followup.py::test_invalid_qa_locators_fail_causally[audit/qa/hde-epic028/checks/other/primary.log-FAIL_BEHAVIOR]
tests/qa/test_qa_harness_followup.py::test_invalid_qa_locators_fail_causally[../escape.log-FAIL_BEHAVIOR]
tests/qa/test_qa_harness_followup.py::test_invalid_qa_locators_fail_causally[checks/<run-id>/primary.log-TOOLING_BLOCKED]
tests/qa/test_qa_harness_followup.py::test_invalid_qa_locators_fail_causally[checks/missing/primary.log-TOOLING_BLOCKED]
tests/qa/test_qa_harness_followup.py::test_cyclic_qa_locator_alias_fails_causally
tests/qa/test_qa_harness_followup.py::test_declared_planned_qa_output_is_valid
tests/qa/test_qa_harness_followup.py::test_existing_unindexed_qa_log_cannot_pass
tests/qa/test_qa_harness_followup.py::test_existing_governed_qa_log_can_pass
tests/qa/test_qa_harness_followup.py::test_existing_governed_qa_log_is_rechecked_before_pass
tests/qa/test_qa_harness_followup.py::test_governed_ledger_self_output_requires_explicit_publication_plan
tests/qa/test_qa_harness_followup.py::test_referenced_manifest_with_broken_nested_log_is_fail_tooling
tests/qa/test_qa_harness_followup.py::test_post_write_coherence_failure_restores_every_preimage
tests/qa/test_qa_harness_followup.py::test_empty_preimage_is_restored_after_publication_failure
tests/qa/test_qa_harness_followup.py::test_publication_rejects_symlink_output_without_mutation
tests/qa/test_qa_harness_followup.py::test_flat_v2_status_mismatch_fails_before_any_write
tests/qa/test_qa_harness_followup.py::test_flat_v2_legacy_pf_ref_fails_before_any_write
tests/qa/test_qa_harness_followup.py::test_check_result_rejects_command_exit_contradictions[kwargs0]
tests/qa/test_qa_harness_followup.py::test_check_result_rejects_command_exit_contradictions[kwargs1]
tests/qa/test_qa_harness_followup.py::test_check_result_rejects_command_exit_contradictions[kwargs2]
tests/qa/test_qa_harness_followup.py::test_check_result_rejects_section_qualified_pf_aliases
tests/qa/test_qa_harness_followup.py::test_unmocked_epic027_viability_wrapper_uses_shared_evaluator
tests/qa/test_epic021_harness_entrypoint.py::test_wrapper_delegates_to_current_state_harness
tests/qa/test_epic021_harness_entrypoint.py::test_imported_wrapper_rejects_invalid_rails_before_execution_or_write[unset]
tests/qa/test_epic021_harness_entrypoint.py::test_imported_wrapper_rejects_invalid_rails_before_execution_or_write[open]
tests/qa/test_epic021_harness_entrypoint.py::test_wrapper_never_creates_checkout_qa_files
tests/qa/test_epic021_harness_entrypoint.py::test_outer_transaction_restores_bytes_modes_and_new_targets
tests/qa/test_epic021_harness_entrypoint.py::test_legacy_bootstrap_binding_is_superseded_idempotently_without_rewrite
tests/qa/test_epic021_harness_entrypoint.py::test_wrapper_replaces_legacy_binding_but_preserves_historical_bytes
tests/qa/test_epic021_harness_entrypoint.py::test_wrapper_restores_exact_legacy_manifest_when_lowercase_write_is_blocked
tests/qa/test_epic021_harness_entrypoint.py::test_legacy_bootstrap_supersession_rolls_back_with_outer_transaction
tests/qa/test_epic021_harness_entrypoint.py::test_legacy_bootstrap_supersession_rejects_dual_current_authority
tests/qa/test_epic021_harness_entrypoint.py::test_main_rolls_back_input_writes_when_finalization_fails
tests/qa/test_epic021_harness_entrypoint.py::test_fresh_postcommit_is_sealed_before_viability_and_failure_rolls_back
tests/qa/test_epic021_harness_entrypoint.py::test_controlled_tooling_probe_uses_actual_pytest_cause
tests/qa/test_epic021_harness_entrypoint.py::test_precommit_env_pin_failure_is_tooling_causal
tests/qa/test_epic021_harness_entrypoint.py::test_main_rejects_open_rails_before_any_write
tests/qa/test_epic021_harness_entrypoint.py::test_transient_narrative_mounts_are_removed
tests/qa/test_epic021_harness_entrypoint.py::test_sanity_failure_is_behavior_causal_but_malformed_is_tooling
tests/qa/test_epic021_harness_entrypoint.py::test_close_pack_names_required_rails_and_same_run_receipts
tests/qa/test_epic021_harness_entrypoint.py::test_close_acceptance_bindings_validate_exact_lockstep
tests/qa/test_epic021_harness_entrypoint.py::test_close_manifest_rejects_nonexact_token_roster[omission]
tests/qa/test_epic021_harness_entrypoint.py::test_close_manifest_rejects_nonexact_token_roster[extra]
tests/qa/test_epic021_harness_entrypoint.py::test_close_manifest_rejects_nonexact_token_roster[substitution]
tests/qa/test_epic021_harness_entrypoint.py::test_close_manifest_rejects_token_evidence_contradiction
tests/qa/test_epic021_harness_entrypoint.py::test_close_manifest_rejects_map_matrix_evidence_contradiction
tests/qa/test_epic021_harness_entrypoint.py::test_close_manifest_rejects_map_matrix_status_contradiction
tests/qa/test_epic021_harness_entrypoint.py::test_close_manifest_rejects_status_test_and_qa_binding_drift[status-planned]
tests/qa/test_epic021_harness_entrypoint.py::test_close_manifest_rejects_status_test_and_qa_binding_drift[ci_tests_jobs-replacement1]
tests/qa/test_epic021_harness_entrypoint.py::test_close_manifest_rejects_status_test_and_qa_binding_drift[qa_root_logs-replacement2]
tests/qa/test_epic021_harness_entrypoint.py::test_close_manifest_rejects_duplicate_token_records
tests/qa/test_epic021_harness_entrypoint.py::test_close_manifest_rejects_nonexact_viability_token_keys[omission-token_status]
tests/qa/test_epic021_harness_entrypoint.py::test_close_manifest_rejects_nonexact_viability_token_keys[omission-token_reference_disposition]
tests/qa/test_epic021_harness_entrypoint.py::test_close_manifest_rejects_nonexact_viability_token_keys[substitution-token_status]
tests/qa/test_epic021_harness_entrypoint.py::test_close_manifest_rejects_nonexact_viability_token_keys[substitution-token_reference_disposition]
tests/qa/test_epic021_harness_entrypoint.py::test_close_manifest_rejects_wrong_viability_identity[epic_id-HDE-EPIC999-epic identity]
tests/qa/test_epic021_harness_entrypoint.py::test_close_manifest_rejects_wrong_viability_identity[acceptance_map_path-docs/acceptance_map_epic999.json-acceptance_map_path]
tests/qa/test_epic021_harness_entrypoint.py::test_close_input_capture_rejects_symlink_alias
tests/qa/test_epic021_acceptance_alignment.py::test_matrix_and_acceptance_map_align
tests/qa/test_epic021_acceptance_alignment.py::test_canonical_renderer_uses_the_complete_current_roster
tests/qa/test_epic021_acceptance_alignment.py::test_current_acceptance_inputs_are_strictly_viable
tests/qa/test_tooling_bootstrap.py::test_missing_bootstrap_entrypoint_is_tooling_blocked
tests/qa/test_tooling_bootstrap.py::test_parked_is_not_placeholder_success
tests/qa/test_epic021_scaffolding.py::test_epic021_qa_root_exists
tests/qa/test_epic021_scaffolding.py::test_token_matrix_present_and_non_empty
tests/qa/test_epic021_scaffolding.py::test_acceptance_map_structure
tests/cli/test_cli_canonical_bytes.py::test_showcompat_stdout_is_canonical
tests/cli/test_cli_canonical_bytes.py::test_reader_dump_and_admin_sidecars_are_canonical
tests/cli/test_cli_canonical_bytes.py::test_aux_preview_admin_out_is_canonical
tests/cli/test_cli_canonical_bytes.py::test_showcompat_conjunction_stdout_is_canonical
tests/cli/test_cli_canonical_bytes.py::test_showcompat_conjunction_closed_rails_refuses_when_local_missing
tests/cli/test_bg_resolve.py::test_bg_resolve_db_under_safe_rails
tests/cli/test_bg_resolve.py::test_bg_resolve_two_run_identity
tests/cli/test_bg_resolve.py::test_bg_resolve_vendor_refused_under_safe_rails
tests/cli/test_bg_resolve.py::test_bg_resolve_defaults_to_auto
tests/cli/test_bg_resolve.py::test_bg_resolve_vendor_open_rails_success
tests/cli/test_bg_resolve.py::test_bg_resolve_vendor_missing_inputs
tests/cli/test_errors_parity.py::test_parity_scenarios_are_bound
tests/cli/test_errors_parity.py::test_http_and_cli_parity[scenario0]
tests/cli/test_errors_parity.py::test_http_and_cli_parity[scenario1]
tests/cli/test_errors_parity.py::test_http_and_cli_parity[scenario2]
tests/cli/test_errors_parity.py::test_http_and_cli_parity[scenario3]
tests/cli/test_errors_parity.py::test_known_errors_parity
tests/cli/test_errors_parity.py::test_token_map_snapshot_matches_canonical
tests/cli/test_aux_preview.py::test_aux_preview_text_tuple_matches_aux
tests/cli/test_aux_preview.py::test_aux_preview_suppressed_is_silent
tests/cli/test_showcompat_parity_and_identity.py::test_two_run_identity_and_reemit
tests/cli/test_showcompat_parity_and_identity.py::test_ab_ba_identity_and_artifacts
tests/cli/test_showcompat_parity_and_identity.py::test_reader_dump_matches_runtime
tests/cli/test_showcompat_parity_and_identity.py::test_preimage_artifact_matches_log
tests/cli/test_showcompat_parity_and_identity.py::test_governed_showcompat_capture_uses_immutable_identity
tests/cli/test_showcompat_parity_and_identity.py::test_governed_showcompat_generator_uses_active_interpreter
tests/cli/test_serializer_guards.py::test_guards_pass_on_repo_state
tests/cli/test_serializer_guards.py::test_serializer_guard_detects_violation
tests/cli/test_serializer_guards.py::test_emitter_proof_detects_missing_emitter
tests/evidence/test_sanity_pipeline.py::test_pipeline_success
tests/evidence/test_sanity_pipeline.py::test_custom_pipeline_failure_stops_and_records
tests/evidence/test_sanity_pipeline.py::test_default_pipeline_has_exact_19_stage_dependency_order
tests/evidence/test_sanity_pipeline.py::test_stage14_failure_marks_all_finalization_stages_not_executed
tests/evidence/test_sanity_evidence_index.py::test_sanity_log_mirror_and_proof_are_consistent
tests/config/test_registry_report_indexing.py::test_registry_report_index_entries_match_artifact
tests/evidence/test_evidence_index_env.py::test_update_evidence_index_requires_closed_rails
tests/invariance/test_determinism_env_helper.py::test_helper_rejects_missing_pin
tests/invariance/test_determinism_env_helper.py::test_helper_rejects_mismatched_pin
tests/invariance/test_determinism_env_helper.py::test_helper_writes_and_checks_log
tests/invariance/test_determinism_env_helper.py::test_helper_apply_sets_missing
tests/ops/test_evidence_index.py::test_evidence_index_has_required_compat_artifacts
tests/ops/test_evidence_index.py::test_evidence_index_has_required_repo_artifacts
tests/ops/test_evidence_index.py::test_evidence_index_has_required_epic021_artifacts
tests/ops/test_evidence_index.py::test_evidence_index_has_required_epic027_artifacts
tests/ops/test_evidence_index.py::test_evidence_index_has_required_epic028_artifacts
tests/ops/test_evidence_index.py::test_evidence_index_has_required_epic029_artifacts
tests/ops/test_evidence_index.py::test_epic029_primary_roster_matches_canonical_bindings
tests/ops/test_evidence_index.py::test_epic027_primary_roster_matches_canonical_bindings
tests/ops/test_evidence_index.py::test_epic028_primary_roster_matches_canonical_bindings
tests/ops/test_evidence_index.py::test_epic021_primary_roster_matches_canonical_bindings
tests/ops/test_evidence_index.py::test_epic021_roster_flows_to_human_index_loader
tests/ops/test_evidence_index.py::test_epic021_superseded_uppercase_bootstrap_is_not_currently_indexed
tests/ops/test_evidence_index.py::test_epic029_roster_flows_to_human_and_machine_renderers
tests/ops/test_evidence_index.py::test_historical_bridge_inventory_is_nonclaiming_in_both_indexes
tests/ops/test_evidence_index.py::test_historical_bridge_normalization_strips_current_claims
tests/ops/test_evidence_index.py::test_epic038_live_index_entry_uses_current_artifact_timestamp
tests/ops/test_evidence_index.py::test_epic038_live_index_entry_is_omitted_when_conditional_artifact_absent
tests/ops/test_evidence_index.py::test_epic038_live_index_entry_rejects_invalid_provenance[2026-07-27-True-INVALID_EPIC038_PR03_LIVE_PROOF_TIMESTAMP]
tests/ops/test_evidence_index.py::test_epic038_live_index_entry_rejects_invalid_provenance[2026-07-27T23:38:12Z-False-INVALID_EPIC038_PR03_LIVE_PROOF_POSTURE]
tests/ops/test_evidence_index.py::test_write_if_changed_check_mode_fails_closed_for_missing_target

304 tests collected in 0.42s
[stderr]

{"argv":["/tmp/pr391-ledger-venv/bin/python","-m","pytest","-q","-p","no:cacheprovider","tests/qa/test_generic_qa_harness.py","tests/qa/test_qa_harness_followup.py","tests/qa/test_epic021_harness_entrypoint.py","tests/qa/test_epic021_acceptance_alignment.py","tests/qa/test_tooling_bootstrap.py","tests/qa/test_epic021_scaffolding.py","tests/cli/test_cli_canonical_bytes.py","tests/cli/test_bg_resolve.py","tests/cli/test_errors_parity.py","tests/cli/test_aux_preview.py","tests/cli/test_showcompat_parity_and_identity.py","tests/cli/test_serializer_guards.py","tests/evidence/test_sanity_pipeline.py","tests/evidence/test_sanity_evidence_index.py","tests/config/test_registry_report_indexing.py","tests/evidence/test_evidence_index_env.py","tests/invariance/test_determinism_env_helper.py","tests/ops/test_evidence_index.py"],"command_index":3,"process_error":"","returncode":0}
[stdout]
........................................................................ [ 23%]
........................................................................ [ 47%]
........................................................................ [ 71%]
................................................sss..................... [ 94%]
................                                                         [100%]
301 passed, 3 skipped in 10.36s
[stderr]
