{"captured_env":{"ALLOW_NETWORK":"0","APP_ENV":"dev","LANG":"C","LC_ALL":"C","SAFE_MODE":"1","TZ":"UTC"},"check_id":"po-008","check_name":"PO-008","claimed_tokens":[],"command":"python audit/qa/hde-epic031/00_meta/live_qa_harness.py po-008","command_provenance":"Copy/paste from plan","evidence_artifacts":["audit/qa/hde-epic031/checks/po-008/primary.log","audit/qa/hde-epic031/checks/po-008/result.json"],"exit_code":0,"fail_status":"","intended_tokens":[],"pf_refs":["PF10 \u2014 HDE-Build Notes","PF19 \u2014 Glow QA Guide","PF27 \u2014 Canon Plan Templates","PF06 \u2014 Epic Process Guide"],"schema_version":"pf27.step_log_header.v1","status":"PASS","timestamp_utc":"2026-05-13T16:53:30Z"}
{
  "all_commands_green": true,
  "coherence_status": "PASS",
  "commands": [
    {
      "cmd": [
        "/usr/local/bin/python",
        "tools/evidence/generate_epic031_pr03_evidence_coherence.py",
        "--check"
      ],
      "returncode": 0,
      "stderr": "",
      "stdout": "EPIC031_PR03_EVIDENCE_COHERENCE_OK\n"
    },
    {
      "cmd": [
        "/usr/local/bin/python",
        "tools/evidence/update_evidence_index.py",
        "--check"
      ],
      "returncode": 0,
      "stderr": "",
      "stdout": "[evidence-index] env pins: ALLOW_NETWORK=0,LANG=C,LC_ALL=C,SAFE_MODE=1,TZ=UTC\n"
    },
    {
      "cmd": [
        "/usr/local/bin/python",
        "tools/evidence/validate_evidence_paths.py"
      ],
      "returncode": 0,
      "stderr": "",
      "stdout": ""
    },
    {
      "cmd": [
        "bash",
        "ci/checks/check_evidence_index_hash.sh"
      ],
      "returncode": 0,
      "stderr": "",
      "stdout": ""
    },
    {
      "cmd": [
        "/usr/local/bin/python",
        "ci/checks/check_mirror_schema.sh"
      ],
      "returncode": 0,
      "stderr": "",
      "stdout": ""
    }
  ],
  "schema": "hde_epic031.po008.evidence_coherence.v1",
  "status": "PASS"
}

MOON_LOOP_EVIDENCE_STREAM_BEGIN
failure_signature_excerpt: {"check_id":"po-008","status":"FAIL_BEHAVIOR","exit_code":1,"timestamp_utc":"2026-05-13T16:43:53Z","all_commands_green":false,"coherence_status":"PASS","failures":["STALE:audit/qa/hde-epic031/pr-03/evidence_family_map.json","PROOF_MTIME_FUTURE:artifacts/compat/AB.json.path_proof.txt","PROOF_MTIME:ci/checks/check_mirror_schema.sh"]}
remediation_note: refreshed governed coherence/index artifacts under closed rails via tools/evidence/generate_epic031_pr03_evidence_coherence.py and tools/evidence/update_evidence_index.py, and normalized artifacts/compat/AB.json + artifacts/compat/BA.json filesystem mtimes (bytes unchanged) to clear PROOF_MTIME_FUTURE blockers.
rerun_pass_excerpt: {"check_id":"po-008","status":"PASS","exit_code":0,"timestamp_utc":"2026-05-13T16:53:30Z","all_commands_green":true,"coherence_status":"PASS","commands_all_returncode_zero":true}
MOON_LOOP_EVIDENCE_STREAM_END
