schema=conjunction_write_readback.log.v2
rails=closed
release_id=52be45584acbaa327da2d1cac724857dcdc999ca8c7a8f65108427942a4afe96
route=/dev/writer/conjunction
reader_route=/dev/reader/conjunction
control_status=503
writer_first_status=200
writer_second_status=200
reader_status=200
writer_invalid_status=422
writer_route_id=dev.writer.conjunction.v1
idempotence_hash=1bc39db508c9c84f20728d0d657fdd7b6e144f0832055de7c134991f19b9c07e
seam_absent_refuses_closed_rails=true
writer_status_200=true
reader_status_200=true
writer_bytes_two_run_equal=true
writer_payload_two_run_equal=true
writer_result_reader_readback_equal=true
writer_success_typed_envelope=true
writer_error_typed_envelope=true
writer_admitted_release_identity=true
reader_admitted_release_identity=true
no_dev_identity_stamp=true
writer_success_type=dev.writer.conjunction.success.v1
writer_error_type=dev.writer.conjunction.error.v1
writer_payload_sha256=0ff74fbd46592f9ef47dc55b6d749cae40b9f3d4459a518b61a9ccd194fed217
reader_payload_sha256=5304c6ebd7efe35e159b01f23b0308ad9a8f6bfba6da5705423eba914910d158
