generated_at_utc=2026-06-23T01:52:11Z
scope=HDE-EPIC034 PR-05 closed-rails deterministic refusal proof
work_item=PR-05
rails=SAFE_MODE=1 ALLOW_NETWORK=0 LC_ALL=C LANG=C TZ=UTC
[source_selection_artifact_present] status=PASS
[request_shaping_artifact_present] status=PASS
[response_mapping_artifact_present] status=PASS
[adapter_boundary_proof_present] status=PASS
[ops01_fact_summary_present] status=PASS
[closed_rails_safe_mode_1] status=PASS
[closed_rails_allow_network_0] status=PASS
[v2_full_chart_refuses_without_external_io] status=PASS
[v2_simple_chart_refuses_without_external_io] status=PASS
[v2_coordinates_chart_refuses_without_external_io] status=PASS
[v2_auth_uses_authorization_bearer] status=PASS
[v2_does_not_use_hd_api_key_header] status=PASS
[v1_legacy_uses_hd_api_key_header] status=PASS
[v1_legacy_does_not_use_bearer_auth] status=PASS
[hd_api_base_url_canonical] status=PASS
[hdapi_base_url_alias_compatibility_only] status=PASS
[base_url_conflict_fails_closed] status=PASS
[typed_refusal_deterministic] status=PASS
[two_run_identity] status=PASS
[no_live_vendor_call_claim] status=PASS
[no_open_rails_smoke_claim] status=PASS
[no_public_reader_change_claim] status=PASS
[no_ai_scope_claim] status=PASS
status=PASS
