{"captured_env":{"ALLOW_NETWORK":"0","APP_ENV":"dev","LANG":"C","LC_ALL":"C","SAFE_MODE":"1","TZ":"UTC"},"check_id":"po-003","check_name":"PO-003","claimed_tokens":["JSON_CANONICAL_CHECK_OK","COMPOSITE_ABBA_IDENTITY_OK","TWO_RUN_IDENTITY_OK"],"command":"grep -nE '_emit_stdout_bytes\\(emitter\\.emit_public\\(conjunction_payload\\)\\)|STDOUT_MISSING_LF|STDOUT_CRLF' engine/cli/main.py; python -m pytest -q tests/cli/test_showcompat_parity_and_identity.py; python scripts/hdctl.py showcompat --help","command_provenance":"Explicitly created","evidence_artifacts":["audit/qa/hde-epic027/checks/po-003/cli_emitter_proof.txt","audit/qa/hde-epic027/checks/po-003/showcompat_parity.txt","audit/qa/hde-epic027/checks/po-003/showcompat_help.txt","audit/qa/hde-epic027/checks/po-003/primary.log","audit/qa/hde-epic027/qa_step_logs_manifest.json","audit/qa/hde-epic027/qa_step_logs_manifest.json.path_proof.txt"],"fail_status":"","intended_tokens":["JSON_CANONICAL_CHECK_OK","COMPOSITE_ABBA_IDENTITY_OK","TWO_RUN_IDENTITY_OK"],"pf_refs":["PF10 - HDE-Build Notes","PF05 - HDE-CLI-API-Vendor-Ref","PF02 - Canon-HDE-Core","PF27 - Canon Plan Templates"],"schema_version":"pf27.step_log_header.v1","status":"PASS","timestamp_utc":"2026-03-17T08:53:35Z"}
$ grep -nE '_emit_stdout_bytes\(emitter\.emit_public\(conjunction_payload\)\)|STDOUT_MISSING_LF|STDOUT_CRLF' engine/cli/main.py
rc=0
stdout:
561:        raise CliError("STDOUT_MISSING_LF")
563:        raise CliError("STDOUT_CRLF")
823:        _emit_stdout_bytes(emitter.emit_public(conjunction_payload))

$ python -m pytest -q tests/cli/test_showcompat_parity_and_identity.py
rc=0
stdout:
sss.                                                                     [100%]
1 passed, 3 skipped in 0.15s

$ python scripts/hdctl.py showcompat --help
rc=0
stdout:
usage: hdctl showcompat [-h] [--pair-file PAIR_FILE] [--a-file A_FILE]
                        [--b-file B_FILE] [--a A_FILE] [--b B_FILE]
                        [--dump-reader DUMP_READER]
                        [--dump-admin-dir DUMP_ADMIN_DIR]
                        [--source {db,vendor,auto}] [--conjunction]
                        [--viewer-prefs-file VIEWER_PREFS_FILE]
                        [--user-a USER_A] [--user-b USER_B]
                        [--birthdate-a BIRTHDATE_A]
                        [--birthtime-a BIRTHTIME_A] [--location-a LOCATION_A]
                        [--birthdate-b BIRTHDATE_B]
                        [--birthtime-b BIRTHTIME_B] [--location-b LOCATION_B]

options:
  -h, --help            show this help message and exit
  --pair-file PAIR_FILE
                        Path to JSON with left/right payloads
  --a-file A_FILE       Path to JSON file containing the left payload
  --b-file B_FILE       Path to JSON file containing the right payload
  --a A_FILE            Alias for --a-file
  --b B_FILE            Alias for --b-file
  --dump-reader DUMP_READER
                        Optional path to write public Reader JSON (canonical
                        bytes)
  --dump-admin-dir DUMP_ADMIN_DIR
                        Directory for admin proofs (writes 0600 JSON + .sha256
                        sidecars)
  --source {db,vendor,auto}
                        Explicit BodyGraph source (db, vendor, or auto)
  --conjunction         Emit conjunction contract JSON (requires
                        --user-a/--user-b or conjunction pair input; uses SAFE
                        rails resolver gating)
  --viewer-prefs-file VIEWER_PREFS_FILE
                        Path to JSON viewer prefs (top_category + weights)
  --user-a USER_A       DB user identifier for party A
  --user-b USER_B       DB user identifier for party B
  --birthdate-a BIRTHDATE_A
                        Birthdate for party A (YYYY-MM-DD)
  --birthtime-a BIRTHTIME_A
                        Birth time for party A (HH:MM)
  --location-a LOCATION_A
                        Location for party A
  --birthdate-b BIRTHDATE_B
                        Birthdate for party B (YYYY-MM-DD)
  --birthtime-b BIRTHTIME_B
                        Birth time for party B (HH:MM)
  --location-b LOCATION_B
                        Location for party B
