{"captured_env":{"ALLOW_NETWORK":"0","APP_ENV":"dev","LANG":"C","LC_ALL":"C","SAFE_MODE":"1","TZ":"UTC"},"check_id":"po-002","check_name":"PO-002","claimed_tokens":[],"command":"grep -nE 'compat_blueprint\\s*=\\s*Blueprint\\(\"compat\", __name__, url_prefix=\"/api/compat/v1\"\\)|@compat_blueprint\\.route\\(\"\", methods=\\[\"POST\"\\]|@compat_blueprint\\.get\\(\"\"\\)|APP_ENV' engine/http/compat_handler.py; { grep -nE 'compat\\.conjunction\\.identity_hash|hde-epic027|token_evidence_matrix|acceptance_map_viability' tools/evidence/update_evidence_index.py; grep -nE 'compat\\.conjunction\\.identity_hash|hde-epic027/token_evidence_matrix\\.md|hde-epic027/acceptance_map_viability\\.log' artifacts/evidence_index.jsonl; }","command_provenance":"Explicitly created","evidence_artifacts":["audit/qa/hde-epic027/checks/po-002/compat_surface.txt","audit/qa/hde-epic027/checks/po-002/compat_identity_discovery.txt","audit/qa/hde-epic027/checks/po-002/primary.log","audit/qa/hde-epic027/qa_step_logs_manifest.json","audit/qa/hde-epic027/qa_step_logs_manifest.json.path_proof.txt"],"fail_status":"","intended_tokens":[],"pf_refs":["PF10 - HDE-Build Notes","PF05 - HDE-CLI-API-Vendor-Ref","PF02 - Canon-HDE-Core","PF27 - Canon Plan Templates"],"schema_version":"pf27.step_log_header.v1","status":"PASS","timestamp_utc":"2026-03-17T07:58:52Z"}
$ grep -nE 'compat_blueprint\s*=\s*Blueprint\("compat", __name__, url_prefix="/api/compat/v1"\)|@compat_blueprint\.route\("", methods=\["POST"\]|@compat_blueprint\.get\(""\)|APP_ENV' engine/http/compat_handler.py
rc=0
stdout:
11:compat_blueprint = Blueprint("compat", __name__, url_prefix="/api/compat/v1")
82:@compat_blueprint.get("")
90:@compat_blueprint.route("", methods=["POST"], provide_automatic_options=False)
92:    if (os.environ.get("APP_ENV") or "").lower() == "prod":

$ { grep -nE 'compat\.conjunction\.identity_hash|hde-epic027|token_evidence_matrix|acceptance_map_viability' tools/evidence/update_evidence_index.py; grep -nE 'compat\.conjunction\.identity_hash|hde-epic027/token_evidence_matrix\.md|hde-epic027/acceptance_map_viability\.log' artifacts/evidence_index.jsonl; }
rc=0
stdout:
62:        "discovered_physical_path": "audit/qa/hde-epic022/token_evidence_matrix.md",
84:        "discovered_physical_path": "audit/qa/hde-epic024/token_evidence_matrix.md",
88:        "artifact_key": "epic024.acceptance_map_viability",
89:        "discovered_physical_path": "audit/qa/hde-epic024/acceptance_map_viability.log",
127:        "discovered_physical_path": "audit/qa/hde-epic027/token_evidence_matrix.md",
131:        "artifact_key": "epic027.acceptance_map_viability",
132:        "discovered_physical_path": "audit/qa/hde-epic027/acceptance_map_viability.log",
160:        "artifact_key": "compat.conjunction.identity_hash",
139:{"artifact_key":"compat.conjunction.identity_hash","discovered_physical_path":"artifacts/compat/identity_hash.txt","produced_at_utc":"2026-01-05T05:39:56Z","proof_anchor":"artifacts/compat/identity_hash.txt.path_proof.txt","record_type":"compat_identity_hash","role":"snapshot","schema_version":"1.0","sha256":"dd7143f67d9c99f6e8f9b4bc547dad74c85be79353f1e3a39046baa520f9f647","size_bytes":65}
237:{"artifact_key":"epic027.acceptance_map_viability","discovered_physical_path":"audit/qa/hde-epic027/acceptance_map_viability.log","epic_id":"HDE-EPIC027","produced_at_utc":"2026-03-14T03:07:52Z","proof_anchor":"audit/qa/hde-epic027/acceptance_map_viability.log.path_proof.txt","role":"log","sha256":"6aa7ccdf8ea5a47c9f2c51809eeb31499eabb4dc9ffa57a817c8ab733b054cb7","size_bytes":745}
240:{"artifact_key":"epic027.token_matrix","discovered_physical_path":"audit/qa/hde-epic027/token_evidence_matrix.md","epic_id":"HDE-EPIC027","produced_at_utc":"2026-03-14T03:07:52Z","proof_anchor":"audit/qa/hde-epic027/token_evidence_matrix.md.path_proof.txt","role":"snapshot","sha256":"a0e57d7cda72682f917133575046a7bc68af189b525a67b2c037b610cff61040","size_bytes":5146}
