{"captured_env":{"ALLOW_NETWORK":"0","APP_ENV":"dev","LANG":"C","LC_ALL":"C","SAFE_MODE":"1","TZ":"UTC"},"check_id":"po-009","check_name":"PO-009","claimed_tokens":[],"command":"python3 - <<'PY' [generate po-009 catalog_surface_inventory.txt and token_inventory.txt from docs/ENDPOINTS_CATALOG.json, docs/acceptance_map_epic027.json, audit/qa/hde-epic027/token_evidence_matrix.md]","command_provenance":"Explicitly created","evidence_artifacts":["audit/qa/hde-epic027/checks/po-009/catalog_surface_inventory.txt","audit/qa/hde-epic027/checks/po-009/token_inventory.txt","audit/qa/hde-epic027/checks/po-009/primary.log","audit/qa/hde-epic027/qa_step_logs_manifest.json","audit/qa/hde-epic027/qa_step_logs_manifest.json.path_proof.txt"],"fail_status":"","intended_tokens":[],"pf_refs":["PF10 - HDE-Build Notes","PF05 - HDE-CLI-API-Vendor-Ref","PF02 - Canon-HDE-Core","PF27 - Canon Plan Templates"],"schema_version":"pf27.step_log_header.v1","status":"PASS","timestamp_utc":"2026-03-19T02:36:12Z"}
$ python3 - <<'PY' [generate po-009 inventories under closed rails]
rc=0
status=PASS

$ cat audit/qa/hde-epic027/checks/po-009/catalog_surface_inventory.txt
check_id:po-009
artifact:catalog_surface_inventory
catalog_path:docs/ENDPOINTS_CATALOG.json
known_family:
- /api/compat/v1
- /reader
- /internal/version
- /dev/sampler/conjunction
- /dev/reader/conjunction
- /dev/writer/conjunction

discovered_surface_subset:
- /api/compat/v1
- /dev/reader/conjunction
- /dev/sampler/conjunction
- /dev/writer/conjunction
- /internal/version
- /reader

missing_known_surface:
- (none)

unexpected_surface:
- (none)

result: PASS

$ cat audit/qa/hde-epic027/checks/po-009/token_inventory.txt
check_id:po-009
artifact:token_inventory
token_matrix_path:audit/qa/hde-epic027/token_evidence_matrix.md
token_names:
- A7_304_OMITS_CT_CL_OK
- A7_ENCODING_INVARIANCE_OK
- A7_GET_QUOTED_ETAG_OK
- A7_HEAD_PARITY_OK
- A7_VARY_AUTH_AE_OK
- CI_CHECK_FINAL_LF_OK
- CI_CHECK_MIRROR_SCHEMA_OK
- CLI_READER_PARITY_OK
- COMPOSITE_ABBA_IDENTITY_OK
- ENDPOINTS_CATALOG_ENV_GATE_OK
- ENDPOINTS_CATALOG_OK
- ENV_RAILS_POLICY_OK
- EVIDENCE_INDEX_HASH_OK
- EVIDENCE_INDEX_MIRROR_OK
- EVIDENCE_INDEX_UPDATED_OK
- EVIDENCE_PATHS_VALIDATED_OK
- TWO_RUN_IDENTITY_OK

non_canonical_token_names:
- (none)

token_count:17
result: PASS
