{"captured_env": {"ALLOW_NETWORK": "0", "APP_ENV": "dev", "LANG": "C", "LC_ALL": "C", "SAFE_MODE": "1", "TZ": "UTC"}, "check_id": "po-008", "check_name": "PO-008", "claimed_tokens": [], "command": "python audit/qa/hde-epic032/00_meta/live_qa_harness.py po-008", "command_provenance": "Copy/paste from plan", "evidence_artifacts": ["audit/qa/hde-epic032/checks/po-008/primary.log", "audit/qa/hde-epic032/checks/po-008/primary.log.path_proof.txt", "audit/qa/hde-epic032/checks/po-008/result.json"], "exit_code": 0, "fail_status": "", "intended_tokens": [], "pf_refs": ["PF10 - HDE-Build Notes", "PF19 - Glow QA Guide", "PF27 - Canon Plan Templates"], "schema_version": "pf27.step_log_header.v1", "status": "PASS", "timestamp_utc": "2026-05-21T18:21:26Z"}
{
  "behavior_failures": [],
  "check_id": "po-008",
  "checked_at_utc": "2026-05-21T18:21:26Z",
  "generator_check": {
    "cmd": [
      "/usr/bin/python3",
      "tools/evidence/generate_db_bridge_parity.py",
      "--check"
    ],
    "returncode": 0,
    "stderr": "",
    "stdout": ""
  },
  "ops_closure_status_visible": true,
  "provider_parity_label_visible": true,
  "rails": {
    "ALLOW_NETWORK": "0",
    "APP_ENV": "dev",
    "LANG": "C",
    "LC_ALL": "C",
    "SAFE_MODE": "1",
    "TZ": "UTC"
  },
  "required_missing": [],
  "schema": "hde_epic032.po_008.v1",
  "status": "PASS"
}
