{"captured_env":{"ALLOW_NETWORK":"0","APP_ENV":"dev","LANG":"C","LC_ALL":"C","SAFE_MODE":"1","TZ":"UTC"},"check_id":"po-004","check_name":"PO-004","claimed_tokens":[],"command":"python audit/qa/hde-epic031/00_meta/live_qa_harness.py po-004","command_provenance":"Copy/paste from plan","evidence_artifacts":["audit/qa/hde-epic031/checks/po-004/primary.log","audit/qa/hde-epic031/checks/po-004/result.json"],"exit_code":0,"fail_status":"","intended_tokens":[],"pf_refs":["PF10 \u2014 HDE-Build Notes","PF19 \u2014 Glow QA Guide","PF27 \u2014 Canon Plan Templates","PF06 \u2014 Epic Process Guide"],"schema_version":"pf27.step_log_header.v1","status":"PASS","timestamp_utc":"2026-05-13T13:13:43Z"}
{
  "non_success_classification_present": true,
  "pinned_attempts_present": true,
  "pytest": {
    "cmd": [
      "/usr/bin/python3",
      "-m",
      "pytest",
      "tests/bodygraph/test_vendor_client.py",
      "-q"
    ],
    "returncode": 0,
    "stderr": "",
    "stdout": ".............                                                            [100%]\n13 passed in 0.19s\n"
  },
  "retry_backoff_artifact_present": true,
  "schema": "hde_epic031.po004.retry_backoff.v1",
  "status": "PASS"
}
