{"captured_env": {"ALLOW_NETWORK": "0", "APP_ENV": "dev", "LANG": "C", "LC_ALL": "C", "SAFE_MODE": "1", "TZ": "UTC"}, "check_id": "po-014", "check_name": "PO-014", "claimed_tokens": [], "command": "python audit/qa/hde-epic032/00_meta/live_qa_harness.py po-014", "command_provenance": "Copy/paste from plan", "evidence_artifacts": ["audit/qa/hde-epic032/checks/po-014/primary.log", "audit/qa/hde-epic032/checks/po-014/primary.log.path_proof.txt", "audit/qa/hde-epic032/checks/po-014/result.json"], "exit_code": 0, "fail_status": "", "intended_tokens": [], "pf_refs": ["PF10 - HDE-Build Notes", "PF19 - Glow QA Guide", "PF27 - Canon Plan Templates"], "schema_version": "pf27.step_log_header.v1", "status": "PASS", "timestamp_utc": "2026-05-23T03:11:46Z"}
{
  "check_id": "po-014",
  "checked_at_utc": "2026-05-23T03:11:46Z",
  "commands": [
    {
      "cmd": [
        "/usr/bin/python3",
        "ci/checks/check_mirror_schema.sh"
      ],
      "returncode": 0,
      "stderr": "",
      "stdout": ""
    },
    {
      "cmd": [
        "/usr/bin/python3",
        "tools/evidence/validate_evidence_paths.py"
      ],
      "returncode": 0,
      "stderr": "",
      "stdout": ""
    }
  ],
  "human_machine_loci_present": true,
  "rails": {
    "ALLOW_NETWORK": "0",
    "APP_ENV": "dev",
    "LANG": "C",
    "LC_ALL": "C",
    "SAFE_MODE": "1",
    "TZ": "UTC"
  },
  "required_missing": [],
  "schema": "hde_epic032.po_014.v1",
  "status": "PASS"
}
