{"captured_env": {"ALLOW_NETWORK": "0", "LANG": "C", "LC_ALL": "C", "SAFE_MODE": "1", "TZ": "UTC"}, "check_id": "p01_tooling_available", "check_name": "P01 \u2014 Required Tooling Available", "claimed_tokens": [], "command": "python --version\\nls -la tools || true", "end_time_utc": "2026-01-06T02:16:49Z", "exit_code": 0, "intended_tokens": [], "pf_refs": ["PF19"], "start_time_utc": "2026-01-06T02:16:49Z", "status": "PASS", "surface": "runtime"}

== STDOUT ==
Python 3.11.14
total 56
drwxrwxrwx+ 11 vscode root 4096 Jan  4 23:14 .
drwxrwxrwx+ 44 vscode root 4096 Jan  5 23:27 ..
drwxrwxrwx+  2 vscode root 4096 Jan  4 23:14 audit
drwxrwxrwx+  2 vscode root 4096 Jan  4 23:14 cli
drwxrwxrwx+  2 vscode root 4096 Jan  4 23:14 config
drwxrwxrwx+  2 vscode root 4096 Jan  4 23:14 errors
drwxrwxrwx+  2 vscode root 4096 Jan  5 23:27 evidence
-rw-rw-rw-   1 vscode root 7027 Jan  4 23:14 generate_registry_report.py
-rwxrwxrwx   1 vscode root 1067 Jan  4 23:14 lint_emit_paths.py
drwxrwxrwx+  2 vscode root 4096 Jan  4 23:14 ops
drwxrwxrwx+  2 vscode root 4096 Jan  4 23:14 order
drwxrwxrwx+  2 vscode root 4096 Jan  4 23:14 presenter
drwxrwxrwx+  2 vscode root 4096 Jan  4 23:14 qa

== STDERR ==

== RC ==
0
