CLEAN validate_contract: [] validate_graph_contract: [] routing_surface: ('fecc319bdd4ce7ee6201cb77d7231861', 284)
OK   R-AB-1 | contract + ['PR35_ADDED_BOUNDARY'] | graph + ['GRAPH_PR_CONTINUITY_MISMATCH'] (reported)
OK   R-AB-2 | contract + ['PR35_ADDED_BOUNDARY'] | graph + ['GRAPH_PR_CONTINUITY_MISMATCH'] (reported)
OK   R-AB-3 | contract + ['PR35_ADDED_BOUNDARY'] | graph + ['GRAPH_PR_CONTINUITY_MISMATCH'] (reported)
OK   R-PC | contract + ['PR_PHASE_CONTINUITY'] | graph + ['GRAPH_PR_CONTINUITY_MISMATCH'] (reported)
OK   R-V-1 | contract + ['PR35_RESULT_VOCABULARY'] | graph + ['GRAPH_STATE_VOCABULARY_MISMATCH'] (reported)
OK   R-V-2 | contract + ['PR35_STATE_ROUTES', 'STATE_REGISTRY_MISMATCH:PR-35'] | graph + ['GRAPH_NODE_CONTRACT:PR-35'] (reported)
OK   R-DE-1 | contract + ['DIRECT_PR35_PR40_EDGE', 'ROUTING_SURFACE_CHANGED'] | graph + ['GRAPH_EDGE_CONTRACT_MISMATCH'] (reported)
OK   R-DE-2 | contract + ['DIRECT_PR35_PR40_EDGE', 'ROUTING_SURFACE_CHANGED'] | graph + ['GRAPH_EDGE_CONTRACT_MISMATCH'] (reported)
OK   R-DE-3 | contract + ['DIRECT_PR35_PR40_EDGE', 'ROUTING_SURFACE_CHANGED'] | graph + ['GRAPH_EDGE_CONTRACT_MISMATCH'] (reported)
OK   R-DE-4 | contract + ['DIRECT_PR35_PR40_EDGE', 'ROUTING_SURFACE_CHANGED'] | graph + ['GRAPH_EDGE_CONTRACT_MISMATCH'] (reported)
OK   R-DE-5 | contract + ['DIRECT_PR35_PR40_EDGE', 'ROUTING_SURFACE_CHANGED'] | graph + ['GRAPH_EDGE_CONTRACT_MISMATCH'] (reported)
OK   R-DE-6 | contract + ['DIRECT_PR35_PR40_EDGE', 'ROUTING_SURFACE_CHANGED', 'STATE_EDGE_MISMATCH:RS-40:merge_observed'] | graph + ['GRAPH_EDGE_CONTRACT_MISMATCH'] (reported)
OK   R-DE-7 | contract + ['DIRECT_PR30_PR40_EDGE', 'ROUTING_SURFACE_CHANGED'] | graph + ['GRAPH_EDGE_CONTRACT_MISMATCH'] (reported)
OK   R-DE-8 | contract + ['DIRECT_PR35_PR40_EDGE', 'ROUTING_SURFACE_CHANGED'] | graph + ['GRAPH_DIRECT_PR40_EDGE'] (scored)
OK   R-MB-1 | contract + ['PR40_MANUAL_MERGE_BOUNDARY', 'ROUTING_SURFACE_CHANGED'] | graph + ['GRAPH_EDGE_CONTRACT_MISMATCH'] (reported)
OK   R-MB-2 | contract + ['PR40_MANUAL_MERGE_BOUNDARY', 'ROUTING_SURFACE_CHANGED'] | graph + ['GRAPH_EDGE_CONTRACT_MISMATCH'] (reported)
OK   R-MB-3 | contract + ['PR40_MANUAL_MERGE_BOUNDARY', 'ROUTING_SURFACE_CHANGED'] | graph + ['GRAPH_EDGE_CONTRACT_MISMATCH'] (reported)
OK   R-MB-4 | contract + ['PR40_MANUAL_MERGE_BOUNDARY', 'ROUTING_SURFACE_CHANGED'] | graph + ['GRAPH_EDGE_CONTRACT_MISMATCH'] (reported)
OK   R-PM-1 | contract + ['POST_MERGE_CONTRACT'] | graph + ['GRAPH_POST_MERGE_CONTRACT_MISMATCH'] (reported)
OK   R-PM-2 | contract + ['POST_MERGE_THREE_EVENTS'] | graph + ['GRAPH_POST_MERGE_CONTRACT_MISMATCH'] (reported)
OK   R-PM-3 | contract + ['POST_MERGE_CONTRACT'] | graph + ['GRAPH_POST_MERGE_CONTRACT_MISMATCH'] (reported)
OK   R-PM-4 | contract + ['POST_MERGE_THREE_EVENTS'] | graph + ['GRAPH_POST_MERGE_CONTRACT_MISMATCH'] (reported)
OK   R-PM-5 | contract + ['POST_MERGE_CONTRACT'] | graph + ['GRAPH_POST_MERGE_CONTRACT_MISMATCH'] (reported)
OK   R-PM-6 | contract + ['POST_MERGE_CONTRACT'] | graph + ['GRAPH_POST_MERGE_CONTRACT_MISMATCH'] (reported)
OK   R-RG-1 | contract + ['ROUTE_GRAPH_SHORTHAND'] | graph + [] (reported)
OK   R-RG-2 | contract + ['ROUTE_GRAPH_SHORTHAND'] | graph + [] (reported)
OK   R-RG-3 | contract + ['ROUTE_GRAPH_SHORTHAND'] | graph + [] (reported)
OK   R-SEM-1 | contract + ['ROUTE_GRAPH_SEMANTICS'] | graph + [] (reported)
OK   R-SEM-2 | contract + ['ROUTE_GRAPH_SEMANTICS'] | graph + [] (reported)
OK   R-SEM-3 | contract + ['ROUTE_GRAPH_SEMANTICS'] | graph + [] (reported)
OK   R-ROLE | contract + ['PR35_TOP_LEVEL_ROLE'] | graph + ['GRAPH_NODE_CONTRACT:PR-35'] (reported)
OK   R-RP-1 | contract + ['PR40_REJECT_REPLAN_ROUTE', 'ROUTING_SURFACE_CHANGED'] | graph + ['GRAPH_EDGE_CONTRACT_MISMATCH', 'GRAPH_STATE_ROUTE_CONTRACT_MISMATCH'] (reported)
OK   R-RP-2 | contract + ['RESCOPE_CONTRACT'] | graph + [] (reported)
OK   R-RC-1 | contract + ['RECEIVER_CONTRACT:PR-35'] | graph + [] (reported)
OK   R-RC-2 | contract + ['RECEIVER_CONTRACT:PR-40'] | graph + [] (reported)
OK   R-RC-3 | contract + ['RECEIVER_CONTRACT:PR-30'] | graph + [] (reported)
OK   R-RC-4 | contract + ['RECEIVER_CONTRACT:PR-20'] | graph + [] (reported)
OK   R-RC-5 | contract + ['RECEIVER_CONTRACT:RS-40'] | graph + [] (reported)
OK   R-RC-6 | contract + ['RECEIVER_CONTRACT:PR-40'] | graph + [] (reported)
OK   R-HC-1 | contract + ['HANDOFF_CONTRACT'] | graph + [] (reported)
OK   R-HC-2 | contract + ['HANDOFF_CONTRACT'] | graph + [] (reported)
OK   R-HC-3 | contract + ['HANDOFF_PROHIBITED_REFERENCES'] | graph + ['GRAPH_HANDOFF_PROHIBITED_REFERENCES'] (reported)
OK   R-HC-4 | contract + ['HANDOFF_CONTRACT'] | graph + [] (reported)
OK   R-HC-5 | contract + ['HANDOFF_CONTRACT'] | graph + [] (reported)
OK   R-HC-6 | contract + [] | graph + ['GRAPH_HANDOFF_PROHIBITED_REFERENCES'] (scored)
OK   R-HC-7 | contract + ['HANDOFF_PROHIBITED_REFERENCES'] | graph + ['GRAPH_HANDOFF_PROHIBITED_REFERENCES'] (scored)
OK   R-R1-1 | contract + ['PROTECTED_IDENTITIES'] | graph + [] (reported)
OK   R-R1-2 | contract + ['GRAPH_PROOFS'] | graph + [] (reported)
OK   R-R1-3 | contract + ['PROTECTED_IDENTITIES'] | graph + [] (reported)
OK   R-ID | contract + ['CONTRACT_IDENTITY'] | graph + [] (reported)
OK   R-PS | contract + ['PR_DEVELOPMENT_CONTRACT'] | graph + [] (reported)
OK   R-OWN | contract + ['PR_DEVELOPMENT_CONTRACT'] | graph + [] (reported)
OK   R-LIN | contract + ['RESCOPE_CONTRACT'] | graph + [] (reported)
OK   R1 | contract + ['CONTRACT_IDENTITY'] | graph + [] (reported)
OK   R2a | contract + ['HANDOFF_CONTRACT'] | graph + [] (reported)
OK   R2b | contract + ['HANDOFF_CONTRACT'] | graph + [] (reported)
OK   R2c | contract + ['HANDOFF_CONTRACT'] | graph + [] (reported)
OK   R2d | contract + ['HANDOFF_CONTRACT'] | graph + [] (reported)
OK   R2e | contract + ['HANDOFF_CONTRACT'] | graph + [] (reported)
OK   R3a | contract + ['HANDOFF_PROHIBITED_REFERENCES'] | graph + ['GRAPH_HANDOFF_PROHIBITED_REFERENCES'] (reported)
OK   R3b | contract + ['HANDOFF_PROHIBITED_REFERENCES'] | graph + [] (reported)
OK   R3c | contract + [] | graph + ['GRAPH_HANDOFF_PROHIBITED_REFERENCES'] (scored)
OK   R4 | contract + ['POST_MERGE_CONTRACT'] | graph + ['GRAPH_POST_MERGE_CONTRACT_MISMATCH'] (reported)
OK   R5a | contract + ['POST_MERGE_THREE_EVENTS'] | graph + ['GRAPH_POST_MERGE_CONTRACT_MISMATCH'] (reported)
OK   R5b | contract + ['POST_MERGE_THREE_EVENTS'] | graph + ['GRAPH_POST_MERGE_CONTRACT_MISMATCH'] (reported)
OK   R5c | contract + ['POST_MERGE_CONTRACT'] | graph + ['GRAPH_POST_MERGE_CONTRACT_MISMATCH'] (reported)
OK   R6a | contract + ['ROUTE_GRAPH_SHORTHAND'] | graph + [] (reported)
OK   R6b | contract + ['ROUTE_GRAPH_SHORTHAND'] | graph + [] (reported)
OK   R6c | contract + ['ROUTE_GRAPH_SHORTHAND'] | graph + [] (reported)
OK   R7a | contract + ['PR35_ADDED_BOUNDARY'] | graph + ['GRAPH_PR_CONTINUITY_MISMATCH'] (reported)
OK   R7b | contract + ['PR35_ADDED_BOUNDARY'] | graph + ['GRAPH_PR_CONTINUITY_MISMATCH'] (reported)
OK   R7c | contract + ['PR35_ADDED_BOUNDARY'] | graph + ['GRAPH_PR_CONTINUITY_MISMATCH'] (reported)
OK   R8 | contract + ['PR_PHASE_CONTINUITY'] | graph + ['GRAPH_PR_CONTINUITY_MISMATCH'] (reported)
OK   R9 | contract + ['PR35_RESULT_VOCABULARY'] | graph + ['GRAPH_STATE_VOCABULARY_MISMATCH'] (reported)
OK   R10a | contract + ['PR_DEVELOPMENT_CONTRACT'] | graph + [] (reported)
OK   R10b | contract + ['PR_DEVELOPMENT_CONTRACT'] | graph + [] (reported)
OK   R11a | contract + ['PROTECTED_IDENTITIES'] | graph + [] (reported)
OK   R11b | contract + ['PROTECTED_IDENTITIES'] | graph + [] (reported)
OK   R12 | contract + ['GRAPH_PROOFS'] | graph + [] (reported)
OK   R13a | contract + ['RECEIVER_CONTRACT:PR-30'] | graph + [] (reported)
OK   R13b | contract + ['RECEIVER_CONTRACT:PR-35'] | graph + [] (reported)
OK   R13c | contract + ['RECEIVER_CONTRACT:PR-40'] | graph + [] (reported)
OK   R13d | contract + ['RECEIVER_CONTRACT:PR-20'] | graph + [] (reported)
OK   R13e | contract + ['RECEIVER_CONTRACT:RS-40'] | graph + [] (reported)
OK   R14 | contract + ['ROUTING_SURFACE_CHANGED'] | graph + ['GRAPH_EDGE_CONTRACT_MISMATCH'] (reported)
OK   R15 | contract + ['PRESERVATION_CONTRACT'] | graph + [] (reported)
OK   R16 | contract + ['ROUTE_GRAPH_SEMANTICS'] | graph + [] (reported)
OK   R17 | contract + ['RESCOPE_CONTRACT'] | graph + [] (reported)
OK   R-HDR-2 12 of 12 forms caught; clean header silent: True
OK   R1-cf FAIL: corrected-source contract revision
OK   R9-cf FAIL: PR-35 results
CONTRACT_REGRESSIONS 8b.10: 53 of 53 exact; 6.5: 35 of 35 exact; other: 3 of 3
