{"captured_env": {"ALLOW_NETWORK": "0", "APP_ENV": "dev", "LANG": "C", "LC_ALL": "C", "SAFE_MODE": "1", "TZ": "UTC"}, "check_id": "po-015", "check_name": "PO-015", "claimed_tokens": [], "command": "python audit/qa/hde-epic032/00_meta/live_qa_harness.py po-015", "command_provenance": "Copy/paste from plan", "evidence_artifacts": ["audit/qa/hde-epic032/checks/po-015/primary.log", "audit/qa/hde-epic032/checks/po-015/primary.log.path_proof.txt", "audit/qa/hde-epic032/checks/po-015/result.json"], "exit_code": 0, "fail_status": "", "intended_tokens": [], "pf_refs": ["PF10 - HDE-Build Notes", "PF19 - Glow QA Guide", "PF27 - Canon Plan Templates"], "schema_version": "pf27.step_log_header.v1", "status": "PASS", "timestamp_utc": "2026-05-23T03:11:47Z"}
{
  "all_commands_green": true,
  "check_id": "po-015",
  "checked_at_utc": "2026-05-23T03:11:47Z",
  "commands": [
    {
      "cmd": [
        "/usr/bin/python3",
        "tools/evidence/generate_narrative_registry_diff.py",
        "--check"
      ],
      "returncode": 0,
      "stderr": "",
      "stdout": ""
    },
    {
      "cmd": [
        "/usr/bin/python3",
        "tools/evidence/generate_db_bridge_parity.py",
        "--check"
      ],
      "returncode": 0,
      "stderr": "",
      "stdout": ""
    },
    {
      "cmd": [
        "/usr/bin/python3",
        "tools/evidence/update_evidence_index.py",
        "--check"
      ],
      "returncode": 0,
      "stderr": "",
      "stdout": "[evidence-index] env pins: ALLOW_NETWORK=0,LANG=C,LC_ALL=C,SAFE_MODE=1,TZ=UTC\n"
    },
    {
      "cmd": [
        "/usr/bin/python3",
        "tools/evidence/validate_evidence_paths.py"
      ],
      "returncode": 0,
      "stderr": "",
      "stdout": ""
    },
    {
      "cmd": [
        "bash",
        "ci/checks/check_evidence_index_hash.sh"
      ],
      "returncode": 0,
      "stderr": "",
      "stdout": ""
    },
    {
      "cmd": [
        "/usr/bin/python3",
        "ci/checks/check_mirror_schema.sh"
      ],
      "returncode": 0,
      "stderr": "",
      "stdout": ""
    },
    {
      "cmd": [
        "/usr/bin/python3",
        "tools/evidence/check_lf_endings.py"
      ],
      "returncode": 0,
      "stderr": "",
      "stdout": ""
    }
  ],
  "rails": {
    "ALLOW_NETWORK": "0",
    "APP_ENV": "dev",
    "LANG": "C",
    "LC_ALL": "C",
    "SAFE_MODE": "1",
    "TZ": "UTC"
  },
  "required_missing": [],
  "schema": "hde_epic032.po_015.v1",
  "status": "PASS"
}
