stage=build_packaged_wheel
source=tracked_source_copy
exit_code=0
stdout_recorded=false
stderr_recorded=false
stage=install_packaged_console_entrypoint
source=tracked_source_copy
entrypoint=hdctl
exit_code=0
stdout_recorded=false
stderr_recorded=false
stage=closure_write_and_check
argv=python tools/evidence/regenerate_identity_closure.py --in-place-isolated
exit_code=0
stdout_recorded=false
stderr_recorded=false
stage=closure_fixed_point_check
argv=python tools/evidence/regenerate_identity_closure.py --in-place-isolated --check
exit_code=0
stdout_recorded=false
stderr_recorded=false
stage=release_sanity
argv=python tools/evidence/run_sanity_pipeline_gate.py
exit_code=0
stdout_recorded=false
stderr_recorded=false
