{"captured_env":{"ALLOW_NETWORK":"0","APP_ENV":"dev","LANG":"C","LC_ALL":"C","SAFE_MODE":"1","TZ":"UTC"},"check_id":"po-postcommit","check_name":"EPIC021 current postcommit release-sanity checklist","claimed_tokens":[],"command":["/tmp/pr391-ledger-venv/bin/python","tools/evidence/run_sanity_pipeline.py"],"command_provenance":"EPIC021 exact executed non-shell argv receipts","evidence_artifacts":["audit/qa/hde-epic021/checks/po-postcommit/primary.log"],"exit_code":0,"intended_tokens":["QA_POSTCOMMIT_CHECKLIST_OK","SANITY_PIPELINE_OK","JSON_CANONICAL_CHECK_OK","CLI_READER_PARITY_OK","EVIDENCE_INDEX_UPDATED_OK","MACHINE_MIRROR_UPDATED_OK","EVIDENCE_INDEX_HASH_OK","EVIDENCE_INDEX_MIRROR_OK","EVIDENCE_PATHS_VALIDATED_OK","CI_CHECK_MIRROR_SCHEMA_OK"],"pf_refs":["PF04-Canon-HDE-Governance","PF19-Canon-Glow-QA-Guide","PF27-Canon-Plan-Templates"],"schema_version":"pf27.step_log_header.v2","status":"PASS","status_reason":"","timestamp_utc":"2026-08-19T00:59:57Z"}
token_claim_posture: intended tokens are recorded but not claimed by this PR-03 receipt
{"argv":["/tmp/pr391-ledger-venv/bin/python","tools/evidence/run_sanity_pipeline.py"],"command_index":1,"process_error":"","returncode":0}
[stdout]

[stderr]

[semantic_artifact]
run:sanity-pipeline
pipeline_identity:HDE-EPIC038-PR06-release-sanity
env:ALLOW_NETWORK=0,LANG=C,LC_ALL=C,SAFE_MODE=1,TZ=UTC
env_pins:audit/gates/determinism/env_pins.log
ops_evidence:retained_integrity_provenance_secret_safe_only;historical_nonclaim=true;not_rerun=true
check 01 Environment pins:OK
check 02 Identity and release provenance:OK
check 03 Canonical JSON:OK
check 04 Reader-to-CLI, AB-to-BA, two-run, and preimage checks:OK
check 05 A7 Catalog transport:OK
check 06 CI rails:OK
check 07 Direct DB selection contract:OK
check 08 Direct DB posture artifacts:OK
check 09 BodyGraph policy:OK
check 10 Architecture snapshot:OK
check 11 Configured-v2 mapped-cache local evidence:OK
check 12 Historical bridge evidence integrity:OK
stage_result:12:HISTORICAL_INTEGRITY_OK
check 13 OPS-02 mapped-cache packet validation:OK
check 14 OPS-03 direct DB posture packet validation:OK
check 15 Human Index and Machine Mirror refresh:OK
check 16 Evidence-path validation:OK
check 17 Mirror schema and index/mirror hash validation:OK
check 18 Topology orientation validation:OK
check 19 Final-LF validation:OK
first_failed_stage:NONE
summary:PASS
