{"captured_env": {"ALLOW_NETWORK": "0", "APP_ENV": "dev", "LANG": "C", "LC_ALL": "C", "SAFE_MODE": "1", "TZ": "UTC"}, "check_id": "po-001", "check_name": "PO-001", "claimed_tokens": [], "command": "python audit/qa/hde-epic032/00_meta/live_qa_harness.py po-001", "command_provenance": "Copy/paste from plan", "evidence_artifacts": ["audit/qa/hde-epic032/checks/po-001/primary.log", "audit/qa/hde-epic032/checks/po-001/primary.log.path_proof.txt", "audit/qa/hde-epic032/checks/po-001/result.json"], "exit_code": 0, "fail_status": "", "intended_tokens": [], "pf_refs": ["PF10 - HDE-Build Notes", "PF19 - Glow QA Guide", "PF27 - Canon Plan Templates"], "schema_version": "pf27.step_log_header.v1", "status": "PASS", "timestamp_utc": "2026-05-21T14:53:52Z"}
{
  "behavior_failures": [],
  "check_id": "po-001",
  "checked_at_utc": "2026-05-21T14:53:52Z",
  "db_proof_labels_checked": true,
  "dev_reader_surface_seen": true,
  "rails": {
    "ALLOW_NETWORK": "0",
    "APP_ENV": "dev",
    "LANG": "C",
    "LC_ALL": "C",
    "SAFE_MODE": "1",
    "TZ": "UTC"
  },
  "reader_surface_seen": true,
  "required_missing": [],
  "schema": "hde_epic032.po_001.v1",
  "status": "PASS"
}
