{"schema_version": "pf27.step_log_header.v1", "timestamp_utc": "2026-07-08T13:54:16Z", "check_id": "post-remediation-suite-rerun-r1", "check_name": "Post-remediation full suite rerun R1", "status": "PASS", "fail_status": "", "command": "post-remediation suite rerun: pytest readiness, qa-00 loci check, remediated doc-delta state check, po-001 through po-006 generator/inspection/pytest checks", "command_provenance": "Moon Loop remediation R1 follow-up suite rerun; original qa-00b clobber command intentionally not rerun, remediated doc-delta state inspected instead", "exit_code": 0, "evidence_artifacts": ["audit/qa/hde-epic037/checks/post-remediation-suite-rerun-r1/primary.log", "audit/qa/hde-epic037/checks/post-remediation-suite-rerun-r1/deps_install_stdout.log", "audit/qa/hde-epic037/checks/post-remediation-suite-rerun-r1/pytest_version_stdout.log", "audit/qa/hde-epic037/checks/post-remediation-suite-rerun-r1/qa00_preflight_stdout.log", "audit/qa/hde-epic037/checks/post-remediation-suite-rerun-r1/qa00b_remediated_doc_delta_state_stdout.log", "audit/qa/hde-epic037/checks/post-remediation-suite-rerun-r1/po001_parent_binding_stdout.log", "audit/qa/hde-epic037/checks/post-remediation-suite-rerun-r1/po001_inspection_stdout.log", "audit/qa/hde-epic037/checks/post-remediation-suite-rerun-r1/po002_field_sufficiency_stdout.log", "audit/qa/hde-epic037/checks/post-remediation-suite-rerun-r1/po002_inspection_stdout.log", "audit/qa/hde-epic037/checks/post-remediation-suite-rerun-r1/po003_v2_adapter_stdout.log", "audit/qa/hde-epic037/checks/post-remediation-suite-rerun-r1/po003_pytest_stdout.log", "audit/qa/hde-epic037/checks/post-remediation-suite-rerun-r1/po004_bg_resolve_stdout.log", "audit/qa/hde-epic037/checks/post-remediation-suite-rerun-r1/po004_pytest_stdout.log", "audit/qa/hde-epic037/checks/post-remediation-suite-rerun-r1/po005_v2_to_compat_stdout.log", "audit/qa/hde-epic037/checks/post-remediation-suite-rerun-r1/po005_pytest_stdout.log", "audit/qa/hde-epic037/checks/post-remediation-suite-rerun-r1/po006_v2_to_compat_stdout.log", "audit/qa/hde-epic037/checks/post-remediation-suite-rerun-r1/po006_inspection_stdout.log", "audit/qa/hde-epic037/checks/post-remediation-suite-rerun-r1/deps_install_stderr.log", "audit/qa/hde-epic037/checks/post-remediation-suite-rerun-r1/pytest_version_stderr.log", "audit/qa/hde-epic037/checks/post-remediation-suite-rerun-r1/qa00_preflight_stderr.log", "audit/qa/hde-epic037/checks/post-remediation-suite-rerun-r1/qa00b_remediated_doc_delta_state_stderr.log", "audit/qa/hde-epic037/checks/post-remediation-suite-rerun-r1/po001_parent_binding_stderr.log", "audit/qa/hde-epic037/checks/post-remediation-suite-rerun-r1/po001_inspection_stderr.log", "audit/qa/hde-epic037/checks/post-remediation-suite-rerun-r1/po002_field_sufficiency_stderr.log", "audit/qa/hde-epic037/checks/post-remediation-suite-rerun-r1/po002_inspection_stderr.log", "audit/qa/hde-epic037/checks/post-remediation-suite-rerun-r1/po003_v2_adapter_stderr.log", "audit/qa/hde-epic037/checks/post-remediation-suite-rerun-r1/po003_pytest_stderr.log", "audit/qa/hde-epic037/checks/post-remediation-suite-rerun-r1/po004_bg_resolve_stderr.log", "audit/qa/hde-epic037/checks/post-remediation-suite-rerun-r1/po004_pytest_stderr.log", "audit/qa/hde-epic037/checks/post-remediation-suite-rerun-r1/po005_v2_to_compat_stderr.log", "audit/qa/hde-epic037/checks/post-remediation-suite-rerun-r1/po005_pytest_stderr.log", "audit/qa/hde-epic037/checks/post-remediation-suite-rerun-r1/po006_v2_to_compat_stderr.log", "audit/qa/hde-epic037/checks/post-remediation-suite-rerun-r1/po006_inspection_stderr.log", "audit/qa/hde-epic037/checks/post-remediation-suite-rerun-r1/deps_install_exit_code.txt", "audit/qa/hde-epic037/checks/post-remediation-suite-rerun-r1/pytest_version_exit_code.txt", "audit/qa/hde-epic037/checks/post-remediation-suite-rerun-r1/qa00_preflight_exit_code.txt", "audit/qa/hde-epic037/checks/post-remediation-suite-rerun-r1/qa00b_remediated_doc_delta_state_exit_code.txt", "audit/qa/hde-epic037/checks/post-remediation-suite-rerun-r1/po001_parent_binding_exit_code.txt", "audit/qa/hde-epic037/checks/post-remediation-suite-rerun-r1/po001_inspection_exit_code.txt", "audit/qa/hde-epic037/checks/post-remediation-suite-rerun-r1/po002_field_sufficiency_exit_code.txt", "audit/qa/hde-epic037/checks/post-remediation-suite-rerun-r1/po002_inspection_exit_code.txt", "audit/qa/hde-epic037/checks/post-remediation-suite-rerun-r1/po003_v2_adapter_exit_code.txt", "audit/qa/hde-epic037/checks/post-remediation-suite-rerun-r1/po003_pytest_exit_code.txt", "audit/qa/hde-epic037/checks/post-remediation-suite-rerun-r1/po004_bg_resolve_exit_code.txt", "audit/qa/hde-epic037/checks/post-remediation-suite-rerun-r1/po004_pytest_exit_code.txt", "audit/qa/hde-epic037/checks/post-remediation-suite-rerun-r1/po005_v2_to_compat_exit_code.txt", "audit/qa/hde-epic037/checks/post-remediation-suite-rerun-r1/po005_pytest_exit_code.txt", "audit/qa/hde-epic037/checks/post-remediation-suite-rerun-r1/po006_v2_to_compat_exit_code.txt", "audit/qa/hde-epic037/checks/post-remediation-suite-rerun-r1/po006_inspection_exit_code.txt"], "captured_env": {"SAFE_MODE": "1", "ALLOW_NETWORK": "0", "APP_ENV": "dev", "LC_ALL": "C", "LANG": "C", "TZ": "UTC"}, "pf_refs": ["PF10 - HDE-Build Notes", "PF05 - HDE CLI/API Vendor Reference", "PF02 - HDE Architecture"], "intended_tokens": ["EVIDENCE_INDEX_UPDATED_OK", "MACHINE_MIRROR_UPDATED_OK", "EVIDENCE_INDEX_HASH_OK", "EVIDENCE_INDEX_MIRROR_OK", "EVIDENCE_PATH_PROOFS_OK", "JSON_CANONICAL_CHECK_OK", "NO_EXTERNAL_IO_ON_REFUSAL_OK", "ENV_RAILS_POLICY_OK", "TWO_RUN_IDENTITY_OK", "COMPOSITE_ABBA_IDENTITY_OK"], "claimed_tokens": ["EVIDENCE_INDEX_UPDATED_OK", "MACHINE_MIRROR_UPDATED_OK", "EVIDENCE_INDEX_HASH_OK", "EVIDENCE_INDEX_MIRROR_OK", "EVIDENCE_PATH_PROOFS_OK", "JSON_CANONICAL_CHECK_OK", "NO_EXTERNAL_IO_ON_REFUSAL_OK", "ENV_RAILS_POLICY_OK", "TWO_RUN_IDENTITY_OK", "COMPOSITE_ABBA_IDENTITY_OK"]}

## results
deps_install exit=0
pytest_version exit=0
qa00_preflight exit=0
qa00b_remediated_doc_delta_state exit=0
po001_parent_binding exit=0
po001_inspection exit=0
po002_field_sufficiency exit=0
po002_inspection exit=0
po003_v2_adapter exit=0
po003_pytest exit=0
po004_bg_resolve exit=0
po004_pytest exit=0
po005_v2_to_compat exit=0
po005_pytest exit=0
po006_v2_to_compat exit=0
po006_inspection exit=0

## remediation_note
original_po_002_failure_retained=audit/qa/hde-epic037/checks/po-002/primary.log
po_002_remediation_receipt=audit/qa/hde-epic037/checks/po-002-remediation-r1/primary.log
original_qa_00b_not_rerun=TRUE
original_qa_00b_not_rerun_reason=approved command is the known doc-delta clobber source; remediated doc-delta state was inspected instead
