## main...origin/main [behind 1]
?? audit/ops/hde-epic029/ops-02/
d5c5a82b912616d62ffa93ebe5a021a894f5ab55
d5c5a82b912616d62ffa93ebe5a021a894f5ab55
d5c5a82b912616d62ffa93ebe5a021a894f5ab55
     1	import json
     2	
     3	from adapter.http_reader import create_app
     4	
     5	
     6	def _client(monkeypatch, app_env: str):
     7	    monkeypatch.setenv("APP_ENV", app_env)
     8	    app = create_app()
     9	    app.config.update(TESTING=True)
    10	    return app.test_client()
    11	
    12	
    13	def test_dev_conjunction_endpoints_gate_in_prod(monkeypatch):
    14	    client = _client(monkeypatch, "prod")
    15	
    16	    for route in ("/dev/sampler/conjunction", "/dev/reader/conjunction", "/dev/writer/conjunction"):
    17	        resp = client.get(route, query_string={"a_user_id": "left", "b_user_id": "right"})
    18	        assert resp.status_code == 403
    19	        assert json.loads(resp.data) == {
    20	            "schema": "v1",
    21	            "ok": False,
    22	            "code": "ERR_WRITER_FORBIDDEN",
    23	            "error": "insufficient scope",
    24	        }
    25	
    26	
    27	def test_dev_conjunction_endpoints_closed_rails_refusal(monkeypatch):
    28	    monkeypatch.setenv("SAFE_MODE", "1")
    29	    monkeypatch.setenv("ALLOW_NETWORK", "0")
    30	    client = _client(monkeypatch, "dev")
    31	
    32	    for route in ("/dev/sampler/conjunction", "/dev/reader/conjunction", "/dev/writer/conjunction"):
    33	        resp = client.get(route, query_string={"a_user_id": "left", "b_user_id": "right"})
    34	        assert resp.status_code == 503
    35	        payload = json.loads(resp.data)
    36	        assert payload["code"] == "ERR_WRITER_RAILS_CLOSED"
    37	        assert payload["details"]["rails"] == {"SAFE_MODE": "1", "ALLOW_NETWORK": "0"}
    38	        if route == "/dev/writer/conjunction":
    39	            assert payload["type"] == "dev.writer.conjunction.error.v1"
    40	
    41	
    42	def test_dev_conjunction_endpoints_open_rails_success(monkeypatch):
    43	    monkeypatch.setenv("SAFE_MODE", "0")
    44	    monkeypatch.setenv("ALLOW_NETWORK", "1")
    45	    client = _client(monkeypatch, "dev")
    46	
    47	    query = {
    48	        "a_user_id": "left",
    49	        "b_user_id": "right",
    50	        "a_birthdate": "1990-01-01",
    51	        "a_birthtime": "08:30",
    52	        "a_location": "Amsterdam",
    53	        "b_birthdate": "1991-02-02",
    54	        "b_birthtime": "09:45",
    55	        "b_location": "Berlin",
    56	    }
    57	    for route in ("/dev/sampler/conjunction", "/dev/reader/conjunction", "/dev/writer/conjunction"):
    58	        resp = client.get(route, query_string=query)
    59	        assert resp.status_code == 200
    60	        payload = json.loads(resp.data)
    61	        conjunction_payload = payload.get("result", payload)
    62	        assert "conjunction" in conjunction_payload
    63	        assert conjunction_payload["conjunction"]["left"]["person_uid"]
    64	        assert conjunction_payload["conjunction"]["right"]["person_uid"]
    65	
    66	
    67	def test_dev_writer_conjunction_is_idempotent_bytes(monkeypatch):
    68	    monkeypatch.setenv("SAFE_MODE", "0")
    69	    monkeypatch.setenv("ALLOW_NETWORK", "1")
    70	    client = _client(monkeypatch, "dev")
    71	
    72	    query = {
    73	        "a_user_id": "left",
    74	        "b_user_id": "right",
    75	        "a_birthdate": "1990-01-01",
    76	        "a_birthtime": "08:30",
    77	        "a_location": "Amsterdam",
    78	        "b_birthdate": "1991-02-02",
    79	        "b_birthtime": "09:45",
    80	        "b_location": "Berlin",
    81	    }
    82	
    83	    resp_one = client.get("/dev/writer/conjunction", query_string=query)
    84	    resp_two = client.get("/dev/writer/conjunction", query_string=query)
    85	
    86	    assert resp_one.status_code == 200
    87	    assert resp_two.status_code == 200
    88	    assert resp_one.headers["Cache-Control"] == "no-store"
    89	    assert "ETag" not in resp_one.headers
    90	    assert resp_one.data == resp_two.data
    91	
    92	    payload_one = json.loads(resp_one.data)
    93	    payload_two = json.loads(resp_two.data)
    94	    assert payload_one["schema"] == "v1"
    95	    assert payload_one["type"] == "dev.writer.conjunction.success.v1"
    96	    assert payload_one["writer"] == payload_two["writer"]
    97	    assert payload_one["writer"]["writer_route_id"] == "dev.writer.conjunction.v1"
    98	    assert payload_one["writer"]["idempotence_hash"]
    99	
   100	
   101	def test_dev_writer_conjunction_invalid_input_uses_typed_error(monkeypatch):
   102	    monkeypatch.setenv("SAFE_MODE", "0")
   103	    monkeypatch.setenv("ALLOW_NETWORK", "1")
   104	    client = _client(monkeypatch, "dev")
   105	
   106	    resp = client.get("/dev/writer/conjunction", query_string={"a_user_id": "left"})
   107	    assert resp.status_code == 422
   108	    assert resp.headers["Cache-Control"] == "no-store"
   109	    assert "ETag" not in resp.headers
   110	    payload = json.loads(resp.data)
   111	    assert payload["schema"] == "v1"
   112	    assert payload["ok"] is False
   113	    assert payload["code"] == "ERR_WRITER_INVALID_INPUT"
   114	    assert payload["type"] == "dev.writer.conjunction.error.v1"
     1	import json
     2	
     3	from adapter.factory import create_app
     4	from engine.serializer.canon import sercanon
     5	
     6	
     7	def _app(monkeypatch, app_env: str = "dev"):
     8	    monkeypatch.setenv("APP_ENV", app_env)
     9	    return create_app()
    10	
    11	
    12	def _post(client, payload: dict):
    13	    return client.post(
    14	        "/internal/dev/sampler",
    15	        data=json.dumps(payload),
    16	        headers={"Content-Type": "application/json; charset=utf-8"},
    17	    )
    18	
    19	
    20	def test_dev_sampler_happy_path_and_canonical(monkeypatch):
    21	    app = _app(monkeypatch, "dev")
    22	    payload = {
    23	        "viewer_id": "viewer-123",
    24	        "candidate_ids": ["charlie", "alpha", "bravo"],
    25	        "seed": "s-1",
    26	    }
    27	
    28	    with app.test_client() as client:
    29	        resp = _post(client, payload)
    30	
    31	    assert resp.status_code == 200
    32	    assert resp.data.endswith(b"\n")
    33	
    34	    body = resp.get_data(as_text=True)
    35	    data = json.loads(body)
    36	    assert data == {
    37	        "viewer_id": "viewer-123",
    38	        "meta": {"seed": "s-1"},
    39	        "candidate_ids": ["alpha", "bravo", "charlie"],
    40	    }
    41	
    42	    expected = sercanon(data, sort_keys=True)
    43	    assert resp.data == expected
    44	
    45	
    46	def test_dev_sampler_determinism(monkeypatch):
    47	    app = _app(monkeypatch, "dev")
    48	    payload = {
    49	        "viewer_id": "viewer-abc",
    50	        "candidate_ids": ["c-3", "c-1", "c-2"],
    51	        "seed": "seed",
    52	    }
    53	
    54	    with app.test_client() as client:
    55	        first = _post(client, payload)
    56	        second = _post(client, payload)
    57	
    58	    assert first.status_code == 200
    59	    assert second.status_code == 200
    60	    assert first.data == second.data
    61	
    62	
    63	def test_dev_sampler_seed_only_changes_seed(monkeypatch):
    64	    app = _app(monkeypatch, "dev")
    65	    base = {
    66	        "viewer_id": "viewer-xyz",
    67	        "candidate_ids": ["delta", "echo", "foxtrot"],
    68	    }
    69	
    70	    with app.test_client() as client:
    71	        with_seed_a = _post(client, {**base, "seed": "111"})
    72	        with_seed_b = _post(client, {**base, "seed": "222"})
    73	
    74	    assert with_seed_a.status_code == 200
    75	    assert with_seed_b.status_code == 200
    76	
    77	    payload_a = json.loads(with_seed_a.data)
    78	    payload_b = json.loads(with_seed_b.data)
    79	
    80	    assert payload_a["candidate_ids"] == payload_b["candidate_ids"]
    81	    assert payload_a["meta"]["seed"] == "111"
    82	    assert payload_b["meta"]["seed"] == "222"
    83	
    84	
    85	def test_dev_sampler_rejected_in_prod(monkeypatch):
    86	    app = _app(monkeypatch, "prod")
    87	    payload = {"viewer_id": "viewer-123", "candidate_ids": ["one", "two"]}
    88	
    89	    with app.test_client() as client:
    90	        resp = _post(client, payload)
    91	
    92	    assert resp.status_code == 403
    93	    # Writer-style envelope from _writer_error.
    94	    assert json.loads(resp.data) == {
    95	        "schema": "v1",
    96	        "ok": False,
    97	        "code": "ERR_WRITER_FORBIDDEN",
    98	        "error": "insufficient scope",
    99	    }
   100	
   101	
   102	def test_dev_sampler_rejected_when_app_env_missing(monkeypatch):
   103	    monkeypatch.delenv("APP_ENV", raising=False)
   104	    app = create_app()
   105	    payload = {"viewer_id": "viewer-456", "candidate_ids": ["one", "two"]}
   106	
   107	    with app.test_client() as client:
   108	        resp = _post(client, payload)
   109	
   110	    assert resp.status_code == 403
   111	    assert json.loads(resp.data)["code"] == "ERR_WRITER_FORBIDDEN"
   112	
   113	
   114	def test_dev_sampler_rejected_when_app_env_empty(monkeypatch):
   115	    app = _app(monkeypatch, "")
   116	    payload = {"viewer_id": "viewer-789", "candidate_ids": ["one", "two"]}
   117	
   118	    with app.test_client() as client:
   119	        resp = _post(client, payload)
   120	
   121	    assert resp.status_code == 403
   122	    assert json.loads(resp.data)["code"] == "ERR_WRITER_FORBIDDEN"
     1	# HDE-EPIC029 PR-01 — Conjunction JSON Surface Inventory (Bounded)
     2	
     3	## Scope guard (PF09.4 / HDE-CONJ009.1)
     4	
     5	This inventory is intentionally bounded to conjunction JSON-emitting loci that are already repo-proven and in-scope for PR-01.
     6	
     7	Included loci (minimum required):
     8	- `/reader`
     9	- `/dev/writer/conjunction`
    10	- `/internal/dev/sampler`
    11	
    12	Additional conjunction loci were included only when already repo-proven and in the same bounded conjunction family.
    13	No new routes, no new proof surfaces, and no alternate serializer/emitter paths are introduced by this inventory.
    14	
    15	## Single-emitter verification checklist
    16	
    17	Canonical shared emitter: `engine.presenter.emitter.emit_public` (delegates to `engine.serializer.canon.sercanon`).
    18	
    19	### 1) `/reader` (GET)
    20	- Route defined in `adapter/http_reader.py` as `@bp.get("/reader")`.
    21	- Success bytes are emitted by `emit_fn(...)`; the default `emit_fn` is `engine.runtime.emit_reader_public_bytes`.
    22	- `engine.runtime.emit_reader_public_bytes` emits through `emit_public_envelope(...)`, which calls the shared emitter `emit_public`.
    23	- Result: **uses single shared emitter path**.
    24	
    25	### 2) `/dev/writer/conjunction` (GET)
    26	- Route defined in `adapter/http_reader.py` as `@bp.get("/dev/writer/conjunction")`.
    27	- Handler calls `_emit_dev_writer_conjunction_response()`, which returns `_emit_writer_response(...)`.
    28	- `_emit_writer_response(...)` builds response bytes with `emit_public(envelope, sort_keys=...)`.
    29	- Result: **uses single shared emitter path**.
    30	
    31	### 3) `/internal/dev/sampler` (POST)
    32	- Route defined in `adapter/http_reader.py` as `@bp.route("/internal/dev/sampler", methods=["POST"], ...)`.
    33	- Handler `dev_sampler_internal()` returns bytes via `body = emit_public(response_payload, sort_keys=True)`.
    34	- Result: **uses single shared emitter path**.
    35	
    36	### 4) Additional bounded conjunction loci (repo-proven, same family)
    37	
    38	#### `/dev/sampler/conjunction` (GET)
    39	- Route calls `_emit_conjunction_response()`.
    40	- `_emit_conjunction_response()` returns `body = emit_public(payload, sort_keys=True)`.
    41	- Result: **uses single shared emitter path**.
    42	
    43	#### `/dev/reader/conjunction` (GET)
    44	- Route calls `_emit_conjunction_response()`.
    45	- `_emit_conjunction_response()` returns `body = emit_public(payload, sort_keys=True)`.
    46	- Result: **uses single shared emitter path**.
    47	
    48	## Conclusion (PR-01 bounded outcome)
    49	
    50	All inventoried conjunction JSON-emitting loci in this bounded PR-01 scope route through the single shared canonical emitter (`emit_public` -> `sercanon`).
    51	
    52	No in-place emitter fix was needed for the inventoried loci.
     1	# HDE-EPIC029 Token ↔ Evidence Matrix
     2	
     3	| token_name | owner_pf | evidence_artifacts | ci_tests_jobs | qa_root_logs | status | notes |
     4	| --- | --- | --- | --- | --- | --- | --- |
     5	| DOC_DELTA_PRESENT_OK | PF04 — HDE Governance §2.0.0 | audit/docdeltas/hde-epic029_doc_deltas.md; audit/docdeltas/hde-epic029_drain_targets.md | Bound by close-pack generator outputs | acceptance_map_viability.log | Implemented | Doc-delta and drain-target ledgers are generated and bound for this close pack. |
     6	| EVIDENCE_INDEX_UPDATED_OK | PF12 — Schemas & Artifacts §Evidence Index | docs/evidence/INDEX.json | tools/evidence/update_evidence_index.py | acceptance_map_viability.log | Implemented | Human evidence index is refreshed in lockstep with governed artifacts. |
     7	| MACHINE_MIRROR_UPDATED_OK | PF12 — Schemas & Artifacts §Evidence Mirror | artifacts/evidence_index.jsonl | tools/evidence/update_evidence_index.py | acceptance_map_viability.log | Implemented | Machine mirror is refreshed in lockstep with the human index. |
     8	| EVIDENCE_INDEX_HASH_OK | PF12 — Schemas & Artifacts §Evidence Hash Discipline | docs/evidence/INDEX.sha256; artifacts/evidence_index.jsonl.sha256 | tools/evidence/update_evidence_index.py | acceptance_map_viability.log | Implemented | Index and mirror hash sidecars are regenerated with canonical tooling. |
     9	| ENV_RAILS_POLICY_OK | PF10 — HDE Build Notes §Closed Rails | artifacts/proofs/env_pins.txt | ci/checks/check_env_pins.sh (via sanity pipeline) | acceptance_map_viability.log | Implemented | Determinism env pins evidence remains present for closed-rails posture. |
    10	| JSON_CANONICAL_CHECK_OK | PF10 — HDE Build Notes §Canonical JSON Gate | audit/gates/json_gate/canonical/json_gate_structured_record.json; audit/gates/canonical_json/json_canonical_check.log | tools/evidence/run_canonical_json_gate.py (governed) | acceptance_map_viability.log | Implemented | Canonical JSON gate evidence is bound without introducing new token names. |
    11	| TESTS_PASS_OK | PF19 — Glow QA Guide §QA Rails | audit/qa/hde-epic029/checks/po-epic-close-live-qa/primary.log | Existing epic-close live QA output only | acceptance_map_viability.log | Planned | Deferred: required live QA primary log is missing; no pass claim synthesized. |
    12	| QA_PRECOMMIT_CHECKLIST_OK | PF19 — Glow QA Guide §QA Rails | audit/qa/hde-epic029/checks/po-precommit/primary.log | Existing precommit checklist output only | acceptance_map_viability.log | Planned | Deferred: required precommit primary log is missing; no pass claim synthesized. |
    13	| QA_POSTCOMMIT_CHECKLIST_OK | PF19 — Glow QA Guide §QA Rails | audit/qa/hde-epic029/checks/po-postcommit/primary.log | Existing postcommit checklist output only | acceptance_map_viability.log | Planned | Deferred: required postcommit primary log is missing; no pass claim synthesized. |
    14	
    15	## PF09 scope bindings (status-only; not acceptance tokens)
    16	
    17	- `HDE-CONJ009` / `HDE-CONJ009.1`: bound via `audit/qa/hde-epic029/00_meta/conjunction_json_surface_inventory.md`.
    18	- `HDE-CONJ008` / `HDE-CONJ008.1`: bound via `artifacts/writer/conjunction_write_readback.log` and `artifacts/writer/conjunction_writer_summary.json`.
    19	- `HDE-CONJ001` / `HDE-CONJ001.4`: bound via OPS disposition; remains not done while codespaces/local_dev are not yet closed.
{"checked_targets":["artifacts/audit/cli/pair.json","artifacts/audit/cli/pair_ba.json","artifacts/audit/cli/showcompat_ab.json","artifacts/audit/cli/showcompat_ba.json","artifacts/cli/ab.json","artifacts/cli/abba_sidecar.json","artifacts/cli/ba.json","artifacts/cli/out.json","artifacts/cli/out_ba.json","artifacts/cli/reader_dump.json","artifacts/cli/showcompat/args.json","artifacts/cli/showcompat/stdout.json","artifacts/cli/summary.json"],"env":{"ALLOW_NETWORK":"0","LANG":"C","LC_ALL":"C","SAFE_MODE":"1","TZ":"UTC"},"failures":[],"generated_at_utc":"2026-04-08T22:26:13Z","outputs":{"check_log":"audit/gates/json_gate/canonical/json_gate_check_log.ndjson","compare_log":"audit/gates/json_gate/canonical/json_gate_compare_log.ndjson","structured_record":"audit/gates/json_gate/canonical/json_gate_structured_record.json"},"schema":"canonical_json.gate.v1","status":"pass"}
     1	[success]
     2	status: 200
     3	cache-control: no-store
     4	content-length: 35
     5	content-type: application/json; charset=utf-8
     6	
     7	[error]
     8	status: 401
     9	cache-control: no-store
    10	content-length: 93
    11	content-type: application/json; charset=utf-8
    12	www-authenticate: Bearer
     1	codespaces: not yet closed - remediation rerun recorded gating_discrepancy observed (APP_ENV=prod did not return 403) in stdout.log.
     2	local_dev: not yet closed - PF07 published DEV_SAMPLER_URL=http://127.0.0.1:8000/internal/dev/sampler, but OPS results recorded step creation and AI data indexing failure.
