## main...origin/main [behind 1]
?? audit/ops/hde-epic029/ops-02/
d5c5a82b912616d62ffa93ebe5a021a894f5ab55
d5c5a82b912616d62ffa93ebe5a021a894f5ab55
d5c5a82b912616d62ffa93ebe5a021a894f5ab55
  2300	* Enforce no-store caching and correct refusal semantics.
  2301	
  2302	**Task notes:**  
  2303	 Writers create state. Ensure all writer surfaces are optional until core read-only surfaces are stable and audited.
  2304	
  2305	Writers are not A7 proof surfaces; A7 tokens (`A7_*`, `READER_*`) remain bound to Catalog success routes.
  2306	
  2307	Addendum 05-08 PR04 adds a dev-only writer endpoint `/dev/writer/conjunction` (route\_id `dev.writer.conjunction.v1`) returning an idempotent writer-style envelope for conjunction results, gated by the existing dev admin gate and covered by `tests/http/test_dev_conjunction_http.py`.
  2308	
  2309	### Subtask HDE-CONJ008.1 — Writer envelope & posture
  2310	
  2311	**Subtask name/label:** Typed success/error envelopes & A7 posture
  2312	
  2313	**Subtask description:**  
  2314	 Define typed success and error envelopes (numeric-free) and A7 posture:
  2315	
  2316	Writers: `Cache-Control: no-store`, never 304\.
  2317	
  2318	Errors: typed, numeric-free JSON with `Content-Type: application/json; charset=utf-8`.
  2319	
  2320	**Subtask status:** **Not done**
  2321	
  2322	**Epic or card:** **Unknown**
  2323	
  2324	**Tokens:** **Unknown** (A7 family excluded from writers)
  2325	
  2326	**Evidence / artifacts:**
  2327	
  2328	`tests/transport/headers/no_store_writers_errors.snap`
  2329	
  2330	### Subtask HDE-CONJ008.2 — Idempotent writer path & byte parity
  2331	
  2332	**Subtask name/label:** Idempotent write path & emitter parity
  2333	
  2334	**Subtask description:**  
  2335	 Ensure an idempotent write path:
  2336	
  2337	Canonicalize body before persist.
  2338	
  2339	Record `release_id`.
  2340	
  2341	Run byte-equality checks between stored bytes and emitter output.
  2342	
  2343	Re-issuing the same valid request leaves state unchanged and preserves response semantics.
  2344	
  2345	**Subtask status:** **Done**
  2346	
  2347	**Subtask status notes:**
  2348	
  2349	* **Status (Drain 10.1.4 — 2.4 PR03 HDE-EPIC027):** Done.
  2350	
  2351	Reviewed closure evidence records explicit writer/readback parity artifacts, coherent governed path proofs for those artifacts, preserved idempotence behavior, and a green writer-route validation run.
  2352	
  2353	**Epic or card:** **HDE-EPIC027**
  2354	
  2355	**Tokens:** **Unknown**
  2356	
  2357	**Evidence / artifacts:**
  2358	
  2359	`artifacts/writer/conjunction_write_readback.log`
  2360	
  2361	`artifacts/writer/conjunction_write_readback.log.path_proof.txt`
  2362	
  2363	`artifacts/writer/conjunction_writer_summary.json`
  2364	
  2365	`artifacts/writer/conjunction_writer_summary.json.path_proof.txt`
  2366	
  2367	### Subtask HDE-CONJ008.3 — Writer evidence presence & indexing
  2368	
  2369	**Subtask name/label:** Writer evidence & Index/Mirror discipline
  2370	
  2371	**Subtask description:**  
  2372	 Capture and index writer evidence artifacts (write/readback logs, DDL updates, ops logs) with Evidence Index entries and machine mirror records; `EVIDENCE_INDEX_UPDATED_OK` and related Index/Mirror tokens gate that evidence is captured and synchronized.
  2373	
  2374	**Subtask status:** **Done**
  2375	
  2376	**Subtask status notes:**
  2377	
  2378	* **Status (Drain 10.1.4 — 2.4 PR03 HDE-EPIC027):** Done.
  2379	
  2380	The combined work now provides explicit writer artifact keys, coherent Human Evidence Index and Machine Mirror updates, refreshed chronology across proof sidecars, and a green evidence and index validation suite.
  2381	
  2382	Writer proof behavior remains outside the A7 proof family. The writer evidence generator now requires explicit caller-provided open rails and no longer silently widens rails on its own.
  2383	
  2384	**Epic or card:** **HDE-EPIC027**
  2385	
  2386	**Tokens:**
  2387	
  2388	`EVIDENCE_INDEX_UPDATED_OK`
  2389	
  2390	`EVIDENCE_INDEX_MIRROR_OK`
  2391	
  2392	`EVIDENCE_PATHS_VALIDATED_OK`
  2393	
  2394	**Evidence / artifacts:**
  2395	
  2396	`docs/evidence/INDEX.json` / `docs/evidence/INDEX.sha256`
  2397	
  2398	`artifacts/evidence_index.jsonl`
  2399	
  2400	`artifacts/evidence_index.jsonl.path_proof.txt`
  2401	
  2402	`artifacts/evidence_index.jsonl.sha256`
  2403	
  2404	`artifacts/evidence_index.jsonl.sha256.path_proof.txt`
  2405	
  2406	`tests/http/test_endpoint_catalog.py`
  2407	
  2408	`python tools/evidence/update_evidence_index.py --check`
  2409	
  2410	`python ci/checks/check_mirror_schema.sh artifacts/evidence_index.jsonl`
  2411	
  2412	### Subtask HDE-CONJ008.4 — A7 family excluded for writers
  2413	
  2414	**Subtask name/label:** A7 tokens scoping for writers
  2415	
  2416	**Subtask description:**  
  2417	 Ensure Governance A7 tokens (`A7_*`, `READER_*`) remain bound to Catalog JSON success routes only; writer routes are not used as A7 proof surfaces and are not directly gated by A7 tokens.
  2418	
  2419	**Subtask status:** **Done**
  2420	
  2421	**Subtask status notes:**
  2422	
  2423	**Status (Drain 10.1.4 — 15-18 HDE-EPIC027 CHECK po-006):** Done.
  2424	
  2425	Current-state QA records a passing dev conjunction HTTP run, confirms writer artifact rows are discoverable in the machine mirror, and captures catalog context that `/dev/writer/conjunction` is marked `a7_eligible false`.
  2426	
  2427	This closes the writer/A7 scoping row for the current conjunction writer slice without widening the writer proof path into an A7 family proof surface.
  2428	
  2429	**Epic or card:** **HDE-EPIC027**
  2430	
  2431	**Tokens:** **None** (behavioral scoping; A7 tokens deliberately not applied)
  2432	
  2433	**Evidence / artifacts:**
  2434	
  2435	`audit/qa/hde-epic027/checks/po-006/dev_conjunction_http.txt`
  2436	
  2437	`audit/qa/hde-epic027/checks/po-006/writer_index_rows.txt`
  2438	
  2439	`audit/qa/hde-epic027/checks/po-006/primary.log`
  2440	
  2441	---
  2442	
  2443	## Task HDE-CONJ009 — Global discipline (canonical JSON & Index updates)
  2444	
  2445	**Task ID:** HDE-CONJ009
  2446	
  2447	**Task name/label:** Global discipline (single-emitter canonical JSON & Index updates)
  2448	
  2449	**Task status:** **Partial** (tracked as ongoing global requirement)
  2450	
  2451	**Task description:**  
  2452	 Enforce single-emitter canonical JSON rules across all surfaces and require Evidence Index/Mirror updates whenever artifacts change.
  2453	
  2454	**Task notes:**
  2455	
  2456	Addendum 09-12 PR07 (HDE-EPIC026) refreshes governed evidence posture for conjunction outputs, including:
  2457	
  2458	* Canonical JSON gate runner updates: `tools/evidence/run_canonical_json_gate.py` target set extended to conjunction-related CLI artifacts, with refreshed gate outputs and logs under `audit/gates/json_gate/canonical/`.
  2459	
  2460	* Evidence Index and proof refresh: evidence index rows updated and extended to include conjunction-related CLI artifact keys and proof anchors, including refreshed path-proof records for `artifacts/evidence_index.jsonl`.
  2461	
  2462	* Governed path proofs refreshed for `artifacts/cli/pair.json`, `artifacts/cli/pair_ba.json`, `artifacts/cli/showcompat_ab.json`, `artifacts/cli/showcompat_ba.json`, plus new path-proof artifacts for `artifacts/cli/abba_sidecar.json`, `artifacts/cli/out.json`, and `artifacts/cli/out_ba.json`.
  2463	
  2464	* Path proofs refreshed for `docs/ENDPOINTS_CATALOG.json` and `docs/ENDPOINTS_CATALOG.json.sha256`, plus Evidence Index snapshot artifacts (`docs/evidence/INDEX.json`, `docs/evidence/INDEX.sha256`) and their path proofs.
  2465	
  2466	Tokens satisfied in PR07 evidence print: `EVIDENCE_INDEX_UPDATED_OK`, `EVIDENCE_INDEX_MIRROR_OK`, `EVIDENCE_PATHS_VALIDATED_OK`, `CANONICAL_JSON_GATE_UPDATED_OK`, `CANONICAL_JSON_GATE_PASSED_OK`.
  2467	
  2468	All surfaces honor single-emitter, canonical JSON rules:
  2469	
  2470	UTF-8, no BOM.
  2471	
  2472	ASCII-sorted keys.
  2473	
  2474	Compact separators.
  2475	
  2476	Exactly one LF.
  2477	
  2478	Arrays-as-sets deduped and ASCII-sorted.
  2479	
  2480	All checks run under `LC_ALL=C`, `LANG=C`, `TZ=UTC`.
  2481	
  2482	Index updates are mandatory:
  2483	
  2484	Update Human Index (`docs/evidence/INDEX.json`, `docs/evidence/INDEX.sha256`) and machine mirror (`artifacts/evidence_index.jsonl`) in the same PR that adds or changes artifacts (records-only canonical JSONL; one LF; unknown-key reject; path-proofs in place).
  2485	
  2486	HDE-Schemas & Artifacts §8.6 is the single home for the entries list; PF09 does not duplicate it.
  2487	
  2488	**Status (Drain 10.3.3 — 20-24 HDE-EPIC028 closeout / OPS):** Partial.
  2489	
  2490	Current-state closeout evidence now carries a bounded repo-supported completion summary at `audit/qa/hde-epic028/checks/po-010/final_summary.txt`, with `repo_supported_completion_only: yes`, `canon_drain_complete: no_claim`, and `formal_close_pack_complete: no_claim`. The bounded Moon Loop rerun keeps that posture while reclassifying `po_005=recorded` and `po_006=recorded`.
  2491	
  2492	OPS-01 surfaces the formal EPIC028 close-pack baseline at `audit/EPIC-028_close_report.md`, `audit/EPIC-028_MANIFEST.json`, `audit/EPIC-028_close_report.md.path_proof.txt`, and `audit/EPIC-028_MANIFEST.json.path_proof.txt`, and binds that close-pack back to the existing EPIC028 acceptance and QA evidence family without reopening implementation scope, changing QA verdicts, or making merge-provenance claims.
  2493	
  2494	OPS-02 closes the remaining venue-provenance gap without reopening implementation scope or rerunning the full QA stream: the governed binding stays anchored on `audit/qa/hde-epic028/checks/po-010/final_summary.txt` and its companion `primary.log`, and the provenance family adds `audit/ops/hde-epic028/ops-02/codespaces_harness_binding.md` and `audit/ops/hde-epic028/ops-02/codespaces_harness_binding.md.path_proof.txt`.
  2495	
  2496	These accepted closeout artifacts resolve the earlier EPIC028 caveats around formal close-pack surfacing and Codespaces venue provenance. Task posture remains **Partial** because `HDE-CONJ009.1` is still **Not done**.
  2497	
  2498	### Subtask HDE-CONJ009.1 — Canonical JSON invariants (all surfaces)
  2499	
  2500	**Subtask name/label:** Canonical JSON invariants enforcement
  2501	
  2502	**Subtask description:**  
  2503	 Enforce canonical JSON invariants (encoding, key order, compactness, LF, set ordering) for all surfaces that emit JSON, using the single shared emitter.
  2504	
  2505	**Subtask status:** **Not done**
  2506	
  2507	**Epic or card:** **Unknown**
  2508	
  2509	**Tokens:**
  2510	
  2511	`JSON_CANONICAL_CHECK_OK`
  2512	
  2513	**Evidence / artifacts:**
  2514	
  2515	Canonical-compare logs across phases (various `canonical_json/*.log` and `json_canon_compare` artifacts).
  2516	
  2517	### Subtask HDE-CONJ009.2 — Global Index/Mirror discipline
  2518	
  2519	**Subtask name/label:** Global Evidence Index & Mirror enforcement
  2520	
  2521	**Subtask description:**  
  2522	 Ensure that whenever any artifacts are added or changed, the Evidence Index and Machine Mirror are updated in the same PR, with canonical JSONL, unknown-key reject, and path-proofs in place.
  2523	
  2524	**Subtask status:** **Done**
  2525	
     1	# HDE-EPIC029 PR-01 — Conjunction JSON Surface Inventory (Bounded)
     2	
     3	## Scope guard (PF09.4 / HDE-CONJ009.1)
     4	
     5	This inventory is intentionally bounded to conjunction JSON-emitting loci that are already repo-proven and in-scope for PR-01.
     6	
     7	Included loci (minimum required):
     8	- `/reader`
     9	- `/dev/writer/conjunction`
    10	- `/internal/dev/sampler`
    11	
    12	Additional conjunction loci were included only when already repo-proven and in the same bounded conjunction family.
    13	No new routes, no new proof surfaces, and no alternate serializer/emitter paths are introduced by this inventory.
    14	
    15	## Single-emitter verification checklist
    16	
    17	Canonical shared emitter: `engine.presenter.emitter.emit_public` (delegates to `engine.serializer.canon.sercanon`).
    18	
    19	### 1) `/reader` (GET)
    20	- Route defined in `adapter/http_reader.py` as `@bp.get("/reader")`.
    21	- Success bytes are emitted by `emit_fn(...)`; the default `emit_fn` is `engine.runtime.emit_reader_public_bytes`.
    22	- `engine.runtime.emit_reader_public_bytes` emits through `emit_public_envelope(...)`, which calls the shared emitter `emit_public`.
    23	- Result: **uses single shared emitter path**.
    24	
    25	### 2) `/dev/writer/conjunction` (GET)
    26	- Route defined in `adapter/http_reader.py` as `@bp.get("/dev/writer/conjunction")`.
    27	- Handler calls `_emit_dev_writer_conjunction_response()`, which returns `_emit_writer_response(...)`.
    28	- `_emit_writer_response(...)` builds response bytes with `emit_public(envelope, sort_keys=...)`.
    29	- Result: **uses single shared emitter path**.
    30	
    31	### 3) `/internal/dev/sampler` (POST)
    32	- Route defined in `adapter/http_reader.py` as `@bp.route("/internal/dev/sampler", methods=["POST"], ...)`.
    33	- Handler `dev_sampler_internal()` returns bytes via `body = emit_public(response_payload, sort_keys=True)`.
    34	- Result: **uses single shared emitter path**.
    35	
    36	### 4) Additional bounded conjunction loci (repo-proven, same family)
    37	
    38	#### `/dev/sampler/conjunction` (GET)
    39	- Route calls `_emit_conjunction_response()`.
    40	- `_emit_conjunction_response()` returns `body = emit_public(payload, sort_keys=True)`.
    41	- Result: **uses single shared emitter path**.
    42	
    43	#### `/dev/reader/conjunction` (GET)
    44	- Route calls `_emit_conjunction_response()`.
    45	- `_emit_conjunction_response()` returns `body = emit_public(payload, sort_keys=True)`.
    46	- Result: **uses single shared emitter path**.
    47	
    48	## Conclusion (PR-01 bounded outcome)
    49	
    50	All inventoried conjunction JSON-emitting loci in this bounded PR-01 scope route through the single shared canonical emitter (`emit_public` -> `sercanon`).
    51	
    52	No in-place emitter fix was needed for the inventoried loci.
     1	# HDE-EPIC029 Token ↔ Evidence Matrix
     2	
     3	| token_name | owner_pf | evidence_artifacts | ci_tests_jobs | qa_root_logs | status | notes |
     4	| --- | --- | --- | --- | --- | --- | --- |
     5	| DOC_DELTA_PRESENT_OK | PF04 — HDE Governance §2.0.0 | audit/docdeltas/hde-epic029_doc_deltas.md; audit/docdeltas/hde-epic029_drain_targets.md | Bound by close-pack generator outputs | acceptance_map_viability.log | Implemented | Doc-delta and drain-target ledgers are generated and bound for this close pack. |
     6	| EVIDENCE_INDEX_UPDATED_OK | PF12 — Schemas & Artifacts §Evidence Index | docs/evidence/INDEX.json | tools/evidence/update_evidence_index.py | acceptance_map_viability.log | Implemented | Human evidence index is refreshed in lockstep with governed artifacts. |
     7	| MACHINE_MIRROR_UPDATED_OK | PF12 — Schemas & Artifacts §Evidence Mirror | artifacts/evidence_index.jsonl | tools/evidence/update_evidence_index.py | acceptance_map_viability.log | Implemented | Machine mirror is refreshed in lockstep with the human index. |
     8	| EVIDENCE_INDEX_HASH_OK | PF12 — Schemas & Artifacts §Evidence Hash Discipline | docs/evidence/INDEX.sha256; artifacts/evidence_index.jsonl.sha256 | tools/evidence/update_evidence_index.py | acceptance_map_viability.log | Implemented | Index and mirror hash sidecars are regenerated with canonical tooling. |
     9	| ENV_RAILS_POLICY_OK | PF10 — HDE Build Notes §Closed Rails | artifacts/proofs/env_pins.txt | ci/checks/check_env_pins.sh (via sanity pipeline) | acceptance_map_viability.log | Implemented | Determinism env pins evidence remains present for closed-rails posture. |
    10	| JSON_CANONICAL_CHECK_OK | PF10 — HDE Build Notes §Canonical JSON Gate | audit/gates/json_gate/canonical/json_gate_structured_record.json; audit/gates/canonical_json/json_canonical_check.log | tools/evidence/run_canonical_json_gate.py (governed) | acceptance_map_viability.log | Implemented | Canonical JSON gate evidence is bound without introducing new token names. |
    11	| TESTS_PASS_OK | PF19 — Glow QA Guide §QA Rails | audit/qa/hde-epic029/checks/po-epic-close-live-qa/primary.log | Existing epic-close live QA output only | acceptance_map_viability.log | Planned | Deferred: required live QA primary log is missing; no pass claim synthesized. |
    12	| QA_PRECOMMIT_CHECKLIST_OK | PF19 — Glow QA Guide §QA Rails | audit/qa/hde-epic029/checks/po-precommit/primary.log | Existing precommit checklist output only | acceptance_map_viability.log | Planned | Deferred: required precommit primary log is missing; no pass claim synthesized. |
    13	| QA_POSTCOMMIT_CHECKLIST_OK | PF19 — Glow QA Guide §QA Rails | audit/qa/hde-epic029/checks/po-postcommit/primary.log | Existing postcommit checklist output only | acceptance_map_viability.log | Planned | Deferred: required postcommit primary log is missing; no pass claim synthesized. |
    14	
    15	## PF09 scope bindings (status-only; not acceptance tokens)
    16	
    17	- `HDE-CONJ009` / `HDE-CONJ009.1`: bound via `audit/qa/hde-epic029/00_meta/conjunction_json_surface_inventory.md`.
    18	- `HDE-CONJ008` / `HDE-CONJ008.1`: bound via `artifacts/writer/conjunction_write_readback.log` and `artifacts/writer/conjunction_writer_summary.json`.
    19	- `HDE-CONJ001` / `HDE-CONJ001.4`: bound via OPS disposition; remains not done while codespaces/local_dev are not yet closed.
     1	[success]
     2	status: 200
     3	cache-control: no-store
     4	content-length: 35
     5	content-type: application/json; charset=utf-8
     6	
     7	[error]
     8	status: 401
     9	cache-control: no-store
    10	content-length: 93
    11	content-type: application/json; charset=utf-8
    12	www-authenticate: Bearer
     1	codespaces: not yet closed - remediation rerun recorded gating_discrepancy observed (APP_ENV=prod did not return 403) in stdout.log.
     2	local_dev: not yet closed - PF07 published DEV_SAMPLER_URL=http://127.0.0.1:8000/internal/dev/sampler, but OPS results recorded step creation and AI data indexing failure.
