harmony.cool.shared.1 TEXT
harmony.cool.personal.1 SUPP duplicate
harmony.open.shared.1 TEXT
harmony.open.personal.1 SUPP duplicate
harmony.warm.shared.1 TEXT
harmony.warm.personal.1 SUPP duplicate
harmony.glow.shared.1 TEXT
harmony.glow.personal.1 SUPP duplicate
heat.cool.shared.1 TEXT
heat.cool.personal.1 SUPP duplicate
heat.open.shared.1 TEXT
heat.open.personal.1 SUPP duplicate
heat.warm.shared.1 TEXT
heat.warm.personal.1 SUPP duplicate
heat.glow.shared.1 TEXT
heat.glow.personal.1 SUPP duplicate
communication.cool.shared.1 TEXT
communication.cool.personal.1 SUPP duplicate
communication.open.shared.1 TEXT
communication.open.personal.1 SUPP duplicate
communication.warm.shared.1 TEXT
communication.warm.personal.1 SUPP duplicate
communication.glow.shared.1 TEXT
communication.glow.personal.1 SUPP duplicate
alignment.cool.shared.1 TEXT
alignment.cool.personal.1 SUPP duplicate
alignment.open.shared.1 TEXT
alignment.open.personal.1 SUPP duplicate
alignment.warm.shared.1 TEXT
alignment.warm.personal.1 SUPP duplicate
alignment.glow.shared.1 TEXT
alignment.glow.personal.1 SUPP duplicate
comfort.cool.shared.1 TEXT
comfort.cool.personal.1 SUPP duplicate
comfort.open.shared.1 TEXT
comfort.open.personal.1 SUPP duplicate
comfort.warm.shared.1 TEXT
comfort.warm.personal.1 SUPP duplicate
comfort.glow.shared.1 TEXT
comfort.glow.personal.1 SUPP duplicate
consistency.cool.shared.1 TEXT
consistency.cool.personal.1 SUPP duplicate
consistency.open.shared.1 TEXT
consistency.open.personal.1 SUPP duplicate
consistency.warm.shared.1 TEXT
consistency.warm.personal.1 SUPP duplicate
consistency.glow.shared.1 TEXT
consistency.glow.personal.1 SUPP duplicate
expansion.cool.shared.1 TEXT
expansion.cool.personal.1 SUPP duplicate
expansion.open.shared.1 TEXT
expansion.open.personal.1 SUPP duplicate
expansion.warm.shared.1 TEXT
expansion.warm.personal.1 SUPP duplicate
expansion.glow.shared.1 TEXT
expansion.glow.personal.1 SUPP duplicate
creativity.cool.shared.1 TEXT
creativity.cool.personal.1 SUPP duplicate
creativity.open.shared.1 TEXT
creativity.open.personal.1 SUPP duplicate
creativity.warm.shared.1 TEXT
creativity.warm.personal.1 SUPP duplicate
creativity.glow.shared.1 TEXT
creativity.glow.personal.1 SUPP duplicate
drive.cool.shared.1 SUPP duplicate
drive.cool.personal.1 SUPP duplicate
drive.open.shared.1 SUPP duplicate
drive.open.personal.1 SUPP duplicate
drive.warm.shared.1 SUPP duplicate
drive.warm.personal.1 SUPP duplicate
drive.glow.shared.1 SUPP duplicate
drive.glow.personal.1 SUPP duplicate
balance.cool.shared.1 SUPP duplicate
balance.cool.personal.1 SUPP duplicate
balance.open.shared.1 SUPP duplicate
balance.open.personal.1 SUPP duplicate
balance.warm.shared.1 SUPP duplicate
balance.warm.personal.1 SUPP duplicate
balance.glow.shared.1 SUPP duplicate
balance.glow.personal.1 SUPP duplicate
