{"captured_env": {"ALLOW_NETWORK": "0", "APP_ENV": "dev", "LANG": "C", "LC_ALL": "C", "SAFE_MODE": "1", "TZ": "UTC"}, "check_id": "po-003", "check_name": "PO-003", "claimed_tokens": [], "command": "python audit/qa/hde-epic032/00_meta/live_qa_harness.py po-003", "command_provenance": "Copy/paste from plan", "evidence_artifacts": ["audit/qa/hde-epic032/checks/po-003/primary.log", "audit/qa/hde-epic032/checks/po-003/primary.log.path_proof.txt", "audit/qa/hde-epic032/checks/po-003/result.json"], "exit_code": 0, "fail_status": "", "intended_tokens": [], "pf_refs": ["PF10 - HDE-Build Notes", "PF19 - Glow QA Guide", "PF27 - Canon Plan Templates"], "schema_version": "pf27.step_log_header.v1", "status": "PASS", "timestamp_utc": "2026-05-21T14:53:55Z"}
{
  "app_env_gate_visible": true,
  "behavior_failures": [],
  "check_id": "po-003",
  "checked_at_utc": "2026-05-21T14:53:55Z",
  "keys_only_marker": true,
  "rails": {
    "ALLOW_NETWORK": "0",
    "APP_ENV": "dev",
    "LANG": "C",
    "LC_ALL": "C",
    "SAFE_MODE": "1",
    "TZ": "UTC"
  },
  "reader_route_visible": true,
  "required_missing": [],
  "schema": "hde_epic032.po_003.v1",
  "status": "PASS"
}
