{"schema_version": "pf27.step_log_header.v1", "timestamp_utc": "2026-07-08T18:23:51Z", "check_id": "po-008", "check_name": "PO-008 — The governed proof record must coherently bind the implementation slices, live-vendor validation, nonclaims, and parent support statement without overstating what was proven.", "status": "FAIL_BEHAVIOR", "fail_status": "FAIL_BEHAVIOR", "command": "parent binding check; evidence index check; nonclaim boundary inspection", "command_provenance": "Approved Plan and live repo validation", "exit_code": 1, "evidence_artifacts": ["audit/qa/hde-epic037/checks/po-008/parent_stdout.log", "audit/qa/hde-epic037/checks/po-008/parent_stderr.log", "audit/qa/hde-epic037/checks/po-008/parent_exit_code.txt", "audit/qa/hde-epic037/checks/po-008/index_stdout.log", "audit/qa/hde-epic037/checks/po-008/index_stderr.log", "audit/qa/hde-epic037/checks/po-008/index_exit_code.txt", "audit/qa/hde-epic037/checks/po-008/nonclaim_exit_code.txt"], "captured_env": {"SAFE_MODE": "1", "ALLOW_NETWORK": "0", "APP_ENV": "dev", "LC_ALL": "C", "LANG": "C", "TZ": "UTC"}, "pf_refs": ["PF10 — HDE-Build Notes", "PF05 — HDE CLI/API Vendor Reference", "PF02 — HDE Architecture"], "intended_tokens": ["EVIDENCE_INDEX_UPDATED_OK", "MACHINE_MIRROR_UPDATED_OK", "EVIDENCE_INDEX_HASH_OK", "EVIDENCE_INDEX_MIRROR_OK", "EVIDENCE_PATH_PROOFS_OK"], "claimed_tokens": []}

## repo_status_before.log
pwd_before=/workspaces/glow-hdengine-v2
head_before=a2b3693945221591b61474eadfea6d30669de0f9
branch_before=main
status_before_begin
?? audit/qa/hde-epic037/checks/po-008/
status_before_end

## preflight_stdout.log
missing=

## parent_stdout.log
checked HDE-EPIC037 PR-05 parent-binding artifacts

## parent_stderr.log

## index_stdout.log
[evidence-index] env pins: ALLOW_NETWORK=0,LANG=C,LC_ALL=C,SAFE_MODE=1,TZ=UTC
missing=

## index_stderr.log
PROOF_MTIME_FUTURE:audit/gates/narratives/keys_10x4.table.json.path_proof.txt

## repo_status_after.log
pwd_after=/workspaces/glow-hdengine-v2
head_after=a2b3693945221591b61474eadfea6d30669de0f9
branch_after=main
status_after_begin
?? audit/qa/hde-epic037/checks/po-008/
status_after_end

## predicate_notes
preflight_exit=0
parent_exit=0
index_exit=1
nonclaim_exit=0
repo_before_exit=0
repo_after_exit=0
