pwd_before=/workspaces/glow-hdengine-v2
head_before=da0028883045bc482bd28d3fd81dcd3e3efaba28
branch_before=main
status_before_begin
 M AGENTS.md
 M audit/qa/hde-epic037/checks/po-008/nonclaim_exit_code.txt
 M audit/qa/hde-epic037/checks/po-008/preflight_stdout.log
 M audit/qa/hde-epic037/checks/po-008/primary.log
 M audit/qa/hde-epic037/checks/po-008/repo_status_after.log
 M audit/qa/hde-epic037/checks/po-008/repo_status_before.log
?? audit/qa/hde-epic037/checks/po-008/exit_code.txt
?? audit/qa/hde-epic037/checks/po-008/index_check_exit_code.txt
?? audit/qa/hde-epic037/checks/po-008/index_check_stderr.log
?? audit/qa/hde-epic037/checks/po-008/index_check_stdout.log
?? audit/qa/hde-epic037/checks/po-008/mirror_schema_exit_code.txt
?? audit/qa/hde-epic037/checks/po-008/mirror_schema_stderr.log
?? audit/qa/hde-epic037/checks/po-008/mirror_schema_stdout.log
?? audit/qa/hde-epic037/checks/po-008/nonclaim_stderr.log
?? audit/qa/hde-epic037/checks/po-008/nonclaim_stdout.log
?? audit/qa/hde-epic037/checks/po-008/orientation_check_exit_code.txt
?? audit/qa/hde-epic037/checks/po-008/orientation_check_stderr.log
?? audit/qa/hde-epic037/checks/po-008/orientation_check_stdout.log
status_before_end
